Archive member included because of file (symbol)

..\..\..\libs\libarm_cortexM4lf_math.a(arm_fill_q15.o)
                              ..\obj\audio_driver.o (arm_fill_q15)
..\..\..\libs\libarm_cortexM4lf_math.a(arm_copy_f32.o)
                              ..\obj\audio_driver.o (arm_copy_f32)
..\..\..\libs\libarm_cortexM4lf_math.a(arm_min_f32.o)
                              ..\obj\audio_driver.o (arm_min_f32)
..\..\..\libs\libarm_cortexM4lf_math.a(arm_mean_f32.o)
                              ..\obj\audio_driver.o (arm_mean_f32)
..\..\..\libs\libarm_cortexM4lf_math.a(arm_max_q15.o)
                              ..\obj\ui_driver.o (arm_max_q15)
..\..\..\libs\libarm_cortexM4lf_math.a(arm_max_f32.o)
                              ..\obj\audio_driver.o (arm_max_f32)
..\..\..\libs\libarm_cortexM4lf_math.a(arm_rfft_q15.o)
                              ..\obj\ui_driver.o (arm_rfft_q15)
..\..\..\libs\libarm_cortexM4lf_math.a(arm_rfft_init_q15.o)
                              ..\obj\ui_driver.o (arm_rfft_init_q15)
..\..\..\libs\libarm_cortexM4lf_math.a(arm_cfft_radix4_q15.o)
                              ..\..\..\libs\libarm_cortexM4lf_math.a(arm_rfft_q15.o) (arm_radix4_butterfly_q15)
..\..\..\libs\libarm_cortexM4lf_math.a(arm_cfft_radix4_init_q15.o)
                              ..\..\..\libs\libarm_cortexM4lf_math.a(arm_rfft_init_q15.o) (arm_cfft_radix4_init_q15)
..\..\..\libs\libarm_cortexM4lf_math.a(arm_lms_norm_init_f32.o)
                              ..\obj\audio_driver.o (arm_lms_norm_init_f32)
..\..\..\libs\libarm_cortexM4lf_math.a(arm_lms_norm_f32.o)
                              ..\obj\audio_driver.o (arm_lms_norm_f32)
..\..\..\libs\libarm_cortexM4lf_math.a(arm_iir_lattice_f32.o)
                              ..\obj\audio_driver.o (arm_iir_lattice_f32)
..\..\..\libs\libarm_cortexM4lf_math.a(arm_fir_interpolate_f32.o)
                              ..\obj\audio_driver.o (arm_fir_interpolate_f32)
..\..\..\libs\libarm_cortexM4lf_math.a(arm_fir_init_f32.o)
                              ..\obj\ui_driver.o (arm_fir_init_f32)
..\..\..\libs\libarm_cortexM4lf_math.a(arm_fir_f32.o)
                              ..\obj\audio_driver.o (arm_fir_f32)
..\..\..\libs\libarm_cortexM4lf_math.a(arm_fir_decimate_f32.o)
                              ..\obj\audio_driver.o (arm_fir_decimate_f32)
..\..\..\libs\libarm_cortexM4lf_math.a(arm_cmplx_mag_q15.o)
                              ..\obj\ui_driver.o (arm_cmplx_mag_q15)
..\..\..\libs\libarm_cortexM4lf_math.a(arm_sqrt_q15.o)
                              ..\..\..\libs\libarm_cortexM4lf_math.a(arm_cmplx_mag_q15.o) (arm_sqrt_q15)
..\..\..\libs\libarm_cortexM4lf_math.a(arm_sin_f32.o)
                              ..\obj\audio_driver.o (arm_sin_f32)
..\..\..\libs\libarm_cortexM4lf_math.a(arm_cos_f32.o)
                              ..\obj\audio_driver.o (arm_cos_f32)
..\..\..\libs\libarm_cortexM4lf_math.a(arm_sub_f32.o)
                              ..\obj\audio_driver.o (arm_sub_f32)
..\..\..\libs\libarm_cortexM4lf_math.a(arm_shift_q15.o)
                              ..\obj\ui_driver.o (arm_shift_q15)
..\..\..\libs\libarm_cortexM4lf_math.a(arm_scale_f32.o)
                              ..\obj\audio_driver.o (arm_scale_f32)
..\..\..\libs\libarm_cortexM4lf_math.a(arm_mult_f32.o)
                              ..\obj\audio_driver.o (arm_mult_f32)
..\..\..\libs\libarm_cortexM4lf_math.a(arm_add_f32.o)
                              ..\obj\audio_driver.o (arm_add_f32)
..\..\..\libs\libarm_cortexM4lf_math.a(arm_common_tables.o)
                              ..\..\..\libs\libarm_cortexM4lf_math.a(arm_sqrt_q15.o) (armRecipTableQ15)
..\..\..\libs\libm.a(lib_a-s_pow10.o)
                              ..\obj\ui_driver.o (pow10)
..\..\..\libs\libm.a(lib_a-sf_ceil.o)
                              ..\obj\ui_si570.o (ceilf)
..\..\..\libs\libm.a(lib_a-sf_floor.o)
                              ..\obj\ui_si570.o (floorf)
..\..\..\libs\libm.a(lib_a-sf_trunc.o)
                              ..\obj\ui_driver.o (truncf)
..\..\..\libs\libm.a(lib_a-w_pow.o)
                              ..\..\..\libs\libm.a(lib_a-s_pow10.o) (pow)
..\..\..\libs\libm.a(lib_a-w_sqrt.o)
                              ..\obj\ui_driver.o (sqrt)
..\..\..\libs\libm.a(lib_a-wf_log10.o)
                              ..\obj\codec.o (log10f)
..\..\..\libs\libm.a(lib_a-wf_pow.o)
                              ..\obj\audio_driver.o (powf)
..\..\..\libs\libm.a(lib_a-wf_sqrt.o)
                              ..\obj\audio_driver.o (sqrtf)
..\..\..\libs\libm.a(lib_a-e_pow.o)
                              ..\..\..\libs\libm.a(lib_a-w_pow.o) (__ieee754_pow)
..\..\..\libs\libm.a(lib_a-e_sqrt.o)
                              ..\..\..\libs\libm.a(lib_a-w_sqrt.o) (__ieee754_sqrt)
..\..\..\libs\libm.a(lib_a-ef_log10.o)
                              ..\..\..\libs\libm.a(lib_a-wf_log10.o) (__ieee754_log10f)
..\..\..\libs\libm.a(lib_a-ef_pow.o)
                              ..\..\..\libs\libm.a(lib_a-wf_pow.o) (__ieee754_powf)
[...]
Memory Configuration

Name             Origin             Length             Attributes
rom              0x08010000         0x00070000         xr
ram              0x20000000         0x00020000         xrw
ram1             0x10000000         0x00010000         xrw
*default*        0x00000000         0xffffffff

Linker script and memory map

LOAD c:/program files (x86)/gnu tools arm embedded/4.7 2014q2/bin/../lib/gcc/arm-none-eabi/4.7.4/armv7e-m/fpu/crti.o
LOAD c:/program files (x86)/gnu tools arm embedded/4.7 2014q2/bin/../lib/gcc/arm-none-eabi/4.7.4/armv7e-m/fpu/crtbegin.o
LOAD c:/program files (x86)/gnu tools arm embedded/4.7 2014q2/bin/../lib/gcc/arm-none-eabi/4.7.4/../../../../arm-none-eabi/lib/armv7e-m/fpu/crt0.o
                0x20020000                _eram = 0x20020000

.text           0x08010000    0x3e598
 *(.isr_vector)
 .isr_vector    0x08010000      0x188 ..\obj\startup_stm32f4xx.o
                0x08010000                g_pfnVectors
 *(.text*)
 .text          0x08010188       0x54 c:/program files (x86)/gnu tools arm embedded/4.7 2014q2/bin/../lib/gcc/arm-none-eabi/4.7.4/armv7e-m/fpu/crtbegin.o
 .text.SYSCFG_EXTILineConfig
                0x080101dc       0xb0 ..\obj\stm32f4xx_syscfg.o
                0x080101dc                SYSCFG_EXTILineConfig
 .text.USB_OTG_EnableCommonInt
                0x0801028c       0x44 ..\obj\usb_core.o
 .text.USB_OTG_CoreReset
                0x080102d0       0xa8 ..\obj\usb_core.o
 .text.USB_OTG_WritePacket
                0x08010378       0x84 ..\obj\usb_core.o
                0x08010378                USB_OTG_WritePacket
 .text.USB_OTG_ReadPacket
                0x080103fc       0x68 ..\obj\usb_core.o
                0x080103fc                USB_OTG_ReadPacket
 .text.USB_OTG_SelectCore
                0x08010464      0x1b4 ..\obj\usb_core.o
                0x08010464                USB_OTG_SelectCore
 .text.USB_OTG_CoreInit
                0x08010618      0x150 ..\obj\usb_core.o
                0x08010618                USB_OTG_CoreInit
 .text.USB_OTG_EnableGlobalInt
                0x08010768       0x3c ..\obj\usb_core.o
                0x08010768                USB_OTG_EnableGlobalInt
 .text.USB_OTG_DisableGlobalInt
                0x080107a4       0x40 ..\obj\usb_core.o
                0x080107a4                USB_OTG_DisableGlobalInt
 .text.USB_OTG_FlushTxFifo
                0x080107e4       0x80 ..\obj\usb_core.o
                0x080107e4                USB_OTG_FlushTxFifo
 .text.USB_OTG_FlushRxFifo
                0x08010864       0x6c ..\obj\usb_core.o
                0x08010864                USB_OTG_FlushRxFifo
 .text.USB_OTG_SetCurrentMode
                0x080108d0       0x64 ..\obj\usb_core.o
                0x080108d0                USB_OTG_SetCurrentMode
 .text.USB_OTG_GetMode
                0x08010934       0x20 ..\obj\usb_core.o
                0x08010934                USB_OTG_GetMode
 .text.USB_OTG_IsDeviceMode
                0x08010954       0x24 ..\obj\usb_core.o
                0x08010954                USB_OTG_IsDeviceMode
 .text.USB_OTG_ReadCoreItr
                0x08010978       0x30 ..\obj\usb_core.o
                0x08010978                USB_OTG_ReadCoreItr
 .text.USB_OTG_CoreInitDev
                0x080109a8      0x240 ..\obj\usb_core.o
                0x080109a8                USB_OTG_CoreInitDev
 .text.USB_OTG_EnableDevInt
                0x08010be8       0xa4 ..\obj\usb_core.o
                0x08010be8                USB_OTG_EnableDevInt
 .text.USB_OTG_GetDeviceSpeed
                0x08010c8c       0x50 ..\obj\usb_core.o
                0x08010c8c                USB_OTG_GetDeviceSpeed
 .text.USB_OTG_EP0Activate
                0x08010cdc       0x80 ..\obj\usb_core.o
                0x08010cdc                USB_OTG_EP0Activate
 .text.USB_OTG_EPActivate
                0x08010d5c       0xf8 ..\obj\usb_core.o
                0x08010d5c                USB_OTG_EPActivate
 .text.USB_OTG_EPDeactivate
                0x08010e54       0xa4 ..\obj\usb_core.o
                0x08010e54                USB_OTG_EPDeactivate
 .text.USB_OTG_EPStartXfer
                0x08010ef8      0x2d0 ..\obj\usb_core.o
                0x08010ef8                USB_OTG_EPStartXfer
 .text.USB_OTG_EP0StartXfer
                0x080111c8      0x200 ..\obj\usb_core.o
                0x080111c8                USB_OTG_EP0StartXfer
 .text.USB_OTG_EPSetStall
                0x080113c8       0x94 ..\obj\usb_core.o
                0x080113c8                USB_OTG_EPSetStall
 .text.USB_OTG_EPClearStall
                0x0801145c       0x84 ..\obj\usb_core.o
                0x0801145c                USB_OTG_EPClearStall
 .text.USB_OTG_ReadDevAllOutEp_itr
                0x080114e0       0x30 ..\obj\usb_core.o
                0x080114e0                USB_OTG_ReadDevAllOutEp_itr
 .text.USB_OTG_ReadDevOutEP_itr
                0x08011510       0x3c ..\obj\usb_core.o
                0x08011510                USB_OTG_ReadDevOutEP_itr
 .text.USB_OTG_ReadDevAllInEPItr
                0x0801154c       0x34 ..\obj\usb_core.o
                0x0801154c                USB_OTG_ReadDevAllInEPItr
 .text.USB_OTG_EP0_OutStart
                0x08011580       0x78 ..\obj\usb_core.o
                0x08011580                USB_OTG_EP0_OutStart
 .text.UiRotaryFreqEncoderInit
                0x080115f8       0xd8 ..\obj\ui_rotary.o
                0x080115f8                UiRotaryFreqEncoderInit
 .text.UiRotaryEncoderOneInit
                0x080116d0       0xd8 ..\obj\ui_rotary.o
                0x080116d0                UiRotaryEncoderOneInit
 .text.UiRotaryEncoderTwoInit
                0x080117a8       0xd8 ..\obj\ui_rotary.o
                0x080117a8                UiRotaryEncoderTwoInit
 .text.UiRotaryEncoderThreeInit
                0x08011880       0xd8 ..\obj\ui_rotary.o
                0x08011880                UiRotaryEncoderThreeInit
 .text.USBD_USR_Init
                0x08011958        0xc ..\obj\usbd_usr.o
                0x08011958                USBD_USR_Init
 .text.USBD_USR_DeviceReset
                0x08011964       0x20 ..\obj\usbd_usr.o
                0x08011964                USBD_USR_DeviceReset
 .text.USBD_USR_DeviceConfigured
                0x08011984        0xc ..\obj\usbd_usr.o
                0x08011984                USBD_USR_DeviceConfigured
 .text.USBD_USR_DeviceSuspended
                0x08011990        0xc ..\obj\usbd_usr.o
                0x08011990                USBD_USR_DeviceSuspended
 .text.USBD_USR_DeviceResumed
                0x0801199c        0xc ..\obj\usbd_usr.o
                0x0801199c                USBD_USR_DeviceResumed
 .text.USBD_USR_DeviceConnected
                0x080119a8        0xc ..\obj\usbd_usr.o
                0x080119a8                USBD_USR_DeviceConnected
 .text.USBD_USR_DeviceDisconnected
                0x080119b4        0xc ..\obj\usbd_usr.o
                0x080119b4                USBD_USR_DeviceDisconnected
 .text.WaitSR1FlagsSet
                0x080119c0       0x5c ..\obj\mchf_hw_i2c.o
 .text.WaitLineIdle
                0x08011a1c       0x50 ..\obj\mchf_hw_i2c.o
 .text.mchf_hw_i2c_init
                0x08011a6c       0xc8 ..\obj\mchf_hw_i2c.o
                0x08011a6c                mchf_hw_i2c_init
 .text.mchf_hw_i2c_WriteRegister
                0x08011b34      0x27c ..\obj\mchf_hw_i2c.o
                0x08011b34                mchf_hw_i2c_WriteRegister
 .text.mchf_hw_i2c_WriteBlock
                0x08011db0      0x2a0 ..\obj\mchf_hw_i2c.o
                0x08011db0                mchf_hw_i2c_WriteBlock
 .text.mchf_hw_i2c_ReadRegister
                0x08012050      0x394 ..\obj\mchf_hw_i2c.o
                0x08012050                mchf_hw_i2c_ReadRegister
 .text.mchf_hw_i2c_ReadData
                0x080123e4      0x4c8 ..\obj\mchf_hw_i2c.o
                0x080123e4                mchf_hw_i2c_ReadData
 .text.TIM2_IRQHandler
                0x080128ac        0xc ..\obj\keyb_driver.o
                0x080128ac                TIM2_IRQHandler
 .text.OTG_HS_IRQHandler
                0x080128b8        0xc ..\obj\keyb_driver.o
                0x080128b8                OTG_HS_IRQHandler
 .text.DAC_Init
                0x080128c4       0x74 ..\obj\stm32f4xx_dac.o
                0x080128c4                DAC_Init
 .text.DAC_Cmd  0x08012938       0x64 ..\obj\stm32f4xx_dac.o
                0x08012938                DAC_Cmd
 .text.DAC_SetChannel1Data
                0x0801299c       0x38 ..\obj\stm32f4xx_dac.o
                0x0801299c                DAC_SetChannel1Data
 .text.DAC_SetChannel2Data
                0x080129d4       0x38 ..\obj\stm32f4xx_dac.o
                0x080129d4                DAC_SetChannel2Data
 .text.Default_Reset_Handler
                0x08012a0c       0x80 ..\obj\startup_stm32f4xx.o
                0x08012a0c                Default_Reset_Handler
                0x08012a0c                Reset_Handler
 .text.Default_Handler
                0x08012a8c        0x8 ..\obj\startup_stm32f4xx.o
                0x08012a8c                RTC_Alarm_IRQHandler
                0x08012a8c                HASH_RNG_IRQHandler
                0x08012a8c                EXTI2_IRQHandler
                0x08012a8c                TIM8_CC_IRQHandler
                0x08012a8c                TIM1_CC_IRQHandler
                0x08012a8c                DMA2_Stream5_IRQHandler
                0x08012a8c                DMA1_Stream5_IRQHandler
                0x08012a8c                PVD_IRQHandler
                0x08012a8c                SDIO_IRQHandler
                0x08012a8c                TAMP_STAMP_IRQHandler
                0x08012a8c                PendSV_Handler
                0x08012a8c                CAN2_RX1_IRQHandler
                0x08012a8c                EXTI3_IRQHandler
                0x08012a8c                TIM8_TRG_COM_TIM14_IRQHandler
                0x08012a8c                TIM1_UP_TIM10_IRQHandler
                0x08012a8c                TIM8_UP_TIM13_IRQHandler
                0x08012a8c                I2C3_ER_IRQHandler
                0x08012a8c                I2C2_EV_IRQHandler
                0x08012a8c                CAN1_RX0_IRQHandler
                0x08012a8c                FPU_IRQHandler
                0x08012a8c                OTG_HS_WKUP_IRQHandler
                0x08012a8c                CAN2_SCE_IRQHandler
                0x08012a8c                DMA2_Stream2_IRQHandler
                0x08012a8c                SPI1_IRQHandler
                0x08012a8c                TIM6_DAC_IRQHandler
                0x08012a8c                TIM1_BRK_TIM9_IRQHandler
                0x08012a8c                DCMI_IRQHandler
                0x08012a8c                CAN2_RX0_IRQHandler
                0x08012a8c                DMA2_Stream3_IRQHandler
                0x08012a8c                USART6_IRQHandler
                0x08012a8c                USART3_IRQHandler
                0x08012a8c                CRYP_IRQHandler
                0x08012a8c                CAN1_RX1_IRQHandler
                0x08012a8c                UART5_IRQHandler
                0x08012a8c                DMA2_Stream0_IRQHandler
                0x08012a8c                TIM4_IRQHandler
                0x08012a8c                I2C1_EV_IRQHandler
                0x08012a8c                DMA1_Stream6_IRQHandler
                0x08012a8c                DMA1_Stream1_IRQHandler
                0x08012a8c                UART4_IRQHandler
                0x08012a8c                TIM3_IRQHandler
                0x08012a8c                RCC_IRQHandler
                0x08012a8c                TIM8_BRK_TIM12_IRQHandler
                0x08012a8c                ADC_IRQHandler
                0x08012a8c                DMA1_Stream7_IRQHandler
                0x08012a8c                TIM7_IRQHandler
                0x08012a8c                CAN2_TX_IRQHandler
                0x08012a8c                TIM5_IRQHandler
                0x08012a8c                DMA2_Stream7_IRQHandler
                0x08012a8c                I2C3_EV_IRQHandler
                0x08012a8c                EXTI9_5_IRQHandler
                0x08012a8c                RTC_WKUP_IRQHandler
                0x08012a8c                ETH_WKUP_IRQHandler
                0x08012a8c                SPI2_IRQHandler
                0x08012a8c                OTG_HS_EP1_IN_IRQHandler
                0x08012a8c                DMA1_Stream0_IRQHandler
                0x08012a8c                CAN1_TX_IRQHandler
                0x08012a8c                EXTI4_IRQHandler
                0x08012a8c                FSMC_IRQHandler
                0x08012a8c                ETH_IRQHandler
                0x08012a8c                OTG_HS_EP1_OUT_IRQHandler
                0x08012a8c                WWDG_IRQHandler
                0x08012a8c                OTG_FS_WKUP_IRQHandler
                0x08012a8c                TIM1_TRG_COM_TIM11_IRQHandler
                0x08012a8c                USART2_IRQHandler
                0x08012a8c                I2C2_ER_IRQHandler
                0x08012a8c                DMA2_Stream1_IRQHandler
                0x08012a8c                CAN1_SCE_IRQHandler
                0x08012a8c                FLASH_IRQHandler
                0x08012a8c                DMA2_Stream4_IRQHandler
                0x08012a8c                USART1_IRQHandler
                0x08012a8c                SPI3_IRQHandler
                0x08012a8c                DMA1_Stream4_IRQHandler
                0x08012a8c                I2C1_ER_IRQHandler
                0x08012a8c                DMA2_Stream6_IRQHandler
                0x08012a8c                DMA1_Stream3_IRQHandler
 .text.USBD_Init
                0x08012a94       0x48 ..\obj\usbd_core.o
                0x08012a94                USBD_Init
 .text.USBD_DeInit
                0x08012adc       0x24 ..\obj\usbd_core.o
                0x08012adc                USBD_DeInit
 .text.USBD_SetupStage
                0x08012b00       0x70 ..\obj\usbd_core.o
 .text.USBD_DataOutStage
                0x08012b70       0xd4 ..\obj\usbd_core.o
 .text.USBD_DataInStage
                0x08012c44      0x128 ..\obj\usbd_core.o
 .text.USBD_RunTestMode
                0x08012d6c       0x28 ..\obj\usbd_core.o
 .text.USBD_Reset
                0x08012d94       0x54 ..\obj\usbd_core.o
 .text.USBD_Resume
                0x08012de8       0x38 ..\obj\usbd_core.o
 .text.USBD_Suspend
                0x08012e20       0x38 ..\obj\usbd_core.o
 .text.USBD_SOF
                0x08012e58       0x30 ..\obj\usbd_core.o
 .text.USBD_SetCfg
                0x08012e88       0x34 ..\obj\usbd_core.o
                0x08012e88                USBD_SetCfg
 .text.USBD_ClrCfg
                0x08012ebc       0x2c ..\obj\usbd_core.o
                0x08012ebc                USBD_ClrCfg
 .text.USBD_IsoINIncomplete
                0x08012ee8       0x24 ..\obj\usbd_core.o
 .text.USBD_IsoOUTIncomplete
                0x08012f0c       0x24 ..\obj\usbd_core.o
 .text.NVIC_SystemReset
                0x08012f30       0x30 ..\obj\main.o
 .text.CriticalError
                0x08012f60       0x14 ..\obj\main.o
                0x08012f60                CriticalError
 .text.NMI_Handler
                0x08012f74       0x1c ..\obj\main.o
                0x08012f74                NMI_Handler
 .text.HardFault_Handler
                0x08012f90       0x1c ..\obj\main.o
                0x08012f90                HardFault_Handler
 .text.MemManage_Handler
                0x08012fac       0x1c ..\obj\main.o
                0x08012fac                MemManage_Handler
 .text.BusFault_Handler
                0x08012fc8       0x1c ..\obj\main.o
                0x08012fc8                BusFault_Handler
 .text.UsageFault_Handler
                0x08012fe4       0x1c ..\obj\main.o
                0x08012fe4                UsageFault_Handler
 .text.SVC_Handler
                0x08013000       0x1c ..\obj\main.o
                0x08013000                SVC_Handler
 .text.DebugMon_Handler
                0x0801301c       0x1c ..\obj\main.o
                0x0801301c                DebugMon_Handler
 .text.SysTick_Handler
                0x08013038        0xc ..\obj\main.o
                0x08013038                SysTick_Handler
 .text.EXTI0_IRQHandler
                0x08013044       0xa8 ..\obj\main.o
                0x08013044                EXTI0_IRQHandler
 .text.EXTI1_IRQHandler
                0x080130ec       0x48 ..\obj\main.o
                0x080130ec                EXTI1_IRQHandler
 .text.EXTI15_10_IRQHandler
                0x08013134       0x18 ..\obj\main.o
                0x08013134                EXTI15_10_IRQHandler
 .text.TransceiverStateInit
                0x0801314c      0x720 ..\obj\main.o
                0x0801314c                TransceiverStateInit
 .text.MiscInit
                0x0801386c       0x24 ..\obj\main.o
                0x0801386c                MiscInit
 .text.main     0x08013890       0x68 ..\obj\main.o
                0x08013890                main
 .text.RCC_MCO2Config
                0x080138f8       0x48 ..\obj\stm32f4xx_rcc.o
                0x080138f8                RCC_MCO2Config
 .text.RCC_GetClocksFreq
                0x08013940      0x1c8 ..\obj\stm32f4xx_rcc.o
                0x08013940                RCC_GetClocksFreq
 .text.RCC_AHB1PeriphClockCmd
                0x08013b08       0x54 ..\obj\stm32f4xx_rcc.o
                0x08013b08                RCC_AHB1PeriphClockCmd
 .text.RCC_AHB2PeriphClockCmd
                0x08013b5c       0x54 ..\obj\stm32f4xx_rcc.o
                0x08013b5c                RCC_AHB2PeriphClockCmd
 .text.RCC_AHB3PeriphClockCmd
                0x08013bb0       0x54 ..\obj\stm32f4xx_rcc.o
                0x08013bb0                RCC_AHB3PeriphClockCmd
 .text.RCC_APB1PeriphClockCmd
                0x08013c04       0x54 ..\obj\stm32f4xx_rcc.o
                0x08013c04                RCC_APB1PeriphClockCmd
 .text.RCC_APB2PeriphClockCmd
                0x08013c58       0x54 ..\obj\stm32f4xx_rcc.o
                0x08013c58                RCC_APB2PeriphClockCmd
 .text.RCC_APB1PeriphResetCmd
                0x08013cac       0x54 ..\obj\stm32f4xx_rcc.o
                0x08013cac                RCC_APB1PeriphResetCmd
 .text.RCC_APB2PeriphResetCmd
                0x08013d00       0x54 ..\obj\stm32f4xx_rcc.o
                0x08013d00                RCC_APB2PeriphResetCmd
 .text.Codec_Init
                0x08013d54       0x2c ..\obj\codec.o
                0x08013d54                Codec_Init
 .text.Codec_Reset
                0x08013d80       0xd8 ..\obj\codec.o
                0x08013d80                Codec_Reset
 .text.Codec_RX_TX
                0x08013e58      0x1fc ..\obj\codec.o
                0x08013e58                Codec_RX_TX
 .text.Codec_SidetoneSetgain
                0x08014054      0x108 ..\obj\codec.o
                0x08014054                Codec_SidetoneSetgain
 .text.Codec_Volume
                0x0801415c       0xb8 ..\obj\codec.o
                0x0801415c                Codec_Volume
 .text.Codec_Mute
                0x08014214       0x34 ..\obj\codec.o
                0x08014214                Codec_Mute
 .text.Codec_WriteRegister
                0x08014248       0x50 ..\obj\codec.o
                0x08014248                Codec_WriteRegister
 .text.Codec_AudioInterface_Init
                0x08014298       0x6c ..\obj\codec.o
                0x08014298                Codec_AudioInterface_Init
 .text.Codec_GPIO_Init
                0x08014304       0xf4 ..\obj\codec.o
                0x08014304                Codec_GPIO_Init
 .text.Codec_Line_Gain_Adj
                0x080143f8       0x2c ..\obj\codec.o
                0x080143f8                Codec_Line_Gain_Adj
 .text.ADC_Init
                0x08014424       0xb8 ..\obj\stm32f4xx_adc.o
                0x08014424                ADC_Init
 .text.ADC_StructInit
                0x080144dc       0x4c ..\obj\stm32f4xx_adc.o
                0x080144dc                ADC_StructInit
 .text.ADC_CommonInit
                0x08014528       0x5c ..\obj\stm32f4xx_adc.o
                0x08014528                ADC_CommonInit
 .text.ADC_Cmd  0x08014584       0x38 ..\obj\stm32f4xx_adc.o
                0x08014584                ADC_Cmd
 .text.ADC_RegularChannelConfig
                0x080145bc      0x1bc ..\obj\stm32f4xx_adc.o
                0x080145bc                ADC_RegularChannelConfig
 .text.ADC_SoftwareStartConv
                0x08014778       0x20 ..\obj\stm32f4xx_adc.o
                0x08014778                ADC_SoftwareStartConv
 .text.ADC_GetConversionValue
                0x08014798       0x1c ..\obj\stm32f4xx_adc.o
                0x08014798                ADC_GetConversionValue
 .text.UiLcdHy28_Delay
                0x080147b4       0x40 ..\obj\ui_lcd_hy28.o
                0x080147b4                UiLcdHy28_Delay
 .text.UiLcdHy28_BacklightInit
                0x080147f4       0x4c ..\obj\ui_lcd_hy28.o
                0x080147f4                UiLcdHy28_BacklightInit
 .text.UiLcdHy28_SpiInit
                0x08014840      0x160 ..\obj\ui_lcd_hy28.o
                0x08014840                UiLcdHy28_SpiInit
 .text.UiLcdHy28_SpiDeInit
                0x080149a0       0x90 ..\obj\ui_lcd_hy28.o
                0x080149a0                UiLcdHy28_SpiDeInit
 .text.UiLcdHy28_ParallelInit
                0x08014a30      0x224 ..\obj\ui_lcd_hy28.o
                0x08014a30                UiLcdHy28_ParallelInit
 .text.UiLcdHy28_Reset
                0x08014c54       0x54 ..\obj\ui_lcd_hy28.o
                0x08014c54                UiLcdHy28_Reset
 .text.UiLcdHy28_FSMCConfig
                0x08014ca8       0xb0 ..\obj\ui_lcd_hy28.o
                0x08014ca8                UiLcdHy28_FSMCConfig
 .text.UiLcdHy28_SendByteSpi
                0x08014d58       0x60 ..\obj\ui_lcd_hy28.o
 .text.UiLcdHy28_ReadByteSpi
                0x08014db8       0xb0 ..\obj\ui_lcd_hy28.o
 .text.UiLcdHy28_WriteIndexSpi
                0x08014e68       0x4c ..\obj\ui_lcd_hy28.o
                0x08014e68                UiLcdHy28_WriteIndexSpi
 .text.UiLcdHy28_WriteDataSpi
                0x08014eb4       0x54 ..\obj\ui_lcd_hy28.o
                0x08014eb4                UiLcdHy28_WriteDataSpi
 .text.UiLcdHy28_WriteDataSpiStart
                0x08014f08       0x10 ..\obj\ui_lcd_hy28.o
                0x08014f08                UiLcdHy28_WriteDataSpiStart
 .text.UiLcdHy28_WriteDataOnly
                0x08014f18       0x4c ..\obj\ui_lcd_hy28.o
                0x08014f18                UiLcdHy28_WriteDataOnly
 .text.UiLcdHy28_ReadDataSpi
                0x08014f64       0x64 ..\obj\ui_lcd_hy28.o
                0x08014f64                UiLcdHy28_ReadDataSpi
 .text.UiLcdHy28_WriteReg
                0x08014fc8       0x50 ..\obj\ui_lcd_hy28.o
                0x08014fc8                UiLcdHy28_WriteReg
 .text.UiLcdHy28_ReadReg
                0x08015018       0x4c ..\obj\ui_lcd_hy28.o
                0x08015018                UiLcdHy28_ReadReg
 .text.UiLcdHy28_SetCursorA
                0x08015064       0x30 ..\obj\ui_lcd_hy28.o
 .text.UiLcdHy28_LcdClear
                0x08015094       0xb4 ..\obj\ui_lcd_hy28.o
                0x08015094                UiLcdHy28_LcdClear
 .text.UiLcdHy28_WriteRAM_Prepare
                0x08015148       0x40 ..\obj\ui_lcd_hy28.o
                0x08015148                UiLcdHy28_WriteRAM_Prepare
 .text.UiLcdHy28_DrawStraightLine
                0x08015188       0xd0 ..\obj\ui_lcd_hy28.o
                0x08015188                UiLcdHy28_DrawStraightLine
 .text.UiLcdHy28_DrawHorizLineWithGrad
                0x08015258       0xe4 ..\obj\ui_lcd_hy28.o
                0x08015258                UiLcdHy28_DrawHorizLineWithGrad
 .text.UiLcdHy28_DrawEmptyRect
                0x0801533c       0x88 ..\obj\ui_lcd_hy28.o
                0x0801533c                UiLcdHy28_DrawEmptyRect
 .text.UiLcdHy28_DrawBottomButton
                0x080153c4       0x64 ..\obj\ui_lcd_hy28.o
                0x080153c4                UiLcdHy28_DrawBottomButton
 .text.UiLcdHy28_DrawFullRect
                0x08015428      0x130 ..\obj\ui_lcd_hy28.o
                0x08015428                UiLcdHy28_DrawFullRect
 .text.UiLcdHy28_DrawChar
                0x08015558      0x230 ..\obj\ui_lcd_hy28.o
                0x08015558                UiLcdHy28_DrawChar
 .text.UiLcdHy28_PrintText
                0x08015788      0x10c ..\obj\ui_lcd_hy28.o
                0x08015788                UiLcdHy28_PrintText
 .text.UiLcdHy28_DrawSpectrum_Interleaved
                0x08015894      0x5e0 ..\obj\ui_lcd_hy28.o
                0x08015894                UiLcdHy28_DrawSpectrum_Interleaved
 .text.UiLcdHy28_InitA
                0x08015e74      0x808 ..\obj\ui_lcd_hy28.o
                0x08015e74                UiLcdHy28_InitA
 .text.UiLcdHy28_Test
                0x0801667c        0xc ..\obj\ui_lcd_hy28.o
                0x0801667c                UiLcdHy28_Test
 .text.UiLcdHy28_Init
                0x08016688       0x5c ..\obj\ui_lcd_hy28.o
                0x08016688                UiLcdHy28_Init
 .text.UiLcdHy28_ShowStartUpScreen
                0x080166e4      0x354 ..\obj\ui_lcd_hy28.o
                0x080166e4                UiLcdHy28_ShowStartUpScreen
 .text.PrintChar
                0x08016a38       0x14 ..\obj\printf.o
                0x08016a38                PrintChar
 .text.PutChar  0x08016a4c       0x24 ..\obj\printf.o
                0x08016a4c                PutChar
 .text.PutString
                0x08016a70       0x48 ..\obj\printf.o
                0x08016a70                PutString
 .text.PutUnsignedInt
                0x08016ab8       0xbc ..\obj\printf.o
                0x08016ab8                PutUnsignedInt
 .text.PutSignedInt
                0x08016b74      0x12c ..\obj\printf.o
                0x08016b74                PutSignedInt
 .text.PutHexa  0x08016ca0       0xe8 ..\obj\printf.o
                0x08016ca0                PutHexa
 .text.vsnprintf
                0x08016d88      0x2a4 ..\obj\printf.o
                0x08016d88                vsnprintf
 .text.vsprintf
                0x0801702c       0x28 ..\obj\printf.o
                0x0801702c                vsprintf
 .text.vfprintf
                0x08017054       0x8c ..\obj\printf.o
                0x08017054                vfprintf
 .text.vprintf  0x080170e0       0x2c ..\obj\printf.o
                0x080170e0                vprintf
 .text.printf   0x0801710c       0x2c ..\obj\printf.o
                0x0801710c                printf
 .text.sprintf  0x08017138       0x30 ..\obj\printf.o
                0x08017138                sprintf
 .text.fputc    0x08017168       0x4c ..\obj\printf.o
                0x08017168                fputc
 .text.fputs    0x080171b4       0x50 ..\obj\printf.o
                0x080171b4                fputs
 .text.USBH_OTG_BSP_TimerIRQ
                0x08017204       0x58 ..\obj\usbh_bsp.o
                0x08017204                USBH_OTG_BSP_TimerIRQ
 .text.USBD_USR_DeviceDescriptor
                0x0801725c       0x28 ..\obj\usbd_desc.o
                0x0801725c                USBD_USR_DeviceDescriptor
 .text.USBD_USR_LangIDStrDescriptor
                0x08017284       0x28 ..\obj\usbd_desc.o
                0x08017284                USBD_USR_LangIDStrDescriptor
 .text.USBD_USR_ProductStrDescriptor
                0x080172ac       0x54 ..\obj\usbd_desc.o
                0x080172ac                USBD_USR_ProductStrDescriptor
 .text.USBD_USR_ManufacturerStrDescriptor
                0x08017300       0x34 ..\obj\usbd_desc.o
                0x08017300                USBD_USR_ManufacturerStrDescriptor
 .text.USBD_USR_SerialStrDescriptor
                0x08017334       0x54 ..\obj\usbd_desc.o
                0x08017334                USBD_USR_SerialStrDescriptor
 .text.USBD_USR_ConfigStrDescriptor
                0x08017388       0x54 ..\obj\usbd_desc.o
                0x08017388                USBD_USR_ConfigStrDescriptor
 .text.USBD_USR_InterfaceStrDescriptor
                0x080173dc       0x54 ..\obj\usbd_desc.o
                0x080173dc                USBD_USR_InterfaceStrDescriptor
 .text.FSMC_NORSRAMInit
                0x08017430      0x150 ..\obj\stm32f4xx_fsmc.o
                0x08017430                FSMC_NORSRAMInit
 .text.FSMC_NORSRAMCmd
                0x08017580       0x54 ..\obj\stm32f4xx_fsmc.o
                0x08017580                FSMC_NORSRAMCmd
 .text.GPIO_Init
                0x080175d4      0x144 ..\obj\stm32f4xx_gpio.o
                0x080175d4                GPIO_Init
 .text.GPIO_ReadInputDataBit
                0x08017718       0x3c ..\obj\stm32f4xx_gpio.o
                0x08017718                GPIO_ReadInputDataBit
 .text.GPIO_SetBits
                0x08017754       0x1c ..\obj\stm32f4xx_gpio.o
                0x08017754                GPIO_SetBits
 .text.GPIO_ResetBits
                0x08017770       0x1c ..\obj\stm32f4xx_gpio.o
                0x08017770                GPIO_ResetBits
 .text.GPIO_PinAFConfig
                0x0801778c       0xa8 ..\obj\stm32f4xx_gpio.o
                0x0801778c                GPIO_PinAFConfig
 .text.FLASH_Unlock
                0x08017834       0x3c ..\obj\stm32f4xx_flash.o
                0x08017834                FLASH_Unlock
 .text.FLASH_Lock
                0x08017870       0x24 ..\obj\stm32f4xx_flash.o
                0x08017870                FLASH_Lock
 .text.FLASH_EraseSector
                0x08017894      0x118 ..\obj\stm32f4xx_flash.o
                0x08017894                FLASH_EraseSector
 .text.FLASH_ProgramHalfWord
                0x080179ac       0x9c ..\obj\stm32f4xx_flash.o
                0x080179ac                FLASH_ProgramHalfWord
 .text.FLASH_GetStatus
                0x08017a48       0x88 ..\obj\stm32f4xx_flash.o
                0x08017a48                FLASH_GetStatus
 .text.FLASH_WaitForLastOperation
                0x08017ad0       0x34 ..\obj\stm32f4xx_flash.o
                0x08017ad0                FLASH_WaitForLastOperation
 .text.VCP_Init
                0x08017b04       0x18 ..\obj\usbd_cdc_vcp.o
 .text.VCP_DeInit
                0x08017b1c       0x10 ..\obj\usbd_cdc_vcp.o
 .text.VCP_Ctrl
                0x08017b2c      0x230 ..\obj\usbd_cdc_vcp.o
 .text.VCP_DataTx
                0x08017d5c       0x5c ..\obj\usbd_cdc_vcp.o
 .text.VCP_DataRx
                0x08017db8       0x34 ..\obj\usbd_cdc_vcp.o
 .text.VCP_COMConfig
                0x08017dec       0x8c ..\obj\usbd_cdc_vcp.o
 .text.SystemInit
                0x08017e78       0xb4 ..\obj\system_stm32f4xx.o
                0x08017e78                SystemInit
 .text.SetSysClock
                0x08017f2c      0x210 ..\obj\system_stm32f4xx.o
 .text.DMA_DeInit
                0x0801813c      0x244 ..\obj\stm32f4xx_dma.o
                0x0801813c                DMA_DeInit
 .text.DMA_Init
                0x08018380       0xb0 ..\obj\stm32f4xx_dma.o
                0x08018380                DMA_Init
 .text.DMA_Cmd  0x08018430       0x38 ..\obj\stm32f4xx_dma.o
                0x08018430                DMA_Cmd
 .text.DMA_GetFlagStatus
                0x08018468       0x84 ..\obj\stm32f4xx_dma.o
                0x08018468                DMA_GetFlagStatus
 .text.DMA_ClearFlag
                0x080184ec       0x60 ..\obj\stm32f4xx_dma.o
                0x080184ec                DMA_ClearFlag
 .text.DMA_ITConfig
                0x0801854c       0x74 ..\obj\stm32f4xx_dma.o
                0x0801854c                DMA_ITConfig
 .text.NVIC_EnableIRQ
                0x080185c0       0x38 ..\obj\i2s.o
 .text.I2S_Block_Init
                0x080185f8      0x260 ..\obj\i2s.o
                0x080185f8                I2S_Block_Init
 .text.I2S_Block_Process
                0x08018858       0xf0 ..\obj\i2s.o
                0x08018858                I2S_Block_Process
 .text.DMA1_Stream2_IRQHandler
                0x08018948      0x168 ..\obj\i2s.o
                0x08018948                DMA1_Stream2_IRQHandler
 .text.arm_sqrt_f32
                0x08018ab0       0x4c ..\obj\audio_driver.o
 .text.audio_driver_init
                0x08018afc      0x11c ..\obj\audio_driver.o
                0x08018afc                audio_driver_init
 .text.audio_driver_set_rx_audio_filter
                0x08018c18      0xb54 ..\obj\audio_driver.o
                0x08018c18                audio_driver_set_rx_audio_filter
 .text.Audio_Init
                0x0801976c       0xbc ..\obj\audio_driver.o
 .text.audio_rx_noise_blanker
                0x08019828      0x9c0 ..\obj\audio_driver.o
 .text.audio_rx_freq_conv
                0x0801a1e8      0x294 ..\obj\audio_driver.o
 *fill*         0x0801a47c        0x4 00
 .text.audio_rx_processor
                0x0801a480     0x14f0 ..\obj\audio_driver.o
 .text.audio_tx_compressor
                0x0801b970      0x378 ..\obj\audio_driver.o
 .text.audio_tx_processor
                0x0801bce8     0x1508 ..\obj\audio_driver.o
 .text.I2S_RX_CallBack
                0x0801d1f0      0x21c ..\obj\audio_driver.o
                0x0801d1f0                I2S_RX_CallBack
 .text.USBD_StdDevReq
                0x0801d40c       0xa4 ..\obj\usbd_req.o
                0x0801d40c                USBD_StdDevReq
 .text.USBD_StdItfReq
                0x0801d4b0       0x6c ..\obj\usbd_req.o
                0x0801d4b0                USBD_StdItfReq
 .text.USBD_StdEPReq
                0x0801d51c      0x1e4 ..\obj\usbd_req.o
                0x0801d51c                USBD_StdEPReq
 .text.USBD_GetDescriptor
                0x0801d700      0x1c8 ..\obj\usbd_req.o
 .text.USBD_SetAddress
                0x0801d8c8       0x80 ..\obj\usbd_req.o
 .text.USBD_SetConfig
                0x0801d948      0x134 ..\obj\usbd_req.o
 .text.USBD_GetConfig
                0x0801da7c       0x68 ..\obj\usbd_req.o
 .text.USBD_GetStatus
                0x0801dae4       0x70 ..\obj\usbd_req.o
 .text.USBD_SetFeature
                0x0801db54       0xf0 ..\obj\usbd_req.o
 .text.USBD_ClrFeature
                0x0801dc44       0x58 ..\obj\usbd_req.o
 .text.USBD_ParseSetupRequest
                0x0801dc9c       0x94 ..\obj\usbd_req.o
                0x0801dc9c                USBD_ParseSetupRequest
 .text.USBD_CtlError
                0x0801dd30       0x2c ..\obj\usbd_req.o
                0x0801dd30                USBD_CtlError
 .text.USBD_GetString
                0x0801dd5c       0x9c ..\obj\usbd_req.o
                0x0801dd5c                USBD_GetString
 .text.USBD_GetLen
                0x0801ddf8       0x38 ..\obj\usbd_req.o
 .text.USBD_OTG_ISR_Handler
                0x0801de30      0x164 ..\obj\usb_dcd_int.o
                0x0801de30                USBD_OTG_ISR_Handler
 .text.DCD_HandleResume_ISR
                0x0801df94       0x8c ..\obj\usb_dcd_int.o
 .text.DCD_HandleUSBSuspend_ISR
                0x0801e020       0xd0 ..\obj\usb_dcd_int.o
 .text.DCD_HandleInEP_ISR
                0x0801e0f0      0x1d0 ..\obj\usb_dcd_int.o
 .text.DCD_HandleOutEP_ISR
                0x0801e2c0      0x184 ..\obj\usb_dcd_int.o
 .text.DCD_HandleSof_ISR
                0x0801e444       0x3c ..\obj\usb_dcd_int.o
 .text.DCD_HandleRxStatusQueueLevel_ISR
                0x0801e480      0x118 ..\obj\usb_dcd_int.o
 .text.DCD_WriteEmptyTxFifo
                0x0801e598      0x104 ..\obj\usb_dcd_int.o
 .text.DCD_HandleUsbReset_ISR
                0x0801e69c      0x158 ..\obj\usb_dcd_int.o
 .text.DCD_HandleEnumDone_ISR
                0x0801e7f4       0x88 ..\obj\usb_dcd_int.o
 .text.DCD_IsoINIncomplete_ISR
                0x0801e87c       0x3c ..\obj\usb_dcd_int.o
 .text.DCD_IsoOUTIncomplete_ISR
                0x0801e8b8       0x3c ..\obj\usb_dcd_int.o
 .text.DCD_ReadDevInEP
                0x0801e8f4       0x58 ..\obj\usb_dcd_int.o
 .text.UiDriverUpdateMenu
                0x0801e94c     0x15f4 ..\obj\ui_menu.o
                0x0801e94c                UiDriverUpdateMenu
 .text.UiDriverUpdateMenuLines
                0x0801ff40     0x3d10 ..\obj\ui_menu.o
 .text.UiDriverUpdateConfigMenuLines
                0x08023c50     0x4190 ..\obj\ui_menu.o
 .text.usbd_cdc_Init
                0x08027de0       0x94 ..\obj\usbd_cdc_core.o
 .text.usbd_cdc_DeInit
                0x08027e74       0x44 ..\obj\usbd_cdc_core.o
 .text.usbd_cdc_Setup
                0x08027eb8      0x168 ..\obj\usbd_cdc_core.o
 .text.usbd_cdc_EP0_RxReady
                0x08028020       0x60 ..\obj\usbd_cdc_core.o
 .text.usbd_cdc_DataIn
                0x08028080       0xf8 ..\obj\usbd_cdc_core.o
 .text.usbd_cdc_DataOut
                0x08028178       0x64 ..\obj\usbd_cdc_core.o
 .text.usbd_cdc_SOF
                0x080281dc       0x50 ..\obj\usbd_cdc_core.o
 .text.Handle_USBAsynchXfer
                0x0802822c      0x178 ..\obj\usbd_cdc_core.o
 .text.USBD_cdc_GetCfgDesc
                0x080283a4       0x28 ..\obj\usbd_cdc_core.o
 .text.ui_si570_setbits
                0x080283cc       0x2c ..\obj\ui_si570.o
 .text.ui_si570_verify_frequency
                0x080283f8       0x74 ..\obj\ui_si570.o
 .text.ui_si570_small_frequency_change
                0x0802846c       0xd4 ..\obj\ui_si570.o
 .text.ui_si570_large_frequency_change
                0x08028540      0x158 ..\obj\ui_si570.o
 .text.ui_si570_is_large_change
                0x08028698       0xe8 ..\obj\ui_si570.o
 .text.ui_si570_get_configuration
                0x08028780      0x288 ..\obj\ui_si570.o
                0x08028780                ui_si570_get_configuration
 .text.ui_si570_change_frequency
                0x08028a08      0x3b4 ..\obj\ui_si570.o
 *fill*         0x08028dbc        0x4 00
 .text.ui_si570_set_frequency
                0x08028dc0       0xf0 ..\obj\ui_si570.o
                0x08028dc0                ui_si570_set_frequency
 .text.ui_si570_init_temp_sensor
                0x08028eb0       0x78 ..\obj\ui_si570.o
                0x08028eb0                ui_si570_init_temp_sensor
 .text.ui_si570_read_temp
                0x08028f28       0x48 ..\obj\ui_si570.o
                0x08028f28                ui_si570_read_temp
 .text.ui_si570_conv_temp
                0x08028f70       0xb4 ..\obj\ui_si570.o
                0x08028f70                ui_si570_conv_temp
 .text.OTG_FS_IRQHandler
                0x08029024       0x14 ..\obj\cat_driver.o
                0x08029024                OTG_FS_IRQHandler
 .text.cat_driver_init
                0x08029038       0x40 ..\obj\cat_driver.o
                0x08029038                cat_driver_init
 .text.cat_driver_stop
                0x08029078       0x20 ..\obj\cat_driver.o
                0x08029078                cat_driver_stop
 .text.SPI_I2S_DeInit
                0x08029098       0x88 ..\obj\stm32f4xx_spi.o
                0x08029098                SPI_I2S_DeInit
 .text.SPI_Init
                0x08029120       0x88 ..\obj\stm32f4xx_spi.o
                0x08029120                SPI_Init
 .text.I2S_Init
                0x080291a8      0x214 ..\obj\stm32f4xx_spi.o
                0x080291a8                I2S_Init
 .text.SPI_Cmd  0x080293bc       0x40 ..\obj\stm32f4xx_spi.o
                0x080293bc                SPI_Cmd
 .text.I2S_Cmd  0x080293fc       0x40 ..\obj\stm32f4xx_spi.o
                0x080293fc                I2S_Cmd
 .text.I2S_FullDuplexConfig
                0x0802943c       0xa4 ..\obj\stm32f4xx_spi.o
                0x0802943c                I2S_FullDuplexConfig
 .text.SPI_I2S_ReceiveData
                0x080294e0       0x1c ..\obj\stm32f4xx_spi.o
                0x080294e0                SPI_I2S_ReceiveData
 .text.SPI_I2S_SendData
                0x080294fc       0x1c ..\obj\stm32f4xx_spi.o
                0x080294fc                SPI_I2S_SendData
 .text.SPI_I2S_DMACmd
                0x08029518       0x48 ..\obj\stm32f4xx_spi.o
                0x08029518                SPI_I2S_DMACmd
 .text.SPI_I2S_GetFlagStatus
                0x08029560       0x40 ..\obj\stm32f4xx_spi.o
                0x08029560                SPI_I2S_GetFlagStatus
 .text.softdds_setfreq
                0x080295a0       0x6c ..\obj\softdds.o
                0x080295a0                softdds_setfreq
 .text.softdds_runf
                0x0802960c       0xcc ..\obj\softdds.o
                0x0802960c                softdds_runf
 .text.I2C_DeInit
                0x080296d8       0x88 ..\obj\stm32f4xx_i2c.o
                0x080296d8                I2C_DeInit
 .text.I2C_Init
                0x08029760      0x1ac ..\obj\stm32f4xx_i2c.o
                0x08029760                I2C_Init
 .text.I2C_Cmd  0x0802990c       0x40 ..\obj\stm32f4xx_i2c.o
                0x0802990c                I2C_Cmd
 .text.I2C_GenerateSTART
                0x0802994c       0x40 ..\obj\stm32f4xx_i2c.o
                0x0802994c                I2C_GenerateSTART
 .text.I2C_GenerateSTOP
                0x0802998c       0x40 ..\obj\stm32f4xx_i2c.o
                0x0802998c                I2C_GenerateSTOP
 .text.I2C_Send7bitAddress
                0x080299cc       0x3c ..\obj\stm32f4xx_i2c.o
                0x080299cc                I2C_Send7bitAddress
 .text.I2C_AcknowledgeConfig
                0x08029a08       0x40 ..\obj\stm32f4xx_i2c.o
                0x08029a08                I2C_AcknowledgeConfig
 .text.I2C_SendData
                0x08029a48       0x20 ..\obj\stm32f4xx_i2c.o
                0x08029a48                I2C_SendData
 .text.I2C_ReceiveData
                0x08029a68       0x1c ..\obj\stm32f4xx_i2c.o
                0x08029a68                I2C_ReceiveData
 .text.I2C_CheckEvent
                0x08029a84       0x70 ..\obj\stm32f4xx_i2c.o
                0x08029a84                I2C_CheckEvent
 .text.I2C_GetFlagStatus
                0x08029af4       0x78 ..\obj\stm32f4xx_i2c.o
                0x08029af4                I2C_GetFlagStatus
 .text.I2C_ClearFlag
                0x08029b6c       0x30 ..\obj\stm32f4xx_i2c.o
                0x08029b6c                I2C_ClearFlag
 .text.EXTI_Init
                0x08029b9c      0x138 ..\obj\stm32f4xx_exti.o
                0x08029b9c                EXTI_Init
 .text.EXTI_GetITStatus
                0x08029cd4       0x58 ..\obj\stm32f4xx_exti.o
                0x08029cd4                EXTI_GetITStatus
 .text.EXTI_ClearITPendingBit
                0x08029d2c       0x20 ..\obj\stm32f4xx_exti.o
                0x08029d2c                EXTI_ClearITPendingBit
 .text.NVIC_PriorityGroupConfig
                0x08029d4c       0x28 ..\obj\misc.o
                0x08029d4c                NVIC_PriorityGroupConfig
 .text.NVIC_Init
                0x08029d74       0xe4 ..\obj\misc.o
                0x08029d74                NVIC_Init
 .text.SysTick_CLKSourceConfig
                0x08029e58       0x4c ..\obj\misc.o
                0x08029e58                SysTick_CLKSourceConfig
 .text.DCD_Init
                0x08029ea4      0x134 ..\obj\usb_dcd.o
                0x08029ea4                DCD_Init
 .text.DCD_DeInit
                0x08029fd8       0x18 ..\obj\usb_dcd.o
                0x08029fd8                DCD_DeInit
 .text.DCD_EP_Open
                0x08029ff0       0xb4 ..\obj\usb_dcd.o
                0x08029ff0                DCD_EP_Open
 .text.DCD_EP_Close
                0x0802a0a4       0x88 ..\obj\usb_dcd.o
                0x0802a0a4                DCD_EP_Close
 .text.DCD_EP_PrepareRx
                0x0802a12c       0x90 ..\obj\usb_dcd.o
                0x0802a12c                DCD_EP_PrepareRx
 .text.DCD_EP_Tx
                0x0802a1bc       0x88 ..\obj\usb_dcd.o
                0x0802a1bc                DCD_EP_Tx
 .text.DCD_EP_Stall
                0x0802a244       0x8c ..\obj\usb_dcd.o
                0x0802a244                DCD_EP_Stall
 .text.DCD_EP_ClrStall
                0x0802a2d0       0x8c ..\obj\usb_dcd.o
                0x0802a2d0                DCD_EP_ClrStall
 .text.DCD_EP_SetAddress
                0x0802a35c       0x3c ..\obj\usb_dcd.o
                0x0802a35c                DCD_EP_SetAddress
 .text.mchf_hw_i2c2_init
                0x0802a398       0xc4 ..\obj\mchf_hw_i2c2.o
                0x0802a398                mchf_hw_i2c2_init
 .text.mchf_hw_i2c2_WriteRegister
                0x0802a45c      0x27c ..\obj\mchf_hw_i2c2.o
                0x0802a45c                mchf_hw_i2c2_WriteRegister
 .text.cw_gen_init
                0x0802a6d8       0x84 ..\obj\cw_gen.o
                0x0802a6d8                cw_gen_init
 .text.cw_gen_remove_click_on_rising_edge
                0x0802a75c       0xfc ..\obj\cw_gen.o
                0x0802a75c                cw_gen_remove_click_on_rising_edge
 .text.cw_gen_remove_click_on_falling_edge
                0x0802a858      0x118 ..\obj\cw_gen.o
                0x0802a858                cw_gen_remove_click_on_falling_edge
 .text.cw_gen_check_keyer_state
                0x0802a970       0xd4 ..\obj\cw_gen.o
                0x0802a970                cw_gen_check_keyer_state
 .text.cw_gen_process
                0x0802aa44       0x44 ..\obj\cw_gen.o
                0x0802aa44                cw_gen_process
 .text.cw_gen_process_strk
                0x0802aa88      0x168 ..\obj\cw_gen.o
                0x0802aa88                cw_gen_process_strk
 .text.cw_gen_process_iamb
                0x0802abf0      0x3ac ..\obj\cw_gen.o
                0x0802abf0                cw_gen_process_iamb
 .text.cw_gen_dah_IRQ
                0x0802af9c       0xac ..\obj\cw_gen.o
                0x0802af9c                cw_gen_dah_IRQ
 .text.cw_gen_dit_IRQ
                0x0802b048       0x40 ..\obj\cw_gen.o
                0x0802b048                cw_gen_dit_IRQ
 .text.NVIC_SetPriority
                0x0802b088       0x5c ..\obj\mchf_board.o
 .text.SysTick_Config
                0x0802b0e4       0x64 ..\obj\mchf_board.o
 .text.mchf_board_led_init
                0x0802b148       0x54 ..\obj\mchf_board.o
 .text.mchf_board_debug_init
                0x0802b19c        0xc ..\obj\mchf_board.o
 .text.mchf_board_keypad_init
                0x0802b1a8       0x64 ..\obj\mchf_board.o
 .text.mchf_board_ptt_init
                0x0802b20c       0x3c ..\obj\mchf_board.o
 .text.mchf_board_keyer_irq_init
                0x0802b248      0x110 ..\obj\mchf_board.o
 .text.mchf_board_power_button_irq_init
                0x0802b358       0x94 ..\obj\mchf_board.o
 .text.mchf_board_dac0_init
                0x0802b3ec       0x7c ..\obj\mchf_board.o
 .text.mchf_board_dac1_init
                0x0802b468       0x7c ..\obj\mchf_board.o
 .text.mchf_board_adc1_init
                0x0802b4e4       0xd4 ..\obj\mchf_board.o
 .text.mchf_board_adc2_init
                0x0802b5b8       0xd4 ..\obj\mchf_board.o
 .text.mchf_board_adc3_init
                0x0802b68c       0xd4 ..\obj\mchf_board.o
 .text.mchf_board_power_down_init
                0x0802b760       0x4c ..\obj\mchf_board.o
 .text.mchf_board_band_cntr_init
                0x0802b7ac       0x68 ..\obj\mchf_board.o
 .text.mchf_board_set_system_tick_value
                0x0802b814       0x38 ..\obj\mchf_board.o
 .text.mchf_board_green_led
                0x0802b84c       0x58 ..\obj\mchf_board.o
                0x0802b84c                mchf_board_green_led
 .text.mchf_board_power_off
                0x0802b8a4      0x2d8 ..\obj\mchf_board.o
                0x0802b8a4                mchf_board_power_off
 .text.mchf_board_init
                0x0802bb7c       0x88 ..\obj\mchf_board.o
                0x0802bb7c                mchf_board_init
 .text.mchf_board_post_init
                0x0802bc04       0x18 ..\obj\mchf_board.o
                0x0802bc04                mchf_board_post_init
 .text.Read_VirtEEPROM
                0x0802bc1c       0x30 ..\obj\mchf_board.o
                0x0802bc1c                Read_VirtEEPROM
 .text.Write_VirtEEPROM
                0x0802bc4c       0x38 ..\obj\mchf_board.o
                0x0802bc4c                Write_VirtEEPROM
 .text.USBD_CtlSendData
                0x0802bc84       0x48 ..\obj\usbd_ioreq.o
                0x0802bc84                USBD_CtlSendData
 .text.USBD_CtlContinueSendData
                0x0802bccc       0x30 ..\obj\usbd_ioreq.o
                0x0802bccc                USBD_CtlContinueSendData
 .text.USBD_CtlPrepareRx
                0x0802bcfc       0x48 ..\obj\usbd_ioreq.o
                0x0802bcfc                USBD_CtlPrepareRx
 .text.USBD_CtlContinueRx
                0x0802bd44       0x30 ..\obj\usbd_ioreq.o
                0x0802bd44                USBD_CtlContinueRx
 .text.USBD_CtlSendStatus
                0x0802bd74       0x3c ..\obj\usbd_ioreq.o
                0x0802bd74                USBD_CtlSendStatus
 .text.USBD_CtlReceiveStatus
                0x0802bdb0       0x3c ..\obj\usbd_ioreq.o
                0x0802bdb0                USBD_CtlReceiveStatus
 .text.USBD_OTG_BSP_Init
                0x0802bdec       0x74 ..\obj\usbd_bsp.o
                0x0802bdec                USBD_OTG_BSP_Init
 .text.USBD_OTG_BSP_DeInit
                0x0802be60       0x5c ..\obj\usbd_bsp.o
                0x0802be60                USBD_OTG_BSP_DeInit
 .text.USBD_OTG_BSP_EnableInterrupt
                0x0802bebc       0x3c ..\obj\usbd_bsp.o
                0x0802bebc                USBD_OTG_BSP_EnableInterrupt
 .text.USBD_OTG_BSP_uDelay
                0x0802bef8       0x58 ..\obj\usbd_bsp.o
                0x0802bef8                USBD_OTG_BSP_uDelay
 .text.USBD_OTG_BSP_mDelay
                0x0802bf50       0x20 ..\obj\usbd_bsp.o
                0x0802bf50                USBD_OTG_BSP_mDelay
 .text.TIM_TimeBaseInit
                0x0802bf70       0xf4 ..\obj\stm32f4xx_tim.o
                0x0802bf70                TIM_TimeBaseInit
 .text.TIM_GetCounter
                0x0802c064       0x18 ..\obj\stm32f4xx_tim.o
                0x0802c064                TIM_GetCounter
 .text.TIM_Cmd  0x0802c07c       0x40 ..\obj\stm32f4xx_tim.o
                0x0802c07c                TIM_Cmd
 .text.TIM_GetITStatus
                0x0802c0bc       0x60 ..\obj\stm32f4xx_tim.o
                0x0802c0bc                TIM_GetITStatus
 .text.TIM_ClearITPendingBit
                0x0802c11c       0x24 ..\obj\stm32f4xx_tim.o
                0x0802c11c                TIM_ClearITPendingBit
 .text.TIM_EncoderInterfaceConfig
                0x0802c140       0x94 ..\obj\stm32f4xx_tim.o
                0x0802c140                TIM_EncoderInterfaceConfig
 .text.arm_sqrt_f32
                0x0802c1d4       0x4c ..\obj\ui_driver.o
 .text.ui_driver_init
                0x0802c220      0x158 ..\obj\ui_driver.o
                0x0802c220                ui_driver_init
 .text.ui_driver_thread
                0x0802c378        0xc ..\obj\ui_driver.o
                0x0802c378                ui_driver_thread
 .text.ui_driver_irq
                0x0802c384       0xd4 ..\obj\ui_driver.o
                0x0802c384                ui_driver_irq
 .text.ui_driver_toggle_tx
                0x0802c458      0x264 ..\obj\ui_driver.o
                0x0802c458                ui_driver_toggle_tx
 .text.UiDriverPublicsInit
                0x0802c6bc      0x184 ..\obj\ui_driver.o
 .text.UiDriverProcessKeyboard
                0x0802c840      0xd8c ..\obj\ui_driver.o
 .text.UiDriverPressHoldStep
                0x0802d5cc      0x134 ..\obj\ui_driver.o
 .text.UiDriverProcessActiveFilterScan
                0x0802d700      0x330 ..\obj\ui_driver.o
 .text.UiDriverProcessFunctionKeyClick
                0x0802da30      0x72c ..\obj\ui_driver.o
 .text.UiDriverShowMode
                0x0802e15c      0x11c ..\obj\ui_driver.o
                0x0802e15c                UiDriverShowMode
 .text.UiDriverShowStep
                0x0802e278      0x254 ..\obj\ui_driver.o
                0x0802e278                UiDriverShowStep
 .text.UiDriverShowBand
                0x0802e4cc      0x1e4 ..\obj\ui_driver.o
 .text.UiDriverChangeBandFilter
                0x0802e6b0      0x38c ..\obj\ui_driver.o
                0x0802e6b0                UiDriverChangeBandFilter
 .text.UiDriverCreateDesktop
                0x0802ea3c      0x1ec ..\obj\ui_driver.o
 .text.UiDriverCreateFunctionButtons
                0x0802ec28      0x20c ..\obj\ui_driver.o
 .text.UiDriverDrawWhiteSMeter
                0x0802ee34       0xe8 ..\obj\ui_driver.o
 .text.UiDriverDrawRedSMeter
                0x0802ef1c       0xe8 ..\obj\ui_driver.o
 .text.UiDriverDeleteSMeter
                0x0802f004       0x50 ..\obj\ui_driver.o
 .text.UiDriverCreateSMeter
                0x0802f054      0xa78 ..\obj\ui_driver.o
 .text.UiDriverUpdateTopMeterA
                0x0802facc       0xfc ..\obj\ui_driver.o
 .text.UiDriverUpdateBtmMeter
                0x0802fbc8      0x108 ..\obj\ui_driver.o
 .text.UiDrawSpectrumScopeFrequencyBarText
                0x0802fcd0      0x6ac ..\obj\ui_driver.o
                0x0802fcd0                UiDrawSpectrumScopeFrequencyBarText
 .text.UiDriverCreateSpectrumScope
                0x0803037c      0x398 ..\obj\ui_driver.o
 .text.UiDriverClearSpectrumDisplay
                0x08030714       0x60 ..\obj\ui_driver.o
                0x08030714                UiDriverClearSpectrumDisplay
 .text.UiDriverInitFrequency
                0x08030774      0x1e4 ..\obj\ui_driver.o
 .text.UiDriverCheckFilter
                0x08030958       0xf0 ..\obj\ui_driver.o
 .text.UiDriverCheckBand
                0x08030a48       0xa4 ..\obj\ui_driver.o
                0x08030a48                UiDriverCheckBand
 .text.UiDriverUpdateFrequency
                0x08030aec      0x3cc ..\obj\ui_driver.o
                0x08030aec                UiDriverUpdateFrequency
 .text.UiDriverUpdateFrequencyFast
                0x08030eb8      0x238 ..\obj\ui_driver.o
                0x08030eb8                UiDriverUpdateFrequencyFast
 .text.UiDriverUpdateLcdFreq
                0x080310f0      0x608 ..\obj\ui_driver.o
 .text.UiDriverUpdateSecondLcdFreq
                0x080316f8      0x588 ..\obj\ui_driver.o
 .text.UiDriverChangeTuningStep
                0x08031c80       0x7c ..\obj\ui_driver.o
 .text.UiDriverButtonCheck
                0x08031cfc       0x58 ..\obj\ui_driver.o
 *fill*         0x08031d54        0x4 00
 .text.UiDriverTimeScheduler
                0x08031d58      0xa50 ..\obj\ui_driver.o
 .text.UiDriverChangeDemodMode
                0x080327a8      0x1cc ..\obj\ui_driver.o
 .text.UiDriverChangeBand
                0x08032974      0x24c ..\obj\ui_driver.o
 .text.UiDriverCheckFrequencyEncoder
                0x08032bc0      0x1a0 ..\obj\ui_driver.o
 .text.UiDriverCheckEncoderOne
                0x08032d60      0x2e0 ..\obj\ui_driver.o
 .text.UiDriverCheckEncoderTwo
                0x08033040      0x3cc ..\obj\ui_driver.o
 .text.UiDriverCheckEncoderThree
                0x0803340c      0x518 ..\obj\ui_driver.o
 .text.UiDriverChangeEncoderOneMode
                0x08033924      0x12c ..\obj\ui_driver.o
 .text.UiDriverChangeEncoderTwoMode
                0x08033a50       0xd8 ..\obj\ui_driver.o
 .text.UiDriverChangeEncoderThreeMode
                0x08033b28      0x12c ..\obj\ui_driver.o
 .text.UiDriverChangeAfGain
                0x08033c54       0xd4 ..\obj\ui_driver.o
 .text.UiDriverChangeStGain
                0x08033d28       0xd4 ..\obj\ui_driver.o
                0x08033d28                UiDriverChangeStGain
 .text.UiDriverChangeCmpLevel
                0x08033dfc      0x10c ..\obj\ui_driver.o
                0x08033dfc                UiDriverChangeCmpLevel
 .text.UiDriverChangeDSPMode
                0x08033f08      0x1f8 ..\obj\ui_driver.o
 .text.UiDriverChangePowerLevel
                0x08034100      0x124 ..\obj\ui_driver.o
 .text.UiDriverChangeKeyerSpeed
                0x08034224       0xf0 ..\obj\ui_driver.o
                0x08034224                UiDriverChangeKeyerSpeed
 .text.UIDriverChangeAudioGain
                0x08034314      0x148 ..\obj\ui_driver.o
                0x08034314                UIDriverChangeAudioGain
 .text.UiDriverChangeRfGain
                0x0803445c      0x118 ..\obj\ui_driver.o
                0x0803445c                UiDriverChangeRfGain
 .text.UiDriverChangeSigProc
                0x08034574      0x244 ..\obj\ui_driver.o
 .text.UiDriverChangeRit
                0x080347b8      0x130 ..\obj\ui_driver.o
 .text.UiDriverChangeFilter
                0x080348e8      0x198 ..\obj\ui_driver.o
                0x080348e8                UiDriverChangeFilter
 .text.UiDriverInitSpectrumDisplay
                0x08034a80      0x17c ..\obj\ui_driver.o
 *fill*         0x08034bfc        0x4 00
 .text.UiDriverReDrawSpectrumDisplay
                0x08034c00      0xc18 ..\obj\ui_driver.o
 .text.UiDriverGetScopeTraceColour
                0x08035818       0xd0 ..\obj\ui_driver.o
 .text.UiDriverHandleSmeter
                0x080358e8      0x450 ..\obj\ui_driver.o
 .text.UiDriverHandleSWRMeter
                0x08035d38      0x4b8 ..\obj\ui_driver.o
 .text.UiDriverHandlePowerSupply
                0x080361f0      0x378 ..\obj\ui_driver.o
 .text.UiDriverUpdateLoMeter
                0x08036568       0xfc ..\obj\ui_driver.o
 .text.UiDriverCreateTemperatureDisplay
                0x08036664      0x1b4 ..\obj\ui_driver.o
                0x08036664                UiDriverCreateTemperatureDisplay
 .text.UiDriverRefreshTemperatureDisplay
                0x08036818      0x30c ..\obj\ui_driver.o
 .text.UiDriverHandleLoTemperature
                0x08036b24      0x2f8 ..\obj\ui_driver.o
 .text.UiDriverSwitchOffPtt
                0x08036e1c      0x140 ..\obj\ui_driver.o
 .text.UiDriverSetBandPowerFactor
                0x08036f5c      0x324 ..\obj\ui_driver.o
                0x08036f5c                UiDriverSetBandPowerFactor
 .text.UiCalcAGCDecay
                0x08037280       0xf4 ..\obj\ui_driver.o
                0x08037280                UiCalcAGCDecay
 .text.UiCalcALCDecay
                0x08037374       0x78 ..\obj\ui_driver.o
                0x08037374                UiCalcALCDecay
 *fill*         0x080373ec        0x4 00
 .text.UiCalcRFGain
                0x080373f0       0x98 ..\obj\ui_driver.o
                0x080373f0                UiCalcRFGain
 .text.UiCalcAGCVals
                0x08037488      0x158 ..\obj\ui_driver.o
                0x08037488                UiCalcAGCVals
 .text.UiCWSidebandMode
                0x080375e0       0xac ..\obj\ui_driver.o
                0x080375e0                UiCWSidebandMode
 *fill*         0x0803768c        0x4 00
 .text.UiCalcNB_AGC
                0x08037690       0xf8 ..\obj\ui_driver.o
                0x08037690                UiCalcNB_AGC
 .text.UiCalcRxIqGainAdj
                0x08037788      0x108 ..\obj\ui_driver.o
                0x08037788                UiCalcRxIqGainAdj
 .text.UiCalcTxIqGainAdj
                0x08037890       0xd8 ..\obj\ui_driver.o
                0x08037890                UiCalcTxIqGainAdj
 .text.UiCalcRxPhaseAdj
                0x08037968      0x5d0 ..\obj\ui_driver.o
                0x08037968                UiCalcRxPhaseAdj
 .text.UiCalcTxCompLevel
                0x08037f38      0x30c ..\obj\ui_driver.o
                0x08037f38                UiCalcTxCompLevel
 .text.UiCalcTxPhaseAdj
                0x08038244      0x2c0 ..\obj\ui_driver.o
                0x08038244                UiCalcTxPhaseAdj
 .text.UiDriverLoadFilterValue
                0x08038504       0x70 ..\obj\ui_driver.o
                0x08038504                UiDriverLoadFilterValue
 .text.UiDriverLoadEepromValues
                0x08038574     0x1650 ..\obj\ui_driver.o
 .text.UiDriverSaveEepromValuesPowerDown
                0x08039bc4     0x1770 ..\obj\ui_driver.o
                0x08039bc4                UiDriverSaveEepromValuesPowerDown
 .text.EE_InitA
                0x0803b334      0x340 ..\obj\eeprom.o
                0x0803b334                EE_InitA
 .text.EE_Init  0x0803b674       0x24 ..\obj\eeprom.o
                0x0803b674                EE_Init
 .text.EE_ReadVariable
                0x0803b698       0xb8 ..\obj\eeprom.o
                0x0803b698                EE_ReadVariable
 .text.EE_WriteVariable
                0x0803b750       0x50 ..\obj\eeprom.o
                0x0803b750                EE_WriteVariable
 .text.EE_Format
                0x0803b7a0       0x60 ..\obj\eeprom.o
 .text.EE_FindValidPage
                0x0803b800       0xa4 ..\obj\eeprom.o
 .text.EE_VerifyPageFullWriteVariable
                0x0803b8a4       0xcc ..\obj\eeprom.o
 .text.EE_PageTransfer
                0x0803b970      0x174 ..\obj\eeprom.o
 .text.arm_fill_q15
                0x0803bae4       0xe4 ..\..\..\libs\libarm_cortexM4lf_math.a(arm_fill_q15.o)
                0x0803bae4                arm_fill_q15
 .text.arm_copy_f32
                0x0803bbc8      0x158 ..\..\..\libs\libarm_cortexM4lf_math.a(arm_copy_f32.o)
                0x0803bbc8                arm_copy_f32
 .text.arm_min_f32
                0x0803bd20      0x15c ..\..\..\libs\libarm_cortexM4lf_math.a(arm_min_f32.o)
                0x0803bd20                arm_min_f32
 .text.arm_mean_f32
                0x0803be7c      0x1c8 ..\..\..\libs\libarm_cortexM4lf_math.a(arm_mean_f32.o)
                0x0803be7c                arm_mean_f32
 .text.arm_max_q15
                0x0803c044       0xe4 ..\..\..\libs\libarm_cortexM4lf_math.a(arm_max_q15.o)
                0x0803c044                arm_max_q15
 .text.arm_max_f32
                0x0803c128      0x15c ..\..\..\libs\libarm_cortexM4lf_math.a(arm_max_f32.o)
                0x0803c128                arm_max_f32
 .text.arm_split_rfft_q15
                0x0803c284      0x1b4 ..\..\..\libs\libarm_cortexM4lf_math.a(arm_rfft_q15.o)
                0x0803c284                arm_split_rfft_q15
 .text.arm_rfft_q15
                0x0803c438      0x2cc ..\..\..\libs\libarm_cortexM4lf_math.a(arm_rfft_q15.o)
                0x0803c438                arm_rfft_q15
 .text.arm_rfft_init_q15
                0x0803c704       0x78 ..\..\..\libs\libarm_cortexM4lf_math.a(arm_rfft_init_q15.o)
                0x0803c704                arm_rfft_init_q15
 .text.arm_radix4_butterfly_q15
                0x0803c77c      0x2fc ..\..\..\libs\libarm_cortexM4lf_math.a(arm_cfft_radix4_q15.o)
                0x0803c77c                arm_radix4_butterfly_q15
 .text.arm_radix4_butterfly_inverse_q15
                0x0803ca78      0x2fc ..\..\..\libs\libarm_cortexM4lf_math.a(arm_cfft_radix4_q15.o)
                0x0803ca78                arm_radix4_butterfly_inverse_q15
 .text.arm_bitreversal_q15
                0x0803cd74      0x118 ..\..\..\libs\libarm_cortexM4lf_math.a(arm_cfft_radix4_q15.o)
                0x0803cd74                arm_bitreversal_q15
 .text.arm_cfft_radix4_init_q15
                0x0803ce8c       0x7c ..\..\..\libs\libarm_cortexM4lf_math.a(arm_cfft_radix4_init_q15.o)
                0x0803ce8c                arm_cfft_radix4_init_q15
 .text.arm_lms_norm_init_f32
                0x0803cf08       0x38 ..\..\..\libs\libarm_cortexM4lf_math.a(arm_lms_norm_init_f32.o)
                0x0803cf08                arm_lms_norm_init_f32
 .text.arm_lms_norm_f32
                0x0803cf40      0x620 ..\..\..\libs\libarm_cortexM4lf_math.a(arm_lms_norm_f32.o)
                0x0803cf40                arm_lms_norm_f32
 .text.arm_iir_lattice_f32
                0x0803d560      0x3e0 ..\..\..\libs\libarm_cortexM4lf_math.a(arm_iir_lattice_f32.o)
                0x0803d560                arm_iir_lattice_f32
 .text.arm_fir_interpolate_f32
                0x0803d940      0x44c ..\..\..\libs\libarm_cortexM4lf_math.a(arm_fir_interpolate_f32.o)
                0x0803d940                arm_fir_interpolate_f32
 .text.arm_fir_init_f32
                0x0803dd8c       0x24 ..\..\..\libs\libarm_cortexM4lf_math.a(arm_fir_init_f32.o)
                0x0803dd8c                arm_fir_init_f32
 .text.arm_fir_f32
                0x0803ddb0      0x498 ..\..\..\libs\libarm_cortexM4lf_math.a(arm_fir_f32.o)
                0x0803ddb0                arm_fir_f32
 .text.arm_fir_decimate_f32
                0x0803e248      0x3e0 ..\..\..\libs\libarm_cortexM4lf_math.a(arm_fir_decimate_f32.o)
                0x0803e248                arm_fir_decimate_f32
 .text.arm_cmplx_mag_q15
                0x0803e628      0x178 ..\..\..\libs\libarm_cortexM4lf_math.a(arm_cmplx_mag_q15.o)
                0x0803e628                arm_cmplx_mag_q15
 .text.arm_sqrt_q15
                0x0803e7a0      0x3e4 ..\..\..\libs\libarm_cortexM4lf_math.a(arm_sqrt_q15.o)
                0x0803e7a0                arm_sqrt_q15
 .text.arm_sin_f32
                0x0803eb84       0xd0 ..\..\..\libs\libarm_cortexM4lf_math.a(arm_sin_f32.o)
                0x0803eb84                arm_sin_f32
 .text.arm_cos_f32
                0x0803ec54       0xd0 ..\..\..\libs\libarm_cortexM4lf_math.a(arm_cos_f32.o)
                0x0803ec54                arm_cos_f32
 .text.arm_sub_f32
                0x0803ed24      0x214 ..\..\..\libs\libarm_cortexM4lf_math.a(arm_sub_f32.o)
                0x0803ed24                arm_sub_f32
 .text.arm_shift_q15
                0x0803ef38      0x434 ..\..\..\libs\libarm_cortexM4lf_math.a(arm_shift_q15.o)
                0x0803ef38                arm_shift_q15
 .text.arm_scale_f32
                0x0803f36c      0x274 ..\..\..\libs\libarm_cortexM4lf_math.a(arm_scale_f32.o)
                0x0803f36c                arm_scale_f32
 .text.arm_mult_f32
                0x0803f5e0      0x214 ..\..\..\libs\libarm_cortexM4lf_math.a(arm_mult_f32.o)
                0x0803f5e0                arm_mult_f32
 .text.arm_add_f32
                0x0803f7f4      0x214 ..\..\..\libs\libarm_cortexM4lf_math.a(arm_add_f32.o)
                0x0803f7f4                arm_add_f32
 .text.pow10    0x0803fa08       0x18 ..\..\..\libs\libm.a(lib_a-s_pow10.o)
                0x0803fa08                pow10
 .text.ceilf    0x0803fa20       0x94 ..\..\..\libs\libm.a(lib_a-sf_ceil.o)
                0x0803fa20                ceilf
 .text.floorf   0x0803fab4       0x9c ..\..\..\libs\libm.a(lib_a-sf_floor.o)
                0x0803fab4                floorf
 .text.truncf   0x0803fb50       0x34 ..\..\..\libs\libm.a(lib_a-sf_trunc.o)
                0x0803fb50                truncf
 .text.pow      0x0803fb84      0x370 ..\..\..\libs\libm.a(lib_a-w_pow.o)
                0x0803fb84                pow
 .text.sqrt     0x0803fef4       0xbc ..\..\..\libs\libm.a(lib_a-w_sqrt.o)
                0x0803fef4                sqrt
 .text.log10f   0x0803ffb0       0xf8 ..\..\..\libs\libm.a(lib_a-wf_log10.o)
                0x0803ffb0                log10f
 .text.powf     0x080400a8      0x39c ..\..\..\libs\libm.a(lib_a-wf_pow.o)
                0x080400a8                powf
 .text.sqrtf    0x08040444       0xb4 ..\..\..\libs\libm.a(lib_a-wf_sqrt.o)
                0x08040444                sqrtf
 .text.__ieee754_pow
                0x080404f8      0xb90 ..\..\..\libs\libm.a(lib_a-e_pow.o)
                0x080404f8                __ieee754_pow
 .text.__ieee754_sqrt
                0x08041088      0x1c4 ..\..\..\libs\libm.a(lib_a-e_sqrt.o)
                0x08041088                __ieee754_sqrt
 .text.__ieee754_log10f
                0x0804124c       0xbc ..\..\..\libs\libm.a(lib_a-ef_log10.o)
                0x0804124c                __ieee754_log10f
 .text.__ieee754_powf
                0x08041308      0x600 ..\..\..\libs\libm.a(lib_a-ef_pow.o)
                0x08041308                __ieee754_powf
 .text.__ieee754_sqrtf
                0x08041908       0x9c ..\..\..\libs\libm.a(lib_a-ef_sqrt.o)
                0x08041908                __ieee754_sqrtf
 .text.fabs     0x080419a4       0x14 ..\..\..\libs\libm.a(lib_a-s_fabs.o)
                0x080419a4                fabs
 .text.finite   0x080419b8       0x14 ..\..\..\libs\libm.a(lib_a-s_finite.o)
                0x080419b8                finite
 .text.__fpclassifyd
                0x080419cc       0x70 ..\..\..\libs\libm.a(lib_a-s_fpclassify.o)
                0x080419cc                __fpclassifyd
 .text.matherr  0x08041a3c        0x4 ..\..\..\libs\libm.a(lib_a-s_matherr.o)
                0x08041a3c                matherr
 .text.nan      0x08041a40       0x10 ..\..\..\libs\libm.a(lib_a-s_nan.o)
                0x08041a40                nan
 .text.rint     0x08041a50      0x124 ..\..\..\libs\libm.a(lib_a-s_rint.o)
                0x08041a50                rint
 *fill*         0x08041b74        0x4 00
 .text.scalbn   0x08041b78      0x120 ..\..\..\libs\libm.a(lib_a-s_scalbn.o)
                0x08041b78                scalbn
 .text.fabsf    0x08041c98       0x10 ..\..\..\libs\libm.a(lib_a-sf_fabs.o)
                0x08041c98                fabsf
 .text.finitef  0x08041ca8       0x14 ..\..\..\libs\libm.a(lib_a-sf_finite.o)
                0x08041ca8                finitef
 .text.__fpclassifyf
                0x08041cbc       0x5c ..\..\..\libs\libm.a(lib_a-sf_fpclassify.o)
                0x08041cbc                __fpclassifyf
 .text.nanf     0x08041d18        0xc ..\..\..\libs\libm.a(lib_a-sf_nan.o)
                0x08041d18                nanf
 .text.scalbnf  0x08041d24       0xcc ..\..\..\libs\libm.a(lib_a-sf_scalbn.o)
                0x08041d24                scalbnf
 .text.__ieee754_logf
                0x08041df0      0x204 ..\..\..\libs\libm.a(lib_a-ef_log.o)
                0x08041df0                __ieee754_logf
 .text.copysign
                0x08041ff4       0x24 ..\..\..\libs\libm.a(lib_a-s_copysign.o)
                0x08041ff4                copysign
 .text.copysignf
                0x08042018       0x18 ..\..\..\libs\libm.a(lib_a-sf_copysign.o)
                0x08042018                copysignf
 .text          0x08042030      0x370 c:/program files (x86)/gnu tools arm embedded/4.7 2014q2/bin/../lib/gcc/arm-none-eabi/4.7.4/armv7e-m/fpu\libgcc.a(_arm_addsubdf3.o)
                0x08042030                __aeabi_drsub
                0x08042038                __aeabi_dsub
                0x08042038                __subdf3
                0x0804203c                __aeabi_dadd
                0x0804203c                __adddf3
                0x080422b4                __floatunsidf
                0x080422b4                __aeabi_ui2d
                0x080422d4                __floatsidf
                0x080422d4                __aeabi_i2d
                0x080422f8                __aeabi_f2d
                0x080422f8                __extendsfdf2
                0x08042334                __floatundidf
                0x08042334                __aeabi_ul2d
                0x08042344                __floatdidf
                0x08042344                __aeabi_l2d
 .text          0x080423a0      0x424 c:/program files (x86)/gnu tools arm embedded/4.7 2014q2/bin/../lib/gcc/arm-none-eabi/4.7.4/armv7e-m/fpu\libgcc.a(_arm_muldivdf3.o)
                0x080423a0                __aeabi_dmul
                0x080423a0                __muldf3
                0x080425f4                __divdf3
                0x080425f4                __aeabi_ddiv
 .text          0x080427c4      0x110 c:/program files (x86)/gnu tools arm embedded/4.7 2014q2/bin/../lib/gcc/arm-none-eabi/4.7.4/armv7e-m/fpu\libgcc.a(_arm_cmpdf2.o)
                0x080427c4                __gtdf2
                0x080427c4                __gedf2
                0x080427cc                __ltdf2
                0x080427cc                __ledf2
                0x080427d4                __nedf2
                0x080427d4                __eqdf2
                0x080427d4                __cmpdf2
                0x08042850                __aeabi_cdrcmple
                0x08042860                __aeabi_cdcmpeq
                0x08042860                __aeabi_cdcmple
                0x08042870                __aeabi_dcmpeq
                0x08042884                __aeabi_dcmplt
                0x08042898                __aeabi_dcmple
                0x080428ac                __aeabi_dcmpge
                0x080428c0                __aeabi_dcmpgt
 .text          0x080428d4       0xa0 c:/program files (x86)/gnu tools arm embedded/4.7 2014q2/bin/../lib/gcc/arm-none-eabi/4.7.4/armv7e-m/fpu\libgcc.a(_arm_truncdfsf2.o)
                0x080428d4                __truncdfsf2
                0x080428d4                __aeabi_d2f
 .text.__register_exitproc
                0x08042974       0xac ..\..\..\libs\libc.a(lib_a-__atexit.o)
                0x08042974                __register_exitproc
 .text.__errno  0x08042a20        0xc ..\..\..\libs\libc.a(lib_a-errno.o)
                0x08042a20                __errno
 .text.__libc_fini_array
                0x08042a2c       0x2c ..\..\..\libs\libc.a(lib_a-fini.o)
                0x08042a2c                __libc_fini_array
 .text.memcmp   0x08042a58       0x60 ..\..\..\libs\libc.a(lib_a-memcmp.o)
                0x08042a58                memcmp
 .text.memset   0x08042ab8       0x90 ..\..\..\libs\libc.a(lib_a-memset.o)
                0x08042ab8                memset
 .text.strlen   0x08042b48       0x60 ..\..\..\libs\libc.a(lib_a-strlen.o)
                0x08042b48                strlen
 .text.startup.register_fini
                0x08042ba8       0x14 ..\..\..\libs\libc.a(lib_a-__call_atexit.o)
 .text.atexit   0x08042bbc        0xc ..\..\..\libs\libc.a(lib_a-atexit.o)
                0x08042bbc                atexit
 *(.init)
 .init          0x08042bc8        0x4 c:/program files (x86)/gnu tools arm embedded/4.7 2014q2/bin/../lib/gcc/arm-none-eabi/4.7.4/armv7e-m/fpu/crti.o
                0x08042bc8                _init
 .init          0x08042bcc        0x8 c:/program files (x86)/gnu tools arm embedded/4.7 2014q2/bin/../lib/gcc/arm-none-eabi/4.7.4/armv7e-m/fpu/crtn.o
 *(.fini)
 .fini          0x08042bd4        0x4 c:/program files (x86)/gnu tools arm embedded/4.7 2014q2/bin/../lib/gcc/arm-none-eabi/4.7.4/armv7e-m/fpu/crti.o
                0x08042bd4                _fini
 .fini          0x08042bd8        0x8 c:/program files (x86)/gnu tools arm embedded/4.7 2014q2/bin/../lib/gcc/arm-none-eabi/4.7.4/armv7e-m/fpu/crtn.o
 *crtbegin.o(.ctors)
 *crtbegin?.o(.ctors)
 *(EXCLUDE_FILE(*crtend.o *crtend?.o) .ctors)
 *(SORT(.ctors.*))
 *(.ctors)
 *crtbegin.o(.dtors)
 *crtbegin?.o(.dtors)
 *(EXCLUDE_FILE(*crtend.o *crtend?.o) .dtors)
 *(SORT(.dtors.*))
 *(.dtors)
 *(.rodata*)
 .rodata        0x08042be0      0x2bc ..\obj\main.o
                0x08042be0                VirtAddVarTab
 .rodata        0x08042e9c       0x10 ..\obj\stm32f4xx_rcc.o
                0x08042e9c                APBAHBPrescTable
 .rodata        0x08042eac      0x16c ..\obj\ui_lcd_hy28.o
 .rodata        0x08043018       0x24 ..\obj\printf.o
 .rodata        0x0804303c       0x98 ..\obj\usbd_desc.o
 .rodata        0x080430d4     0x3ef8 ..\obj\ui_lcd_hy28_fonts.o
                0x080430d4                GL_ASCII16x24_Table
                0x080442a4                GL_ASCII12x12_Table
                0x08044ba4                GL_ASCII8x12_Table
                0x080454a4                GL_ASCII8x12_bold_Table
                0x080469a4                GL_ASCII8x8_Table
                0x08046fa4                GL_Font16x24
                0x08046fac                GL_Font12x12
                0x08046fb4                GL_Font8x12
                0x08046fbc                GL_Font8x12_bold
                0x08046fc4                GL_Font8x8
 .rodata        0x08046fcc        0xc ..\obj\usbd_cdc_vcp.o
 .rodata        0x08046fd8      0xc88 ..\obj\audio_driver.o
                0x08046fd8                Fir10k
                0x08047098                Fir3p6k
                0x08047158                Fir2p3k
                0x08047218                Fir1p8k
                0x080472d8                IIR_300hz_numStages
                0x080472dc                IIR_300hz_750_pkCoeffs
                0x08047304                IIR_300hz_750_pvCoeffs
                0x08047330                IIR_300hz_800_pkCoeffs
                0x08047358                IIR_300hz_800_pvCoeffs
                0x08047384                IIR_300hz_850_pkCoeffs
                0x080473ac                IIR_300hz_850_pvCoeffs
                0x080473d8                IIR_300hz_900_pkCoeffs
                0x08047400                IIR_300hz_900_pvCoeffs
                0x0804742c                IIR_300hz_950_pkCoeffs
                0x08047454                IIR_300hz_950_pvCoeffs
                0x08047480                IIR_300hz_700_pkCoeffs
                0x080474a8                IIR_300hz_700_pvCoeffs
                0x080474d4                IIR_300hz_650_pkCoeffs
                0x080474fc                IIR_300hz_650_pvCoeffs
                0x08047528                IIR_300hz_600_pkCoeffs
                0x08047550                IIR_300hz_600_pvCoeffs
                0x0804757c                IIR_300hz_550_pkCoeffs
                0x080475a4                IIR_300hz_550_pvCoeffs
                0x080475d0                IIR_300hz_500_pkCoeffs
                0x080475f8                IIR_300hz_500_pvCoeffs
                0x08047624                IIR_500hz_numStages
                0x08047628                IIR_500hz_750_pkCoeffs
                0x08047650                IIR_500hz_750_pvCoeffs
                0x0804767c                IIR_500hz_850_pkCoeffs
                0x080476a4                IIR_500hz_850_pvCoeffs
                0x080476d0                IIR_500hz_950_pkCoeffs
                0x080476f8                IIR_500hz_950_pvCoeffs
                0x08047724                IIR_500hz_650_pkCoeffs
                0x0804774c                IIR_500hz_650_pvCoeffs
                0x08047778                IIR_500hz_550_pkCoeffs
                0x080477a0                IIR_500hz_550_pvCoeffs
                0x080477cc                IIR_1k8_numStages
                0x080477d0                IIR_1k8_1k425_pkCoeffs
                0x080477f8                IIR_1k8_1k425_pvCoeffs
                0x08047824                IIR_1k8_1k275_pkCoeffs
                0x0804784c                IIR_1k8_1k275_pvCoeffs
                0x08047878                IIR_1k8_1k125_pkCoeffs
                0x080478a0                IIR_1k8_1k125_pvCoeffs
                0x080478cc                IIR_1k8_1k575_pkCoeffs
                0x080478f4                IIR_1k8_1k575_pvCoeffs
                0x08047920                IIR_1k8_1k725_pkCoeffs
                0x08047948                IIR_1k8_1k725_pvCoeffs
                0x08047974                IIR_2k3_numStages
                0x08047978                IIR_2k3_1k412_pkCoeffs
                0x080479a0                IIR_2k3_1k412_pvCoeffs
                0x080479cc                IIR_2k3_1k275_pkCoeffs
                0x080479f4                IIR_2k3_1k275_pvCoeffs
                0x08047a20                IIR_2k3_1k562_pkCoeffs
                0x08047a48                IIR_2k3_1k562_pvCoeffs
                0x08047a74                IIR_2k3_1k712_pkCoeffs
                0x08047a9c                IIR_2k3_1k712_pvCoeffs
                0x08047ac8                IIR_3k6_numStages
                0x08047acc                IIR_3k6_pkCoeffs
                0x08047af4                IIR_3k6_pvCoeffs
                0x08047b20                IIR_10k_numStages
                0x08047b24                IIR_10k_pkCoeffs
                0x08047b44                IIR_10k_pvCoeffs
                0x08047b68                IIR_TX_2k7_numStages
                0x08047b6c                IIR_TX_2k7_pkCoeffs
                0x08047b94                IIR_TX_2k7_pvCoeffs
                0x08047bc0                FirRxDecimate
                0x08047bd0                FirRxDecimateMinLPF
                0x08047be0                FirRxInterpolate
                0x08047c20                FirRxInterpolate10KHZ
 .rodata        0x08047c60      0xa6c ..\obj\ui_menu.o
 .rodata        0x080486cc       0x14 ..\obj\ui_si570.o
                0x080486cc                hs_div
                0x080486d4                fout0
                0x080486d8                fdco_max
                0x080486dc                fdco_min
 .rodata        0x080486e0       0x30 ..\obj\cat_driver.o
 .rodata        0x08048710      0x800 ..\obj\softdds.o
                0x08048710                DDS_TABLE
 .rodata        0x08048f10       0x80 ..\obj\cw_gen.o
                0x08048f10                sm_table
 .rodata        0x08048f90       0xa8 ..\obj\mchf_board.o
 .rodata        0x08049038     0x1940 ..\obj\ui_driver.o
                0x08049038                q_rx_10k_coeffs
                0x0804919c                q_rx_10k_coeffs_minus
                0x08049300                q_rx_10k_coeffs_plus
                0x08049464                i_rx_10k_coeffs
                0x080495c8                q_rx_3k6_coeffs
                0x0804972c                q_rx_3k6_coeffs_minus
                0x08049890                q_rx_3k6_coeffs_plus
                0x080499f4                i_rx_3k6_coeffs
                0x08049b58                q_tx_coeffs
                0x08049cbc                q_tx_coeffs_minus
                0x08049e20                q_tx_coeffs_plus
                0x08049f84                i_tx_coeffs
                0x0804a0e8                iq_rx_am_10k_coeffs
                0x0804a24c                iq_rx_am_3k6_coeffs
                0x0804a3b0                iq_rx_am_2k3_coeffs
                0x0804a514                tune_steps
                0x0804a52c                tune_bands
                0x0804a550                size_bands
                0x0804a574                bm
                0x0804a5f4                S_Meter_Cal
 .rodata        0x0804a978     0x2000 ..\..\..\libs\libarm_cortexM4lf_math.a(arm_rfft_init_q15.o)
 .rodata        0x0804c978     0x1000 ..\..\..\libs\libarm_cortexM4lf_math.a(arm_cfft_radix4_init_q15.o)
 .rodata        0x0804d978      0x40c ..\..\..\libs\libarm_cortexM4lf_math.a(arm_sin_f32.o)
 .rodata        0x0804dd84      0x40c ..\..\..\libs\libarm_cortexM4lf_math.a(arm_cos_f32.o)
 .rodata        0x0804e190      0x380 ..\..\..\libs\libarm_cortexM4lf_math.a(arm_common_tables.o)
                0x0804e190                armRecipTableQ31
                0x0804e290                armRecipTableQ15
                0x0804e310                armBitRevTable
 .rodata.str1.4
                0x0804e510        0x4 ..\..\..\libs\libm.a(lib_a-w_pow.o)
 .rodata.str1.4
                0x0804e514        0x5 ..\..\..\libs\libm.a(lib_a-w_sqrt.o)
                                  0x8 (size before relaxing)
 *fill*         0x0804e519        0x3 00
 .rodata.str1.4
                0x0804e51c        0x7 ..\..\..\libs\libm.a(lib_a-wf_log10.o)
                                  0xc (size before relaxing)
 *fill*         0x0804e523        0x1 00
 .rodata.str1.4
                0x0804e524        0x5 ..\..\..\libs\libm.a(lib_a-wf_pow.o)
                                  0x8 (size before relaxing)
 *fill*         0x0804e529        0x3 00
 .rodata.str1.4
                0x0804e52c        0x6 ..\..\..\libs\libm.a(lib_a-wf_sqrt.o)
                                  0x8 (size before relaxing)
 *fill*         0x0804e532        0x6 00
 .rodata.dp_h   0x0804e538       0x10 ..\..\..\libs\libm.a(lib_a-e_pow.o)
 .rodata.dp_l   0x0804e548       0x10 ..\..\..\libs\libm.a(lib_a-e_pow.o)
 .rodata.bp     0x0804e558       0x10 ..\..\..\libs\libm.a(lib_a-e_pow.o)
 .rodata.str1.4
                0x00000000        0x4 ..\..\..\libs\libm.a(lib_a-e_pow.o)
 .rodata.dp_h   0x0804e568        0x8 ..\..\..\libs\libm.a(lib_a-ef_pow.o)
 .rodata.dp_l   0x0804e570        0x8 ..\..\..\libs\libm.a(lib_a-ef_pow.o)
 .rodata.bp     0x0804e578        0x8 ..\..\..\libs\libm.a(lib_a-ef_pow.o)
 .rodata.str1.4
                0x00000000        0x4 ..\..\..\libs\libm.a(lib_a-ef_pow.o)
 .rodata.TWO52  0x0804e580       0x10 ..\..\..\libs\libm.a(lib_a-s_rint.o)
 .rodata.str1.4
                0x0804e590        0x4 ..\..\..\libs\libc.a(lib_a-impure.o)
 .rodata._global_impure_ptr
                0x0804e594        0x4 ..\..\..\libs\libc.a(lib_a-impure.o)
                0x0804e594                _global_impure_ptr
 *(.eh_fram e*)

.eh_frame       0x0804e598        0x0
 .eh_frame      0x0804e598        0x0 c:/program files (x86)/gnu tools arm embedded/4.7 2014q2/bin/../lib/gcc/arm-none-eabi/4.7.4/armv7e-m/fpu/crtbegin.o

.glue_7         0x0804e598        0x0
 .glue_7        0x00000000        0x0 linker stubs

.glue_7t        0x0804e598        0x0
 .glue_7t       0x00000000        0x0 linker stubs

.vfp11_veneer   0x0804e598        0x0
 .vfp11_veneer  0x00000000        0x0 linker stubs

.v4_bx          0x0804e598        0x0
 .v4_bx         0x00000000        0x0 linker stubs

.iplt           0x0804e598        0x0
 .iplt          0x00000000        0x0 c:/program files (x86)/gnu tools arm embedded/4.7 2014q2/bin/../lib/gcc/arm-none-eabi/4.7.4/armv7e-m/fpu/crtbegin.o

.rel.dyn        0x0804e598        0x0
 .rel.iplt      0x00000000        0x0 c:/program files (x86)/gnu tools arm embedded/4.7 2014q2/bin/../lib/gcc/arm-none-eabi/4.7.4/armv7e-m/fpu/crtbegin.o

.ARM.extab
 *(.ARM.extab* .gnu.linkonce.armextab.*)
                0x0804e598                __exidx_start = .

.ARM.exidx
 *(.ARM.exidx* .gnu.linkonce.armexidx.*)
                0x0804e598                __exidx_end = .
                0x0804e598                __etext = .
                0x0804e598                _sidata = __etext

.data           0x20000000      0x654 load address 0x0804e598
                0x20000000                __data_start__ = .
                0x20000000                _sdata = __data_start__
 *(vtable)
 *(.data*)
 .data          0x20000000       0x1c ..\obj\usbd_usr.o
                0x20000000                USR_cb
 .data          0x2000001c        0x4 ..\obj\mchf_hw_i2c.o
                0x2000001c                I2C1_Timeout
 .data          0x20000020       0x30 ..\obj\usbd_core.o
                0x20000020                USBD_DCD_INT_cb
                0x2000004c                USBD_DCD_INT_fops
 .data          0x20000050       0x40 ..\obj\usbd_desc.o
                0x20000050                USR_desc
                0x2000006c                USBD_DeviceDesc
                0x20000080                USBD_DeviceQualifierDesc
                0x2000008c                USBD_LangIDDesc
 .data          0x20000090       0x1c ..\obj\usbd_cdc_vcp.o
                0x20000090                linecoding
                0x20000098                VCP_fops
 .data          0x200000ac        0x1 ..\obj\audio_driver.o
 *fill*         0x200000ad        0x3 00
 .data          0x200000b0       0x14 ..\obj\ui_menu.o
 .data          0x200000c4       0x74 ..\obj\usbd_cdc_core.o
                0x200000c4                usbd_cdc_CfgDesc
                0x2000010c                USBD_CDC_cb
 .data          0x20000138        0x4 ..\obj\mchf_hw_i2c2.o
                0x20000138                I2C2_Timeout
 .data          0x2000013c       0xd8 ..\obj\ui_driver.o
                0x2000013c                tcxo_table_20m
 .data.__fdlib_version
                0x20000214        0x1 ..\..\..\libs\libm.a(lib_a-s_lib_ver.o)
                0x20000214                __fdlib_version
 *fill*         0x20000215        0x3 00
 .data.impure_data
                0x20000218      0x428 ..\..\..\libs\libc.a(lib_a-impure.o)
 .data._impure_ptr
                0x20000640        0x4 ..\..\..\libs\libc.a(lib_a-impure.o)
                0x20000640                _impure_ptr
                0x20000644                . = ALIGN (0x4)
                0x20000644                PROVIDE (__preinit_array_start, .)
 *(.preinit_array)
                0x20000644                PROVIDE (__preinit_array_end, .)
                0x20000644                . = ALIGN (0x4)
                0x20000644                PROVIDE (__init_array_start, .)
 *(SORT(.init_array.*))
 .init_array.00000
                0x20000644        0x4 ..\..\..\libs\libc.a(lib_a-__call_atexit.o)
 *(.init_array)
 .init_array    0x20000648        0x4 c:/program files (x86)/gnu tools arm embedded/4.7 2014q2/bin/../lib/gcc/arm-none-eabi/4.7.4/armv7e-m/fpu/crtbegin.o
                0x2000064c                PROVIDE (__init_array_end, .)
                0x2000064c                . = ALIGN (0x4)
                0x2000064c                PROVIDE (__fini_array_start, .)
 *(SORT(.fini_array.*))
 *(.fini_array)
 .fini_array    0x2000064c        0x4 c:/program files (x86)/gnu tools arm embedded/4.7 2014q2/bin/../lib/gcc/arm-none-eabi/4.7.4/armv7e-m/fpu/crtbegin.o
                0x20000650                PROVIDE (__fini_array_end, .)
 *(.jcr*)
 .jcr           0x20000650        0x0 c:/program files (x86)/gnu tools arm embedded/4.7 2014q2/bin/../lib/gcc/arm-none-eabi/4.7.4/armv7e-m/fpu/crtbegin.o
 .jcr           0x20000650        0x4 c:/program files (x86)/gnu tools arm embedded/4.7 2014q2/bin/../lib/gcc/arm-none-eabi/4.7.4/armv7e-m/fpu/crtend.o
                0x20000654                . = ALIGN (0x4)
                0x20000654                __data_end__ = .
                0x20000654                _edata = __data_end__

.igot.plt       0x20000654        0x0 load address 0x0804ebec
 .igot.plt      0x00000000        0x0 c:/program files (x86)/gnu tools arm embedded/4.7 2014q2/bin/../lib/gcc/arm-none-eabi/4.7.4/armv7e-m/fpu/crtbegin.o

.bss            0x20000658     0xdbe0 load address 0x0804ebf0
                0x20000658                . = ALIGN (0x4)
                0x20000658                __bss_start__ = .
                0x20000658                _sbss = __bss_start__
 *(.bss*)
 .bss           0x20000658       0x1c c:/program files (x86)/gnu tools arm embedded/4.7 2014q2/bin/../lib/gcc/arm-none-eabi/4.7.4/armv7e-m/fpu/crtbegin.o
 .bss           0x20000674        0x4 ..\obj\usbh_bsp.o
                0x20000674                BSP_delay
 .bss           0x20000678       0x90 ..\obj\i2s.o
 .bss           0x20000708      0x188 ..\obj\audio_driver.o
 .bss           0x20000890       0x10 ..\obj\usbd_req.o
                0x20000890                USBD_ep_status
                0x20000894                USBD_default_cfg
                0x20000898                USBD_cfg_status
 .bss           0x200008a0       0x1c ..\obj\usbd_cdc_core.o
                0x200008a4                APP_Rx_ptr_in
                0x200008a8                APP_Rx_ptr_out
                0x200008ac                APP_Rx_length
                0x200008b0                USB_Tx_State
 .bss           0x200008bc      0x844 ..\obj\ui_driver.o
                0x200008bc                unmute_delay
                0x200008c0                drv_state
                0x200008c1                drv_init
                0x200010c4                ptt_break
 .bss           0x20001100        0x2 ..\obj\eeprom.o
                0x20001100                DataVar
 *(COMMON)
 *fill*         0x20001102        0x2 00
 COMMON         0x20001104        0x4 ..\obj\usbd_core.o
                0x20001104                SET_TEST_MODE
 COMMON         0x20001108      0x138 ..\obj\main.o
                0x20001108                ts
 COMMON         0x20001240     0xb248 ..\obj\audio_driver.o
                0x20001240                test_a
                0x20003950                test_d
                0x20004120                lms1StateF32
                0x20004420                lms2StateF32
                0x20004720                lms1_instance
                0x20004730                errsig2
                0x20004834                lms2_nr_delay
                0x20005874                rx_buffer
                0x20005978                interpState
                0x20005a38                tx_buffer
                0x20005b3c                errsig1
                0x20005c40                FIR_Q
                0x20005c4c                iir_tx_state
                0x20005d0c                lms1NormCoeff_f32
                0x2000600c                lms2NormCoeff_f32
                0x2000630c                test_b
                0x20008a1c                FIR_Q_TX
                0x20008a28                sd
                0x20009888                result
                0x2000998c                agc_delay
                0x20009ecc                lms1Norm_instance
                0x20009ee4                FIR_I_TX
                0x20009ef0                FIR_I
                0x20009efc                decimState
                0x20009fbc                sm
                0x20009fd0                IIR_TXFilter
                0x20009fe0                lms1_nr_delay
                0x2000a820                test_e
                0x2000aff0                lms2Norm_instance
                0x2000b008                ads
                0x2000bca8                lms2_instance
                0x2000bcb8                test_c
 COMMON         0x2000c488       0xff ..\obj\usbd_req.o
                0x2000c488                USBD_StrDesc
 *fill*         0x2000c587        0x1 00
 COMMON         0x2000c588       0xb0 ..\obj\ui_menu.o
                0x2000c588                ks
                0x2000c5ac                pwmt
                0x2000c5bc                df
                0x2000c5f8                lo
                0x2000c608                ets
                0x2000c614                swrm
                0x2000c620                ews
                0x2000c62c                eos
 COMMON         0x2000c638      0x88c ..\obj\usbd_cdc_core.o
                0x2000c638                usbd_cdc_OtherCfgDesc
                0x2000c67c                USB_Rx_Buffer
                0x2000c6bc                CmdBuff
                0x2000c6c4                APP_Rx_Buffer
 *fill*         0x2000cec4        0x4 00
 COMMON         0x2000cec8       0x20 ..\obj\ui_si570.o
                0x2000cec8                os
 COMMON         0x2000cee8      0xa94 ..\obj\cat_driver.o
                0x2000cee8                USB_OTG_dev
 COMMON         0x2000d97c        0x4 ..\obj\softdds.o
                0x2000d97c                step
 COMMON         0x2000d980       0x18 ..\obj\cw_gen.o
                0x2000d980                ps
 COMMON         0x2000d998      0x820 ..\obj\mchf_board.o
                0x2000d998                fc
 COMMON         0x2000e1b8       0x80 ..\obj\ui_driver.o
                0x2000e1b8                band_decod_mode
                0x2000e1e0                kd
                0x2000e1e4                band_filter_mode
                0x2000e20c                band_dial_value
                0x2000e234                es
                0x2000e238                . = ALIGN (0x4)
                0x2000e238                __bss_end__ = .
                0x2000e238                _ebss = __bss_end__

.heap           0x2000e238        0x0
                0x2000e238                __end__ = .
                0x2000e238                _end = __end__
                0x2000e238                end = __end__
 *(.heap*)
                0x2000e238                __HeapLimit = .
