Archive member included because of file (symbol)

..\..\..\libs\libarm_cortexM4lf_math.a(arm_fill_q15.o)
                              ..\obj\audio_driver.o (arm_fill_q15)
..\..\..\libs\libarm_cortexM4lf_math.a(arm_copy_f32.o)
                              ..\obj\audio_driver.o (arm_copy_f32)
..\..\..\libs\libarm_cortexM4lf_math.a(arm_min_f32.o)
                              ..\obj\audio_driver.o (arm_min_f32)
..\..\..\libs\libarm_cortexM4lf_math.a(arm_mean_f32.o)
                              ..\obj\audio_driver.o (arm_mean_f32)
..\..\..\libs\libarm_cortexM4lf_math.a(arm_max_q15.o)
                              ..\obj\ui_driver.o (arm_max_q15)
..\..\..\libs\libarm_cortexM4lf_math.a(arm_max_f32.o)
                              ..\obj\audio_driver.o (arm_max_f32)
..\..\..\libs\libarm_cortexM4lf_math.a(arm_rfft_q15.o)
                              ..\obj\ui_driver.o (arm_rfft_q15)
..\..\..\libs\libarm_cortexM4lf_math.a(arm_rfft_init_q15.o)
                              ..\obj\ui_driver.o (arm_rfft_init_q15)
..\..\..\libs\libarm_cortexM4lf_math.a(arm_cfft_radix4_q15.o)
                              ..\..\..\libs\libarm_cortexM4lf_math.a(arm_rfft_q15.o) (arm_radix4_butterfly_q15)
..\..\..\libs\libarm_cortexM4lf_math.a(arm_cfft_radix4_init_q15.o)
                              ..\..\..\libs\libarm_cortexM4lf_math.a(arm_rfft_init_q15.o) (arm_cfft_radix4_init_q15)
..\..\..\libs\libarm_cortexM4lf_math.a(arm_lms_norm_init_f32.o)
                              ..\obj\audio_driver.o (arm_lms_norm_init_f32)
..\..\..\libs\libarm_cortexM4lf_math.a(arm_lms_norm_f32.o)
                              ..\obj\audio_driver.o (arm_lms_norm_f32)
..\..\..\libs\libarm_cortexM4lf_math.a(arm_iir_lattice_f32.o)
                              ..\obj\audio_driver.o (arm_iir_lattice_f32)
..\..\..\libs\libarm_cortexM4lf_math.a(arm_fir_interpolate_f32.o)
                              ..\obj\audio_driver.o (arm_fir_interpolate_f32)
..\..\..\libs\libarm_cortexM4lf_math.a(arm_fir_init_f32.o)
                              ..\obj\ui_driver.o (arm_fir_init_f32)
..\..\..\libs\libarm_cortexM4lf_math.a(arm_fir_f32.o)
                              ..\obj\audio_driver.o (arm_fir_f32)
..\..\..\libs\libarm_cortexM4lf_math.a(arm_fir_decimate_f32.o)
                              ..\obj\audio_driver.o (arm_fir_decimate_f32)
..\..\..\libs\libarm_cortexM4lf_math.a(arm_cmplx_mag_q15.o)
                              ..\obj\ui_driver.o (arm_cmplx_mag_q15)
..\..\..\libs\libarm_cortexM4lf_math.a(arm_sqrt_q15.o)
                              ..\..\..\libs\libarm_cortexM4lf_math.a(arm_cmplx_mag_q15.o) (arm_sqrt_q15)
..\..\..\libs\libarm_cortexM4lf_math.a(arm_sin_f32.o)
                              ..\obj\audio_driver.o (arm_sin_f32)
..\..\..\libs\libarm_cortexM4lf_math.a(arm_cos_f32.o)
                              ..\obj\audio_driver.o (arm_cos_f32)
..\..\..\libs\libarm_cortexM4lf_math.a(arm_sub_f32.o)
                              ..\obj\audio_driver.o (arm_sub_f32)
..\..\..\libs\libarm_cortexM4lf_math.a(arm_shift_q15.o)
                              ..\obj\ui_driver.o (arm_shift_q15)
..\..\..\libs\libarm_cortexM4lf_math.a(arm_scale_f32.o)
                              ..\obj\audio_driver.o (arm_scale_f32)
..\..\..\libs\libarm_cortexM4lf_math.a(arm_mult_f32.o)
                              ..\obj\audio_driver.o (arm_mult_f32)
..\..\..\libs\libarm_cortexM4lf_math.a(arm_add_f32.o)
                              ..\obj\audio_driver.o (arm_add_f32)
..\..\..\libs\libarm_cortexM4lf_math.a(arm_common_tables.o)
                              ..\..\..\libs\libarm_cortexM4lf_math.a(arm_sqrt_q15.o) (armRecipTableQ15)
..\..\..\libs\libm.a(lib_a-s_pow10.o)
                              ..\obj\ui_driver.o (pow10)
..\..\..\libs\libm.a(lib_a-sf_ceil.o)
                              ..\obj\ui_si570.o (ceilf)
..\..\..\libs\libm.a(lib_a-sf_floor.o)
                              ..\obj\ui_si570.o (floorf)
..\..\..\libs\libm.a(lib_a-sf_trunc.o)
                              ..\obj\ui_driver.o (truncf)
..\..\..\libs\libm.a(lib_a-w_pow.o)
                              ..\..\..\libs\libm.a(lib_a-s_pow10.o) (pow)
..\..\..\libs\libm.a(lib_a-w_sqrt.o)
                              ..\obj\ui_driver.o (sqrt)
..\..\..\libs\libm.a(lib_a-wf_log10.o)
                              ..\obj\codec.o (log10f)
..\..\..\libs\libm.a(lib_a-wf_pow.o)
                              ..\obj\audio_driver.o (powf)
..\..\..\libs\libm.a(lib_a-wf_sqrt.o)
                              ..\obj\audio_driver.o (sqrtf)
..\..\..\libs\libm.a(lib_a-e_pow.o)
                              ..\..\..\libs\libm.a(lib_a-w_pow.o) (__ieee754_pow)
..\..\..\libs\libm.a(lib_a-e_sqrt.o)
                              ..\..\..\libs\libm.a(lib_a-w_sqrt.o) (__ieee754_sqrt)
..\..\..\libs\libm.a(lib_a-ef_log10.o)
                              ..\..\..\libs\libm.a(lib_a-wf_log10.o) (__ieee754_log10f)
..\..\..\libs\libm.a(lib_a-ef_pow.o)
                              ..\..\..\libs\libm.a(lib_a-wf_pow.o) (__ieee754_powf)
[...]
Memory Configuration

Name             Origin             Length             Attributes
rom              0x08010000         0x00070000         xr
ram              0x20000000         0x00020000         xrw
ram1             0x10000000         0x00010000         xrw
*default*        0x00000000         0xffffffff

Linker script and memory map

LOAD c:/program files (x86)/gnu tools arm embedded/4.7 2014q2/bin/../lib/gcc/arm-none-eabi/4.7.4/armv7e-m/fpu/crti.o
LOAD c:/program files (x86)/gnu tools arm embedded/4.7 2014q2/bin/../lib/gcc/arm-none-eabi/4.7.4/armv7e-m/fpu/crtbegin.o
LOAD c:/program files (x86)/gnu tools arm embedded/4.7 2014q2/bin/../lib/gcc/arm-none-eabi/4.7.4/../../../../arm-none-eabi/lib/armv7e-m/fpu/crt0.o
                0x20020000                _eram = 0x20020000

.text           0x08010000    0x3ea50
 *(.isr_vector)
 .isr_vector    0x08010000      0x188 ..\obj\startup_stm32f4xx.o
                0x08010000                g_pfnVectors
 *(.text*)
 .text          0x08010188       0x54 c:/program files (x86)/gnu tools arm embedded/4.7 2014q2/bin/../lib/gcc/arm-none-eabi/4.7.4/armv7e-m/fpu/crtbegin.o
 .text.SYSCFG_EXTILineConfig
                0x080101dc       0xb0 ..\obj\stm32f4xx_syscfg.o
                0x080101dc                SYSCFG_EXTILineConfig
 .text.USB_OTG_EnableCommonInt
                0x0801028c       0x44 ..\obj\usb_core.o
 .text.USB_OTG_CoreReset
                0x080102d0       0xa8 ..\obj\usb_core.o
 .text.USB_OTG_WritePacket
                0x08010378       0x84 ..\obj\usb_core.o
                0x08010378                USB_OTG_WritePacket
 .text.USB_OTG_ReadPacket
                0x080103fc       0x68 ..\obj\usb_core.o
                0x080103fc                USB_OTG_ReadPacket
 .text.USB_OTG_SelectCore
                0x08010464      0x1b4 ..\obj\usb_core.o
                0x08010464                USB_OTG_SelectCore
 .text.USB_OTG_CoreInit
                0x08010618      0x150 ..\obj\usb_core.o
                0x08010618                USB_OTG_CoreInit
 .text.USB_OTG_EnableGlobalInt
                0x08010768       0x3c ..\obj\usb_core.o
                0x08010768                USB_OTG_EnableGlobalInt
 .text.USB_OTG_DisableGlobalInt
                0x080107a4       0x40 ..\obj\usb_core.o
                0x080107a4                USB_OTG_DisableGlobalInt
 .text.USB_OTG_FlushTxFifo
                0x080107e4       0x80 ..\obj\usb_core.o
                0x080107e4                USB_OTG_FlushTxFifo
 .text.USB_OTG_FlushRxFifo
                0x08010864       0x6c ..\obj\usb_core.o
                0x08010864                USB_OTG_FlushRxFifo
 .text.USB_OTG_SetCurrentMode
                0x080108d0       0x64 ..\obj\usb_core.o
                0x080108d0                USB_OTG_SetCurrentMode
 .text.USB_OTG_GetMode
                0x08010934       0x20 ..\obj\usb_core.o
                0x08010934                USB_OTG_GetMode
 .text.USB_OTG_IsDeviceMode
                0x08010954       0x24 ..\obj\usb_core.o
                0x08010954                USB_OTG_IsDeviceMode
 .text.USB_OTG_ReadCoreItr
                0x08010978       0x30 ..\obj\usb_core.o
                0x08010978                USB_OTG_ReadCoreItr
 .text.USB_OTG_CoreInitDev
                0x080109a8      0x240 ..\obj\usb_core.o
                0x080109a8                USB_OTG_CoreInitDev
 .text.USB_OTG_EnableDevInt
                0x08010be8       0xa4 ..\obj\usb_core.o
                0x08010be8                USB_OTG_EnableDevInt
 .text.USB_OTG_GetDeviceSpeed
                0x08010c8c       0x50 ..\obj\usb_core.o
                0x08010c8c                USB_OTG_GetDeviceSpeed
 .text.USB_OTG_EP0Activate
                0x08010cdc       0x80 ..\obj\usb_core.o
                0x08010cdc                USB_OTG_EP0Activate
 .text.USB_OTG_EPActivate
                0x08010d5c       0xf8 ..\obj\usb_core.o
                0x08010d5c                USB_OTG_EPActivate
 .text.USB_OTG_EPDeactivate
                0x08010e54       0xa4 ..\obj\usb_core.o
                0x08010e54                USB_OTG_EPDeactivate
 .text.USB_OTG_EPStartXfer
                0x08010ef8      0x2d0 ..\obj\usb_core.o
                0x08010ef8                USB_OTG_EPStartXfer
 .text.USB_OTG_EP0StartXfer
                0x080111c8      0x200 ..\obj\usb_core.o
                0x080111c8                USB_OTG_EP0StartXfer
 .text.USB_OTG_EPSetStall
                0x080113c8       0x94 ..\obj\usb_core.o
                0x080113c8                USB_OTG_EPSetStall
 .text.USB_OTG_EPClearStall
                0x0801145c       0x84 ..\obj\usb_core.o
                0x0801145c                USB_OTG_EPClearStall
 .text.USB_OTG_ReadDevAllOutEp_itr
                0x080114e0       0x30 ..\obj\usb_core.o
                0x080114e0                USB_OTG_ReadDevAllOutEp_itr
 .text.USB_OTG_ReadDevOutEP_itr
                0x08011510       0x3c ..\obj\usb_core.o
                0x08011510                USB_OTG_ReadDevOutEP_itr
 .text.USB_OTG_ReadDevAllInEPItr
                0x0801154c       0x34 ..\obj\usb_core.o
                0x0801154c                USB_OTG_ReadDevAllInEPItr
 .text.USB_OTG_EP0_OutStart
                0x08011580       0x78 ..\obj\usb_core.o
                0x08011580                USB_OTG_EP0_OutStart
 .text.UiRotaryFreqEncoderInit
                0x080115f8       0xd8 ..\obj\ui_rotary.o
                0x080115f8                UiRotaryFreqEncoderInit
 .text.UiRotaryEncoderOneInit
                0x080116d0       0xd8 ..\obj\ui_rotary.o
                0x080116d0                UiRotaryEncoderOneInit
 .text.UiRotaryEncoderTwoInit
                0x080117a8       0xd8 ..\obj\ui_rotary.o
                0x080117a8                UiRotaryEncoderTwoInit
 .text.UiRotaryEncoderThreeInit
                0x08011880       0xd8 ..\obj\ui_rotary.o
                0x08011880                UiRotaryEncoderThreeInit
 .text.USBD_USR_Init
                0x08011958        0xc ..\obj\usbd_usr.o
                0x08011958                USBD_USR_Init
 .text.USBD_USR_DeviceReset
                0x08011964       0x20 ..\obj\usbd_usr.o
                0x08011964                USBD_USR_DeviceReset
 .text.USBD_USR_DeviceConfigured
                0x08011984        0xc ..\obj\usbd_usr.o
                0x08011984                USBD_USR_DeviceConfigured
 .text.USBD_USR_DeviceSuspended
                0x08011990        0xc ..\obj\usbd_usr.o
                0x08011990                USBD_USR_DeviceSuspended
 .text.USBD_USR_DeviceResumed
                0x0801199c        0xc ..\obj\usbd_usr.o
                0x0801199c                USBD_USR_DeviceResumed
 .text.USBD_USR_DeviceConnected
                0x080119a8        0xc ..\obj\usbd_usr.o
                0x080119a8                USBD_USR_DeviceConnected
 .text.USBD_USR_DeviceDisconnected
                0x080119b4        0xc ..\obj\usbd_usr.o
                0x080119b4                USBD_USR_DeviceDisconnected
 .text.WaitSR1FlagsSet
                0x080119c0       0x5c ..\obj\mchf_hw_i2c.o
 .text.WaitLineIdle
                0x08011a1c       0x50 ..\obj\mchf_hw_i2c.o
 .text.mchf_hw_i2c_init
                0x08011a6c       0xc8 ..\obj\mchf_hw_i2c.o
                0x08011a6c                mchf_hw_i2c_init
 .text.mchf_hw_i2c_WriteRegister
                0x08011b34      0x27c ..\obj\mchf_hw_i2c.o
                0x08011b34                mchf_hw_i2c_WriteRegister
 .text.mchf_hw_i2c_WriteBlock
                0x08011db0      0x2a0 ..\obj\mchf_hw_i2c.o
                0x08011db0                mchf_hw_i2c_WriteBlock
 .text.mchf_hw_i2c_ReadRegister
                0x08012050      0x394 ..\obj\mchf_hw_i2c.o
                0x08012050                mchf_hw_i2c_ReadRegister
 .text.mchf_hw_i2c_ReadData
                0x080123e4      0x4c8 ..\obj\mchf_hw_i2c.o
                0x080123e4                mchf_hw_i2c_ReadData
 .text.TIM2_IRQHandler
                0x080128ac        0xc ..\obj\keyb_driver.o
                0x080128ac                TIM2_IRQHandler
 .text.OTG_HS_IRQHandler
                0x080128b8        0xc ..\obj\keyb_driver.o
                0x080128b8                OTG_HS_IRQHandler
 .text.DAC_Init
                0x080128c4       0x74 ..\obj\stm32f4xx_dac.o
                0x080128c4                DAC_Init
 .text.DAC_Cmd  0x08012938       0x64 ..\obj\stm32f4xx_dac.o
                0x08012938                DAC_Cmd
 .text.DAC_SetChannel1Data
                0x0801299c       0x38 ..\obj\stm32f4xx_dac.o
                0x0801299c                DAC_SetChannel1Data
 .text.DAC_SetChannel2Data
                0x080129d4       0x38 ..\obj\stm32f4xx_dac.o
                0x080129d4                DAC_SetChannel2Data
 .text.Default_Reset_Handler
                0x08012a0c       0x80 ..\obj\startup_stm32f4xx.o
                0x08012a0c                Default_Reset_Handler
                0x08012a0c                Reset_Handler
 .text.Default_Handler
                0x08012a8c        0x8 ..\obj\startup_stm32f4xx.o
                0x08012a8c                RTC_Alarm_IRQHandler
                0x08012a8c                HASH_RNG_IRQHandler
                0x08012a8c                EXTI2_IRQHandler
                0x08012a8c                TIM8_CC_IRQHandler
                0x08012a8c                TIM1_CC_IRQHandler
                0x08012a8c                DMA2_Stream5_IRQHandler
                0x08012a8c                DMA1_Stream5_IRQHandler
                0x08012a8c                PVD_IRQHandler
                0x08012a8c                SDIO_IRQHandler
                0x08012a8c                TAMP_STAMP_IRQHandler
                0x08012a8c                PendSV_Handler
                0x08012a8c                CAN2_RX1_IRQHandler
                0x08012a8c                EXTI3_IRQHandler
                0x08012a8c                TIM8_TRG_COM_TIM14_IRQHandler
                0x08012a8c                TIM1_UP_TIM10_IRQHandler
                0x08012a8c                TIM8_UP_TIM13_IRQHandler
                0x08012a8c                I2C3_ER_IRQHandler
                0x08012a8c                I2C2_EV_IRQHandler
                0x08012a8c                CAN1_RX0_IRQHandler
                0x08012a8c                FPU_IRQHandler
                0x08012a8c                OTG_HS_WKUP_IRQHandler
                0x08012a8c                CAN2_SCE_IRQHandler
                0x08012a8c                DMA2_Stream2_IRQHandler
                0x08012a8c                SPI1_IRQHandler
                0x08012a8c                TIM6_DAC_IRQHandler
                0x08012a8c                TIM1_BRK_TIM9_IRQHandler
                0x08012a8c                DCMI_IRQHandler
                0x08012a8c                CAN2_RX0_IRQHandler
                0x08012a8c                DMA2_Stream3_IRQHandler
                0x08012a8c                USART6_IRQHandler
                0x08012a8c                USART3_IRQHandler
                0x08012a8c                CRYP_IRQHandler
                0x08012a8c                CAN1_RX1_IRQHandler
                0x08012a8c                UART5_IRQHandler
                0x08012a8c                DMA2_Stream0_IRQHandler
                0x08012a8c                TIM4_IRQHandler
                0x08012a8c                I2C1_EV_IRQHandler
                0x08012a8c                DMA1_Stream6_IRQHandler
                0x08012a8c                DMA1_Stream1_IRQHandler
                0x08012a8c                UART4_IRQHandler
                0x08012a8c                TIM3_IRQHandler
                0x08012a8c                RCC_IRQHandler
                0x08012a8c                TIM8_BRK_TIM12_IRQHandler
                0x08012a8c                ADC_IRQHandler
                0x08012a8c                DMA1_Stream7_IRQHandler
                0x08012a8c                TIM7_IRQHandler
                0x08012a8c                CAN2_TX_IRQHandler
                0x08012a8c                TIM5_IRQHandler
                0x08012a8c                DMA2_Stream7_IRQHandler
                0x08012a8c                I2C3_EV_IRQHandler
                0x08012a8c                EXTI9_5_IRQHandler
                0x08012a8c                RTC_WKUP_IRQHandler
                0x08012a8c                ETH_WKUP_IRQHandler
                0x08012a8c                SPI2_IRQHandler
                0x08012a8c                OTG_HS_EP1_IN_IRQHandler
                0x08012a8c                DMA1_Stream0_IRQHandler
                0x08012a8c                CAN1_TX_IRQHandler
                0x08012a8c                EXTI4_IRQHandler
                0x08012a8c                FSMC_IRQHandler
                0x08012a8c                ETH_IRQHandler
                0x08012a8c                OTG_HS_EP1_OUT_IRQHandler
                0x08012a8c                WWDG_IRQHandler
                0x08012a8c                OTG_FS_WKUP_IRQHandler
                0x08012a8c                TIM1_TRG_COM_TIM11_IRQHandler
                0x08012a8c                USART2_IRQHandler
                0x08012a8c                I2C2_ER_IRQHandler
                0x08012a8c                DMA2_Stream1_IRQHandler
                0x08012a8c                CAN1_SCE_IRQHandler
                0x08012a8c                FLASH_IRQHandler
                0x08012a8c                DMA2_Stream4_IRQHandler
                0x08012a8c                USART1_IRQHandler
                0x08012a8c                SPI3_IRQHandler
                0x08012a8c                DMA1_Stream4_IRQHandler
                0x08012a8c                I2C1_ER_IRQHandler
                0x08012a8c                DMA2_Stream6_IRQHandler
                0x08012a8c                DMA1_Stream3_IRQHandler
 .text.USBD_Init
                0x08012a94       0x48 ..\obj\usbd_core.o
                0x08012a94                USBD_Init
 .text.USBD_DeInit
                0x08012adc       0x24 ..\obj\usbd_core.o
                0x08012adc                USBD_DeInit
 .text.USBD_SetupStage
                0x08012b00       0x70 ..\obj\usbd_core.o
 .text.USBD_DataOutStage
                0x08012b70       0xd4 ..\obj\usbd_core.o
 .text.USBD_DataInStage
                0x08012c44      0x128 ..\obj\usbd_core.o
 .text.USBD_RunTestMode
                0x08012d6c       0x28 ..\obj\usbd_core.o
 .text.USBD_Reset
                0x08012d94       0x54 ..\obj\usbd_core.o
 .text.USBD_Resume
                0x08012de8       0x38 ..\obj\usbd_core.o
 .text.USBD_Suspend
                0x08012e20       0x38 ..\obj\usbd_core.o
 .text.USBD_SOF
                0x08012e58       0x30 ..\obj\usbd_core.o
 .text.USBD_SetCfg
                0x08012e88       0x34 ..\obj\usbd_core.o
                0x08012e88                USBD_SetCfg
 .text.USBD_ClrCfg
                0x08012ebc       0x2c ..\obj\usbd_core.o
                0x08012ebc                USBD_ClrCfg
 .text.USBD_IsoINIncomplete
                0x08012ee8       0x24 ..\obj\usbd_core.o
 .text.USBD_IsoOUTIncomplete
                0x08012f0c       0x24 ..\obj\usbd_core.o
 .text.NVIC_SystemReset
                0x08012f30       0x30 ..\obj\main.o
 .text.CriticalError
                0x08012f60       0x14 ..\obj\main.o
                0x08012f60                CriticalError
 .text.NMI_Handler
                0x08012f74       0x1c ..\obj\main.o
                0x08012f74                NMI_Handler
 .text.HardFault_Handler
                0x08012f90       0x1c ..\obj\main.o
                0x08012f90                HardFault_Handler
 .text.MemManage_Handler
                0x08012fac       0x1c ..\obj\main.o
                0x08012fac                MemManage_Handler
 .text.BusFault_Handler
                0x08012fc8       0x1c ..\obj\main.o
                0x08012fc8                BusFault_Handler
 .text.UsageFault_Handler
                0x08012fe4       0x1c ..\obj\main.o
                0x08012fe4                UsageFault_Handler
 .text.SVC_Handler
                0x08013000       0x1c ..\obj\main.o
                0x08013000                SVC_Handler
 .text.DebugMon_Handler
                0x0801301c       0x1c ..\obj\main.o
                0x0801301c                DebugMon_Handler
 .text.SysTick_Handler
                0x08013038        0xc ..\obj\main.o
                0x08013038                SysTick_Handler
 .text.EXTI0_IRQHandler
                0x08013044       0xa8 ..\obj\main.o
                0x08013044                EXTI0_IRQHandler
 .text.EXTI1_IRQHandler
                0x080130ec       0x48 ..\obj\main.o
                0x080130ec                EXTI1_IRQHandler
 .text.EXTI15_10_IRQHandler
                0x08013134       0x18 ..\obj\main.o
                0x08013134                EXTI15_10_IRQHandler
 .text.TransceiverStateInit
                0x0801314c      0x750 ..\obj\main.o
                0x0801314c                TransceiverStateInit
 .text.MiscInit
                0x0801389c       0x24 ..\obj\main.o
                0x0801389c                MiscInit
 .text.main     0x080138c0       0x68 ..\obj\main.o
                0x080138c0                main
 .text.RCC_MCO2Config
                0x08013928       0x48 ..\obj\stm32f4xx_rcc.o
                0x08013928                RCC_MCO2Config
 .text.RCC_GetClocksFreq
                0x08013970      0x1c8 ..\obj\stm32f4xx_rcc.o
                0x08013970                RCC_GetClocksFreq
 .text.RCC_AHB1PeriphClockCmd
                0x08013b38       0x54 ..\obj\stm32f4xx_rcc.o
                0x08013b38                RCC_AHB1PeriphClockCmd
 .text.RCC_AHB2PeriphClockCmd
                0x08013b8c       0x54 ..\obj\stm32f4xx_rcc.o
                0x08013b8c                RCC_AHB2PeriphClockCmd
 .text.RCC_AHB3PeriphClockCmd
                0x08013be0       0x54 ..\obj\stm32f4xx_rcc.o
                0x08013be0                RCC_AHB3PeriphClockCmd
 .text.RCC_APB1PeriphClockCmd
                0x08013c34       0x54 ..\obj\stm32f4xx_rcc.o
                0x08013c34                RCC_APB1PeriphClockCmd
 .text.RCC_APB2PeriphClockCmd
                0x08013c88       0x54 ..\obj\stm32f4xx_rcc.o
                0x08013c88                RCC_APB2PeriphClockCmd
 .text.RCC_APB1PeriphResetCmd
                0x08013cdc       0x54 ..\obj\stm32f4xx_rcc.o
                0x08013cdc                RCC_APB1PeriphResetCmd
 .text.RCC_APB2PeriphResetCmd
                0x08013d30       0x54 ..\obj\stm32f4xx_rcc.o
                0x08013d30                RCC_APB2PeriphResetCmd
 .text.Codec_Init
                0x08013d84       0x2c ..\obj\codec.o
                0x08013d84                Codec_Init
 .text.Codec_Reset
                0x08013db0       0xd8 ..\obj\codec.o
                0x08013db0                Codec_Reset
 .text.Codec_RX_TX
                0x08013e88      0x1fc ..\obj\codec.o
                0x08013e88                Codec_RX_TX
 .text.Codec_SidetoneSetgain
                0x08014084      0x108 ..\obj\codec.o
                0x08014084                Codec_SidetoneSetgain
 .text.Codec_Volume
                0x0801418c       0xb8 ..\obj\codec.o
                0x0801418c                Codec_Volume
 .text.Codec_Mute
                0x08014244       0x34 ..\obj\codec.o
                0x08014244                Codec_Mute
 .text.Codec_WriteRegister
                0x08014278       0x50 ..\obj\codec.o
                0x08014278                Codec_WriteRegister
 .text.Codec_AudioInterface_Init
                0x080142c8       0x6c ..\obj\codec.o
                0x080142c8                Codec_AudioInterface_Init
 .text.Codec_GPIO_Init
                0x08014334       0xf4 ..\obj\codec.o
                0x08014334                Codec_GPIO_Init
 .text.Codec_Line_Gain_Adj
                0x08014428       0x2c ..\obj\codec.o
                0x08014428                Codec_Line_Gain_Adj
 .text.ADC_Init
                0x08014454       0xb8 ..\obj\stm32f4xx_adc.o
                0x08014454                ADC_Init
 .text.ADC_StructInit
                0x0801450c       0x4c ..\obj\stm32f4xx_adc.o
                0x0801450c                ADC_StructInit
 .text.ADC_CommonInit
                0x08014558       0x5c ..\obj\stm32f4xx_adc.o
                0x08014558                ADC_CommonInit
 .text.ADC_Cmd  0x080145b4       0x38 ..\obj\stm32f4xx_adc.o
                0x080145b4                ADC_Cmd
 .text.ADC_RegularChannelConfig
                0x080145ec      0x1bc ..\obj\stm32f4xx_adc.o
                0x080145ec                ADC_RegularChannelConfig
 .text.ADC_SoftwareStartConv
                0x080147a8       0x20 ..\obj\stm32f4xx_adc.o
                0x080147a8                ADC_SoftwareStartConv
 .text.ADC_GetConversionValue
                0x080147c8       0x1c ..\obj\stm32f4xx_adc.o
                0x080147c8                ADC_GetConversionValue
 .text.UiLcdHy28_Delay
                0x080147e4       0x40 ..\obj\ui_lcd_hy28.o
                0x080147e4                UiLcdHy28_Delay
 .text.UiLcdHy28_BacklightInit
                0x08014824       0x4c ..\obj\ui_lcd_hy28.o
                0x08014824                UiLcdHy28_BacklightInit
 .text.UiLcdHy28_SpiInit
                0x08014870      0x160 ..\obj\ui_lcd_hy28.o
                0x08014870                UiLcdHy28_SpiInit
 .text.UiLcdHy28_SpiDeInit
                0x080149d0       0x90 ..\obj\ui_lcd_hy28.o
                0x080149d0                UiLcdHy28_SpiDeInit
 .text.UiLcdHy28_ParallelInit
                0x08014a60      0x224 ..\obj\ui_lcd_hy28.o
                0x08014a60                UiLcdHy28_ParallelInit
 .text.UiLcdHy28_Reset
                0x08014c84       0x54 ..\obj\ui_lcd_hy28.o
                0x08014c84                UiLcdHy28_Reset
 .text.UiLcdHy28_FSMCConfig
                0x08014cd8       0xb0 ..\obj\ui_lcd_hy28.o
                0x08014cd8                UiLcdHy28_FSMCConfig
 .text.UiLcdHy28_SendByteSpi
                0x08014d88       0x60 ..\obj\ui_lcd_hy28.o
 .text.UiLcdHy28_ReadByteSpi
                0x08014de8       0xb0 ..\obj\ui_lcd_hy28.o
 .text.UiLcdHy28_WriteIndexSpi
                0x08014e98       0x4c ..\obj\ui_lcd_hy28.o
                0x08014e98                UiLcdHy28_WriteIndexSpi
 .text.UiLcdHy28_WriteDataSpi
                0x08014ee4       0x54 ..\obj\ui_lcd_hy28.o
                0x08014ee4                UiLcdHy28_WriteDataSpi
 .text.UiLcdHy28_WriteDataSpiStart
                0x08014f38       0x10 ..\obj\ui_lcd_hy28.o
                0x08014f38                UiLcdHy28_WriteDataSpiStart
 .text.UiLcdHy28_WriteDataOnly
                0x08014f48       0x4c ..\obj\ui_lcd_hy28.o
                0x08014f48                UiLcdHy28_WriteDataOnly
 .text.UiLcdHy28_ReadDataSpi
                0x08014f94       0x64 ..\obj\ui_lcd_hy28.o
                0x08014f94                UiLcdHy28_ReadDataSpi
 .text.UiLcdHy28_WriteReg
                0x08014ff8       0x50 ..\obj\ui_lcd_hy28.o
                0x08014ff8                UiLcdHy28_WriteReg
 .text.UiLcdHy28_ReadReg
                0x08015048       0x4c ..\obj\ui_lcd_hy28.o
                0x08015048                UiLcdHy28_ReadReg
 .text.UiLcdHy28_SetCursorA
                0x08015094       0x30 ..\obj\ui_lcd_hy28.o
 .text.UiLcdHy28_LcdClear
                0x080150c4       0xb4 ..\obj\ui_lcd_hy28.o
                0x080150c4                UiLcdHy28_LcdClear
 .text.UiLcdHy28_WriteRAM_Prepare
                0x08015178       0x40 ..\obj\ui_lcd_hy28.o
                0x08015178                UiLcdHy28_WriteRAM_Prepare
 .text.UiLcdHy28_DrawStraightLine
                0x080151b8       0xd0 ..\obj\ui_lcd_hy28.o
                0x080151b8                UiLcdHy28_DrawStraightLine
 .text.UiLcdHy28_DrawHorizLineWithGrad
                0x08015288       0xe4 ..\obj\ui_lcd_hy28.o
                0x08015288                UiLcdHy28_DrawHorizLineWithGrad
 .text.UiLcdHy28_DrawEmptyRect
                0x0801536c       0x88 ..\obj\ui_lcd_hy28.o
                0x0801536c                UiLcdHy28_DrawEmptyRect
 .text.UiLcdHy28_DrawBottomButton
                0x080153f4       0x64 ..\obj\ui_lcd_hy28.o
                0x080153f4                UiLcdHy28_DrawBottomButton
 .text.UiLcdHy28_DrawFullRect
                0x08015458      0x130 ..\obj\ui_lcd_hy28.o
                0x08015458                UiLcdHy28_DrawFullRect
 .text.UiLcdHy28_DrawChar
                0x08015588      0x230 ..\obj\ui_lcd_hy28.o
                0x08015588                UiLcdHy28_DrawChar
 .text.UiLcdHy28_PrintText
                0x080157b8      0x10c ..\obj\ui_lcd_hy28.o
                0x080157b8                UiLcdHy28_PrintText
 .text.UiLcdHy28_DrawSpectrum_Interleaved
                0x080158c4      0x5e0 ..\obj\ui_lcd_hy28.o
                0x080158c4                UiLcdHy28_DrawSpectrum_Interleaved
 .text.UiLcdHy28_InitA
                0x08015ea4      0x808 ..\obj\ui_lcd_hy28.o
                0x08015ea4                UiLcdHy28_InitA
 .text.UiLcdHy28_Test
                0x080166ac        0xc ..\obj\ui_lcd_hy28.o
                0x080166ac                UiLcdHy28_Test
 .text.UiLcdHy28_Init
                0x080166b8       0x5c ..\obj\ui_lcd_hy28.o
                0x080166b8                UiLcdHy28_Init
 .text.UiLcdHy28_ShowStartUpScreen
                0x08016714      0x354 ..\obj\ui_lcd_hy28.o
                0x08016714                UiLcdHy28_ShowStartUpScreen
 .text.PrintChar
                0x08016a68       0x14 ..\obj\printf.o
                0x08016a68                PrintChar
 .text.PutChar  0x08016a7c       0x24 ..\obj\printf.o
                0x08016a7c                PutChar
 .text.PutString
                0x08016aa0       0x48 ..\obj\printf.o
                0x08016aa0                PutString
 .text.PutUnsignedInt
                0x08016ae8       0xbc ..\obj\printf.o
                0x08016ae8                PutUnsignedInt
 .text.PutSignedInt
                0x08016ba4      0x12c ..\obj\printf.o
                0x08016ba4                PutSignedInt
 .text.PutHexa  0x08016cd0       0xe8 ..\obj\printf.o
                0x08016cd0                PutHexa
 .text.vsnprintf
                0x08016db8      0x2a4 ..\obj\printf.o
                0x08016db8                vsnprintf
 .text.vsprintf
                0x0801705c       0x28 ..\obj\printf.o
                0x0801705c                vsprintf
 .text.vfprintf
                0x08017084       0x8c ..\obj\printf.o
                0x08017084                vfprintf
 .text.vprintf  0x08017110       0x2c ..\obj\printf.o
                0x08017110                vprintf
 .text.printf   0x0801713c       0x2c ..\obj\printf.o
                0x0801713c                printf
 .text.sprintf  0x08017168       0x30 ..\obj\printf.o
                0x08017168                sprintf
 .text.fputc    0x08017198       0x4c ..\obj\printf.o
                0x08017198                fputc
 .text.fputs    0x080171e4       0x50 ..\obj\printf.o
                0x080171e4                fputs
 .text.USBH_OTG_BSP_TimerIRQ
                0x08017234       0x58 ..\obj\usbh_bsp.o
                0x08017234                USBH_OTG_BSP_TimerIRQ
 .text.USBD_USR_DeviceDescriptor
                0x0801728c       0x28 ..\obj\usbd_desc.o
                0x0801728c                USBD_USR_DeviceDescriptor
 .text.USBD_USR_LangIDStrDescriptor
                0x080172b4       0x28 ..\obj\usbd_desc.o
                0x080172b4                USBD_USR_LangIDStrDescriptor
 .text.USBD_USR_ProductStrDescriptor
                0x080172dc       0x54 ..\obj\usbd_desc.o
                0x080172dc                USBD_USR_ProductStrDescriptor
 .text.USBD_USR_ManufacturerStrDescriptor
                0x08017330       0x34 ..\obj\usbd_desc.o
                0x08017330                USBD_USR_ManufacturerStrDescriptor
 .text.USBD_USR_SerialStrDescriptor
                0x08017364       0x54 ..\obj\usbd_desc.o
                0x08017364                USBD_USR_SerialStrDescriptor
 .text.USBD_USR_ConfigStrDescriptor
                0x080173b8       0x54 ..\obj\usbd_desc.o
                0x080173b8                USBD_USR_ConfigStrDescriptor
 .text.USBD_USR_InterfaceStrDescriptor
                0x0801740c       0x54 ..\obj\usbd_desc.o
                0x0801740c                USBD_USR_InterfaceStrDescriptor
 .text.FSMC_NORSRAMInit
                0x08017460      0x150 ..\obj\stm32f4xx_fsmc.o
                0x08017460                FSMC_NORSRAMInit
 .text.FSMC_NORSRAMCmd
                0x080175b0       0x54 ..\obj\stm32f4xx_fsmc.o
                0x080175b0                FSMC_NORSRAMCmd
 .text.GPIO_Init
                0x08017604      0x144 ..\obj\stm32f4xx_gpio.o
                0x08017604                GPIO_Init
 .text.GPIO_ReadInputDataBit
                0x08017748       0x3c ..\obj\stm32f4xx_gpio.o
                0x08017748                GPIO_ReadInputDataBit
 .text.GPIO_SetBits
                0x08017784       0x1c ..\obj\stm32f4xx_gpio.o
                0x08017784                GPIO_SetBits
 .text.GPIO_ResetBits
                0x080177a0       0x1c ..\obj\stm32f4xx_gpio.o
                0x080177a0                GPIO_ResetBits
 .text.GPIO_PinAFConfig
                0x080177bc       0xa8 ..\obj\stm32f4xx_gpio.o
                0x080177bc                GPIO_PinAFConfig
 .text.FLASH_Unlock
                0x08017864       0x3c ..\obj\stm32f4xx_flash.o
                0x08017864                FLASH_Unlock
 .text.FLASH_Lock
                0x080178a0       0x24 ..\obj\stm32f4xx_flash.o
                0x080178a0                FLASH_Lock
 .text.FLASH_EraseSector
                0x080178c4      0x118 ..\obj\stm32f4xx_flash.o
                0x080178c4                FLASH_EraseSector
 .text.FLASH_ProgramHalfWord
                0x080179dc       0x9c ..\obj\stm32f4xx_flash.o
                0x080179dc                FLASH_ProgramHalfWord
 .text.FLASH_GetStatus
                0x08017a78       0x88 ..\obj\stm32f4xx_flash.o
                0x08017a78                FLASH_GetStatus
 .text.FLASH_WaitForLastOperation
                0x08017b00       0x34 ..\obj\stm32f4xx_flash.o
                0x08017b00                FLASH_WaitForLastOperation
 .text.VCP_Init
                0x08017b34       0x18 ..\obj\usbd_cdc_vcp.o
 .text.VCP_DeInit
                0x08017b4c       0x10 ..\obj\usbd_cdc_vcp.o
 .text.VCP_Ctrl
                0x08017b5c      0x230 ..\obj\usbd_cdc_vcp.o
 .text.VCP_DataTx
                0x08017d8c       0x5c ..\obj\usbd_cdc_vcp.o
 .text.VCP_DataRx
                0x08017de8       0x34 ..\obj\usbd_cdc_vcp.o
 .text.VCP_COMConfig
                0x08017e1c       0x8c ..\obj\usbd_cdc_vcp.o
 .text.SystemInit
                0x08017ea8       0xb4 ..\obj\system_stm32f4xx.o
                0x08017ea8                SystemInit
 .text.SetSysClock
                0x08017f5c      0x210 ..\obj\system_stm32f4xx.o
 .text.DMA_DeInit
                0x0801816c      0x244 ..\obj\stm32f4xx_dma.o
                0x0801816c                DMA_DeInit
 .text.DMA_Init
                0x080183b0       0xb0 ..\obj\stm32f4xx_dma.o
                0x080183b0                DMA_Init
 .text.DMA_Cmd  0x08018460       0x38 ..\obj\stm32f4xx_dma.o
                0x08018460                DMA_Cmd
 .text.DMA_GetFlagStatus
                0x08018498       0x84 ..\obj\stm32f4xx_dma.o
                0x08018498                DMA_GetFlagStatus
 .text.DMA_ClearFlag
                0x0801851c       0x60 ..\obj\stm32f4xx_dma.o
                0x0801851c                DMA_ClearFlag
 .text.DMA_ITConfig
                0x0801857c       0x74 ..\obj\stm32f4xx_dma.o
                0x0801857c                DMA_ITConfig
 .text.NVIC_EnableIRQ
                0x080185f0       0x38 ..\obj\i2s.o
 .text.I2S_Block_Init
                0x08018628      0x260 ..\obj\i2s.o
                0x08018628                I2S_Block_Init
 .text.I2S_Block_Process
                0x08018888       0xf0 ..\obj\i2s.o
                0x08018888                I2S_Block_Process
 .text.DMA1_Stream2_IRQHandler
                0x08018978      0x168 ..\obj\i2s.o
                0x08018978                DMA1_Stream2_IRQHandler
 .text.arm_sqrt_f32
                0x08018ae0       0x4c ..\obj\audio_driver.o
 .text.audio_driver_init
                0x08018b2c      0x11c ..\obj\audio_driver.o
                0x08018b2c                audio_driver_init
 .text.audio_driver_set_rx_audio_filter
                0x08018c48      0xb54 ..\obj\audio_driver.o
                0x08018c48                audio_driver_set_rx_audio_filter
 .text.Audio_Init
                0x0801979c       0xbc ..\obj\audio_driver.o
 .text.audio_rx_noise_blanker
                0x08019858      0x9c0 ..\obj\audio_driver.o
 .text.audio_rx_freq_conv
                0x0801a218      0x294 ..\obj\audio_driver.o
 *fill*         0x0801a4ac        0x4 00
 .text.audio_rx_processor
                0x0801a4b0     0x14f0 ..\obj\audio_driver.o
 .text.audio_tx_compressor
                0x0801b9a0      0x378 ..\obj\audio_driver.o
 .text.audio_tx_processor
                0x0801bd18     0x1508 ..\obj\audio_driver.o
 .text.I2S_RX_CallBack
                0x0801d220      0x23c ..\obj\audio_driver.o
                0x0801d220                I2S_RX_CallBack
 .text.USBD_StdDevReq
                0x0801d45c       0xa4 ..\obj\usbd_req.o
                0x0801d45c                USBD_StdDevReq
 .text.USBD_StdItfReq
                0x0801d500       0x6c ..\obj\usbd_req.o
                0x0801d500                USBD_StdItfReq
 .text.USBD_StdEPReq
                0x0801d56c      0x1e4 ..\obj\usbd_req.o
                0x0801d56c                USBD_StdEPReq
 .text.USBD_GetDescriptor
                0x0801d750      0x1c8 ..\obj\usbd_req.o
 .text.USBD_SetAddress
                0x0801d918       0x80 ..\obj\usbd_req.o
 .text.USBD_SetConfig
                0x0801d998      0x134 ..\obj\usbd_req.o
 .text.USBD_GetConfig
                0x0801dacc       0x68 ..\obj\usbd_req.o
 .text.USBD_GetStatus
                0x0801db34       0x70 ..\obj\usbd_req.o
 .text.USBD_SetFeature
                0x0801dba4       0xf0 ..\obj\usbd_req.o
 .text.USBD_ClrFeature
                0x0801dc94       0x58 ..\obj\usbd_req.o
 .text.USBD_ParseSetupRequest
                0x0801dcec       0x94 ..\obj\usbd_req.o
                0x0801dcec                USBD_ParseSetupRequest
 .text.USBD_CtlError
                0x0801dd80       0x2c ..\obj\usbd_req.o
                0x0801dd80                USBD_CtlError
 .text.USBD_GetString
                0x0801ddac       0x9c ..\obj\usbd_req.o
                0x0801ddac                USBD_GetString
 .text.USBD_GetLen
                0x0801de48       0x38 ..\obj\usbd_req.o
 .text.USBD_OTG_ISR_Handler
                0x0801de80      0x164 ..\obj\usb_dcd_int.o
                0x0801de80                USBD_OTG_ISR_Handler
 .text.DCD_HandleResume_ISR
                0x0801dfe4       0x8c ..\obj\usb_dcd_int.o
 .text.DCD_HandleUSBSuspend_ISR
                0x0801e070       0xd0 ..\obj\usb_dcd_int.o
 .text.DCD_HandleInEP_ISR
                0x0801e140      0x1d0 ..\obj\usb_dcd_int.o
 .text.DCD_HandleOutEP_ISR
                0x0801e310      0x184 ..\obj\usb_dcd_int.o
 .text.DCD_HandleSof_ISR
                0x0801e494       0x3c ..\obj\usb_dcd_int.o
 .text.DCD_HandleRxStatusQueueLevel_ISR
                0x0801e4d0      0x118 ..\obj\usb_dcd_int.o
 .text.DCD_WriteEmptyTxFifo
                0x0801e5e8      0x104 ..\obj\usb_dcd_int.o
 .text.DCD_HandleUsbReset_ISR
                0x0801e6ec      0x158 ..\obj\usb_dcd_int.o
 .text.DCD_HandleEnumDone_ISR
                0x0801e844       0x88 ..\obj\usb_dcd_int.o
 .text.DCD_IsoINIncomplete_ISR
                0x0801e8cc       0x3c ..\obj\usb_dcd_int.o
 .text.DCD_IsoOUTIncomplete_ISR
                0x0801e908       0x3c ..\obj\usb_dcd_int.o
 .text.DCD_ReadDevInEP
                0x0801e944       0x58 ..\obj\usb_dcd_int.o
 .text.UiDriverUpdateMenu
                0x0801e99c     0x161c ..\obj\ui_menu.o
                0x0801e99c                UiDriverUpdateMenu
 .text.UiDriverUpdateMenuLines
                0x0801ffb8     0x3d10 ..\obj\ui_menu.o
 .text.UiDriverUpdateConfigMenuLines
                0x08023cc8     0x4320 ..\obj\ui_menu.o
 .text.usbd_cdc_Init
                0x08027fe8       0x94 ..\obj\usbd_cdc_core.o
 .text.usbd_cdc_DeInit
                0x0802807c       0x44 ..\obj\usbd_cdc_core.o
 .text.usbd_cdc_Setup
                0x080280c0      0x168 ..\obj\usbd_cdc_core.o
 .text.usbd_cdc_EP0_RxReady
                0x08028228       0x60 ..\obj\usbd_cdc_core.o
 .text.usbd_cdc_DataIn
                0x08028288       0xf8 ..\obj\usbd_cdc_core.o
 .text.usbd_cdc_DataOut
                0x08028380       0x64 ..\obj\usbd_cdc_core.o
 .text.usbd_cdc_SOF
                0x080283e4       0x50 ..\obj\usbd_cdc_core.o
 .text.Handle_USBAsynchXfer
                0x08028434      0x178 ..\obj\usbd_cdc_core.o
 .text.USBD_cdc_GetCfgDesc
                0x080285ac       0x28 ..\obj\usbd_cdc_core.o
 .text.ui_si570_setbits
                0x080285d4       0x2c ..\obj\ui_si570.o
 .text.ui_si570_verify_frequency
                0x08028600       0x74 ..\obj\ui_si570.o
 .text.ui_si570_small_frequency_change
                0x08028674       0xd4 ..\obj\ui_si570.o
 .text.ui_si570_large_frequency_change
                0x08028748      0x158 ..\obj\ui_si570.o
 .text.ui_si570_is_large_change
                0x080288a0       0xe8 ..\obj\ui_si570.o
 .text.ui_si570_get_configuration
                0x08028988      0x288 ..\obj\ui_si570.o
                0x08028988                ui_si570_get_configuration
 .text.ui_si570_change_frequency
                0x08028c10      0x3b4 ..\obj\ui_si570.o
 *fill*         0x08028fc4        0x4 00
 .text.ui_si570_set_frequency
                0x08028fc8       0xf0 ..\obj\ui_si570.o
                0x08028fc8                ui_si570_set_frequency
 .text.ui_si570_init_temp_sensor
                0x080290b8       0x78 ..\obj\ui_si570.o
                0x080290b8                ui_si570_init_temp_sensor
 .text.ui_si570_read_temp
                0x08029130       0x48 ..\obj\ui_si570.o
                0x08029130                ui_si570_read_temp
 .text.ui_si570_conv_temp
                0x08029178       0xb4 ..\obj\ui_si570.o
                0x08029178                ui_si570_conv_temp
 .text.OTG_FS_IRQHandler
                0x0802922c       0x14 ..\obj\cat_driver.o
                0x0802922c                OTG_FS_IRQHandler
 .text.cat_driver_init
                0x08029240       0x40 ..\obj\cat_driver.o
                0x08029240                cat_driver_init
 .text.cat_driver_stop
                0x08029280       0x20 ..\obj\cat_driver.o
                0x08029280                cat_driver_stop
 .text.SPI_I2S_DeInit
                0x080292a0       0x88 ..\obj\stm32f4xx_spi.o
                0x080292a0                SPI_I2S_DeInit
 .text.SPI_Init
                0x08029328       0x88 ..\obj\stm32f4xx_spi.o
                0x08029328                SPI_Init
 .text.I2S_Init
                0x080293b0      0x214 ..\obj\stm32f4xx_spi.o
                0x080293b0                I2S_Init
 .text.SPI_Cmd  0x080295c4       0x40 ..\obj\stm32f4xx_spi.o
                0x080295c4                SPI_Cmd
 .text.I2S_Cmd  0x08029604       0x40 ..\obj\stm32f4xx_spi.o
                0x08029604                I2S_Cmd
 .text.I2S_FullDuplexConfig
                0x08029644       0xa4 ..\obj\stm32f4xx_spi.o
                0x08029644                I2S_FullDuplexConfig
 .text.SPI_I2S_ReceiveData
                0x080296e8       0x1c ..\obj\stm32f4xx_spi.o
                0x080296e8                SPI_I2S_ReceiveData
 .text.SPI_I2S_SendData
                0x08029704       0x1c ..\obj\stm32f4xx_spi.o
                0x08029704                SPI_I2S_SendData
 .text.SPI_I2S_DMACmd
                0x08029720       0x48 ..\obj\stm32f4xx_spi.o
                0x08029720                SPI_I2S_DMACmd
 .text.SPI_I2S_GetFlagStatus
                0x08029768       0x40 ..\obj\stm32f4xx_spi.o
                0x08029768                SPI_I2S_GetFlagStatus
 .text.softdds_setfreq
                0x080297a8       0x6c ..\obj\softdds.o
                0x080297a8                softdds_setfreq
 .text.softdds_runf
                0x08029814       0xcc ..\obj\softdds.o
                0x08029814                softdds_runf
 .text.I2C_DeInit
                0x080298e0       0x88 ..\obj\stm32f4xx_i2c.o
                0x080298e0                I2C_DeInit
 .text.I2C_Init
                0x08029968      0x1ac ..\obj\stm32f4xx_i2c.o
                0x08029968                I2C_Init
 .text.I2C_Cmd  0x08029b14       0x40 ..\obj\stm32f4xx_i2c.o
                0x08029b14                I2C_Cmd
 .text.I2C_GenerateSTART
                0x08029b54       0x40 ..\obj\stm32f4xx_i2c.o
                0x08029b54                I2C_GenerateSTART
 .text.I2C_GenerateSTOP
                0x08029b94       0x40 ..\obj\stm32f4xx_i2c.o
                0x08029b94                I2C_GenerateSTOP
 .text.I2C_Send7bitAddress
                0x08029bd4       0x3c ..\obj\stm32f4xx_i2c.o
                0x08029bd4                I2C_Send7bitAddress
 .text.I2C_AcknowledgeConfig
                0x08029c10       0x40 ..\obj\stm32f4xx_i2c.o
                0x08029c10                I2C_AcknowledgeConfig
 .text.I2C_SendData
                0x08029c50       0x20 ..\obj\stm32f4xx_i2c.o
                0x08029c50                I2C_SendData
 .text.I2C_ReceiveData
                0x08029c70       0x1c ..\obj\stm32f4xx_i2c.o
                0x08029c70                I2C_ReceiveData
 .text.I2C_CheckEvent
                0x08029c8c       0x70 ..\obj\stm32f4xx_i2c.o
                0x08029c8c                I2C_CheckEvent
 .text.I2C_GetFlagStatus
                0x08029cfc       0x78 ..\obj\stm32f4xx_i2c.o
                0x08029cfc                I2C_GetFlagStatus
 .text.I2C_ClearFlag
                0x08029d74       0x30 ..\obj\stm32f4xx_i2c.o
                0x08029d74                I2C_ClearFlag
 .text.EXTI_Init
                0x08029da4      0x138 ..\obj\stm32f4xx_exti.o
                0x08029da4                EXTI_Init
 .text.EXTI_GetITStatus
                0x08029edc       0x58 ..\obj\stm32f4xx_exti.o
                0x08029edc                EXTI_GetITStatus
 .text.EXTI_ClearITPendingBit
                0x08029f34       0x20 ..\obj\stm32f4xx_exti.o
                0x08029f34                EXTI_ClearITPendingBit
 .text.NVIC_PriorityGroupConfig
                0x08029f54       0x28 ..\obj\misc.o
                0x08029f54                NVIC_PriorityGroupConfig
 .text.NVIC_Init
                0x08029f7c       0xe4 ..\obj\misc.o
                0x08029f7c                NVIC_Init
 .text.SysTick_CLKSourceConfig
                0x0802a060       0x4c ..\obj\misc.o
                0x0802a060                SysTick_CLKSourceConfig
 .text.DCD_Init
                0x0802a0ac      0x134 ..\obj\usb_dcd.o
                0x0802a0ac                DCD_Init
 .text.DCD_DeInit
                0x0802a1e0       0x18 ..\obj\usb_dcd.o
                0x0802a1e0                DCD_DeInit
 .text.DCD_EP_Open
                0x0802a1f8       0xb4 ..\obj\usb_dcd.o
                0x0802a1f8                DCD_EP_Open
 .text.DCD_EP_Close
                0x0802a2ac       0x88 ..\obj\usb_dcd.o
                0x0802a2ac                DCD_EP_Close
 .text.DCD_EP_PrepareRx
                0x0802a334       0x90 ..\obj\usb_dcd.o
                0x0802a334                DCD_EP_PrepareRx
 .text.DCD_EP_Tx
                0x0802a3c4       0x88 ..\obj\usb_dcd.o
                0x0802a3c4                DCD_EP_Tx
 .text.DCD_EP_Stall
                0x0802a44c       0x8c ..\obj\usb_dcd.o
                0x0802a44c                DCD_EP_Stall
 .text.DCD_EP_ClrStall
                0x0802a4d8       0x8c ..\obj\usb_dcd.o
                0x0802a4d8                DCD_EP_ClrStall
 .text.DCD_EP_SetAddress
                0x0802a564       0x3c ..\obj\usb_dcd.o
                0x0802a564                DCD_EP_SetAddress
 .text.mchf_hw_i2c2_init
                0x0802a5a0       0xc4 ..\obj\mchf_hw_i2c2.o
                0x0802a5a0                mchf_hw_i2c2_init
 .text.mchf_hw_i2c2_WriteRegister
                0x0802a664      0x27c ..\obj\mchf_hw_i2c2.o
                0x0802a664                mchf_hw_i2c2_WriteRegister
 .text.cw_gen_init
                0x0802a8e0       0x84 ..\obj\cw_gen.o
                0x0802a8e0                cw_gen_init
 .text.cw_gen_remove_click_on_rising_edge
                0x0802a964       0xfc ..\obj\cw_gen.o
                0x0802a964                cw_gen_remove_click_on_rising_edge
 .text.cw_gen_remove_click_on_falling_edge
                0x0802aa60      0x118 ..\obj\cw_gen.o
                0x0802aa60                cw_gen_remove_click_on_falling_edge
 .text.cw_gen_check_keyer_state
                0x0802ab78       0xd4 ..\obj\cw_gen.o
                0x0802ab78                cw_gen_check_keyer_state
 .text.cw_gen_process
                0x0802ac4c       0x44 ..\obj\cw_gen.o
                0x0802ac4c                cw_gen_process
 .text.cw_gen_process_strk
                0x0802ac90      0x168 ..\obj\cw_gen.o
                0x0802ac90                cw_gen_process_strk
 .text.cw_gen_process_iamb
                0x0802adf8      0x3ac ..\obj\cw_gen.o
                0x0802adf8                cw_gen_process_iamb
 .text.cw_gen_dah_IRQ
                0x0802b1a4       0xac ..\obj\cw_gen.o
                0x0802b1a4                cw_gen_dah_IRQ
 .text.cw_gen_dit_IRQ
                0x0802b250       0x40 ..\obj\cw_gen.o
                0x0802b250                cw_gen_dit_IRQ
 .text.NVIC_SetPriority
                0x0802b290       0x5c ..\obj\mchf_board.o
 .text.SysTick_Config
                0x0802b2ec       0x64 ..\obj\mchf_board.o
 .text.mchf_board_led_init
                0x0802b350       0x54 ..\obj\mchf_board.o
 .text.mchf_board_debug_init
                0x0802b3a4        0xc ..\obj\mchf_board.o
 .text.mchf_board_keypad_init
                0x0802b3b0       0x64 ..\obj\mchf_board.o
 .text.mchf_board_ptt_init
                0x0802b414       0x3c ..\obj\mchf_board.o
 .text.mchf_board_keyer_irq_init
                0x0802b450      0x110 ..\obj\mchf_board.o
 .text.mchf_board_power_button_irq_init
                0x0802b560       0x94 ..\obj\mchf_board.o
 .text.mchf_board_dac0_init
                0x0802b5f4       0x7c ..\obj\mchf_board.o
 .text.mchf_board_dac1_init
                0x0802b670       0x7c ..\obj\mchf_board.o
 .text.mchf_board_adc1_init
                0x0802b6ec       0xd4 ..\obj\mchf_board.o
 .text.mchf_board_adc2_init
                0x0802b7c0       0xd4 ..\obj\mchf_board.o
 .text.mchf_board_adc3_init
                0x0802b894       0xd4 ..\obj\mchf_board.o
 .text.mchf_board_power_down_init
                0x0802b968       0x4c ..\obj\mchf_board.o
 .text.mchf_board_band_cntr_init
                0x0802b9b4       0x68 ..\obj\mchf_board.o
 .text.mchf_board_set_system_tick_value
                0x0802ba1c       0x38 ..\obj\mchf_board.o
 .text.mchf_board_green_led
                0x0802ba54       0x58 ..\obj\mchf_board.o
                0x0802ba54                mchf_board_green_led
 .text.mchf_board_power_off
                0x0802baac      0x2d8 ..\obj\mchf_board.o
                0x0802baac                mchf_board_power_off
 .text.mchf_board_init
                0x0802bd84       0x88 ..\obj\mchf_board.o
                0x0802bd84                mchf_board_init
 .text.mchf_board_post_init
                0x0802be0c       0x18 ..\obj\mchf_board.o
                0x0802be0c                mchf_board_post_init
 .text.Read_VirtEEPROM
                0x0802be24       0x30 ..\obj\mchf_board.o
                0x0802be24                Read_VirtEEPROM
 .text.Write_VirtEEPROM
                0x0802be54       0x38 ..\obj\mchf_board.o
                0x0802be54                Write_VirtEEPROM
 .text.USBD_CtlSendData
                0x0802be8c       0x48 ..\obj\usbd_ioreq.o
                0x0802be8c                USBD_CtlSendData
 .text.USBD_CtlContinueSendData
                0x0802bed4       0x30 ..\obj\usbd_ioreq.o
                0x0802bed4                USBD_CtlContinueSendData
 .text.USBD_CtlPrepareRx
                0x0802bf04       0x48 ..\obj\usbd_ioreq.o
                0x0802bf04                USBD_CtlPrepareRx
 .text.USBD_CtlContinueRx
                0x0802bf4c       0x30 ..\obj\usbd_ioreq.o
                0x0802bf4c                USBD_CtlContinueRx
 .text.USBD_CtlSendStatus
                0x0802bf7c       0x3c ..\obj\usbd_ioreq.o
                0x0802bf7c                USBD_CtlSendStatus
 .text.USBD_CtlReceiveStatus
                0x0802bfb8       0x3c ..\obj\usbd_ioreq.o
                0x0802bfb8                USBD_CtlReceiveStatus
 .text.USBD_OTG_BSP_Init
                0x0802bff4       0x74 ..\obj\usbd_bsp.o
                0x0802bff4                USBD_OTG_BSP_Init
 .text.USBD_OTG_BSP_DeInit
                0x0802c068       0x5c ..\obj\usbd_bsp.o
                0x0802c068                USBD_OTG_BSP_DeInit
 .text.USBD_OTG_BSP_EnableInterrupt
                0x0802c0c4       0x3c ..\obj\usbd_bsp.o
                0x0802c0c4                USBD_OTG_BSP_EnableInterrupt
 .text.USBD_OTG_BSP_uDelay
                0x0802c100       0x58 ..\obj\usbd_bsp.o
                0x0802c100                USBD_OTG_BSP_uDelay
 .text.USBD_OTG_BSP_mDelay
                0x0802c158       0x20 ..\obj\usbd_bsp.o
                0x0802c158                USBD_OTG_BSP_mDelay
 .text.TIM_TimeBaseInit
                0x0802c178       0xf4 ..\obj\stm32f4xx_tim.o
                0x0802c178                TIM_TimeBaseInit
 .text.TIM_GetCounter
                0x0802c26c       0x18 ..\obj\stm32f4xx_tim.o
                0x0802c26c                TIM_GetCounter
 .text.TIM_Cmd  0x0802c284       0x40 ..\obj\stm32f4xx_tim.o
                0x0802c284                TIM_Cmd
 .text.TIM_GetITStatus
                0x0802c2c4       0x60 ..\obj\stm32f4xx_tim.o
                0x0802c2c4                TIM_GetITStatus
 .text.TIM_ClearITPendingBit
                0x0802c324       0x24 ..\obj\stm32f4xx_tim.o
                0x0802c324                TIM_ClearITPendingBit
 .text.TIM_EncoderInterfaceConfig
                0x0802c348       0x94 ..\obj\stm32f4xx_tim.o
                0x0802c348                TIM_EncoderInterfaceConfig
 .text.arm_sqrt_f32
                0x0802c3dc       0x4c ..\obj\ui_driver.o
 .text.ui_driver_init
                0x0802c428      0x178 ..\obj\ui_driver.o
                0x0802c428                ui_driver_init
 .text.ui_driver_thread
                0x0802c5a0        0xc ..\obj\ui_driver.o
                0x0802c5a0                ui_driver_thread
 .text.ui_driver_irq
                0x0802c5ac       0xd4 ..\obj\ui_driver.o
                0x0802c5ac                ui_driver_irq
 .text.ui_driver_toggle_tx
                0x0802c680      0x264 ..\obj\ui_driver.o
                0x0802c680                ui_driver_toggle_tx
 .text.UiDriverPublicsInit
                0x0802c8e4      0x184 ..\obj\ui_driver.o
 .text.UiDriverProcessKeyboard
                0x0802ca68      0xe64 ..\obj\ui_driver.o
 .text.UiDriverPressHoldStep
                0x0802d8cc      0x134 ..\obj\ui_driver.o
 .text.UiDriverProcessActiveFilterScan
                0x0802da00      0x330 ..\obj\ui_driver.o
 .text.UiDriverProcessFunctionKeyClick
                0x0802dd30      0x72c ..\obj\ui_driver.o
 .text.UiDriverShowMode
                0x0802e45c      0x11c ..\obj\ui_driver.o
                0x0802e45c                UiDriverShowMode
 .text.UiDriverShowStep
                0x0802e578      0x254 ..\obj\ui_driver.o
                0x0802e578                UiDriverShowStep
 .text.UiDriverShowBand
                0x0802e7cc      0x1e4 ..\obj\ui_driver.o
 .text.UiDriverChangeBandFilter
                0x0802e9b0      0x38c ..\obj\ui_driver.o
                0x0802e9b0                UiDriverChangeBandFilter
 .text.UiDriverCreateDesktop
                0x0802ed3c      0x1ec ..\obj\ui_driver.o
 .text.UiDriverCreateFunctionButtons
                0x0802ef28      0x20c ..\obj\ui_driver.o
 .text.UiDriverDrawWhiteSMeter
                0x0802f134       0xe8 ..\obj\ui_driver.o
 .text.UiDriverDrawRedSMeter
                0x0802f21c       0xe8 ..\obj\ui_driver.o
 .text.UiDriverDeleteSMeter
                0x0802f304       0x50 ..\obj\ui_driver.o
 .text.UiDriverCreateSMeter
                0x0802f354      0xa78 ..\obj\ui_driver.o
 .text.UiDriverUpdateTopMeterA
                0x0802fdcc       0xfc ..\obj\ui_driver.o
 .text.UiDriverUpdateBtmMeter
                0x0802fec8      0x108 ..\obj\ui_driver.o
 .text.UiDrawSpectrumScopeFrequencyBarText
                0x0802ffd0      0x6ac ..\obj\ui_driver.o
                0x0802ffd0                UiDrawSpectrumScopeFrequencyBarText
 .text.UiDriverCreateSpectrumScope
                0x0803067c      0x398 ..\obj\ui_driver.o
 .text.UiDriverClearSpectrumDisplay
                0x08030a14       0x60 ..\obj\ui_driver.o
                0x08030a14                UiDriverClearSpectrumDisplay
 .text.UiDriverInitFrequency
                0x08030a74      0x1e4 ..\obj\ui_driver.o
 .text.UiDriverCheckFilter
                0x08030c58       0xf0 ..\obj\ui_driver.o
 .text.UiDriverCheckBand
                0x08030d48       0xa4 ..\obj\ui_driver.o
                0x08030d48                UiDriverCheckBand
 .text.UiDriverUpdateFrequency
                0x08030dec      0x3cc ..\obj\ui_driver.o
                0x08030dec                UiDriverUpdateFrequency
 .text.UiDriverUpdateFrequencyFast
                0x080311b8      0x238 ..\obj\ui_driver.o
                0x080311b8                UiDriverUpdateFrequencyFast
 .text.UiDriverUpdateLcdFreq
                0x080313f0      0x608 ..\obj\ui_driver.o
 .text.UiDriverUpdateSecondLcdFreq
                0x080319f8      0x588 ..\obj\ui_driver.o
 .text.UiDriverChangeTuningStep
                0x08031f80       0x7c ..\obj\ui_driver.o
 .text.UiDriverButtonCheck
                0x08031ffc       0x58 ..\obj\ui_driver.o
 *fill*         0x08032054        0x4 00
 .text.UiDriverTimeScheduler
                0x08032058      0xae8 ..\obj\ui_driver.o
 .text.UiDriverChangeDemodMode
                0x08032b40      0x1cc ..\obj\ui_driver.o
 .text.UiDriverChangeBand
                0x08032d0c      0x24c ..\obj\ui_driver.o
 .text.UiDriverCheckFrequencyEncoder
                0x08032f58      0x1a4 ..\obj\ui_driver.o
 .text.UiDriverCheckEncoderOne
                0x080330fc      0x2e4 ..\obj\ui_driver.o
 .text.UiDriverCheckEncoderTwo
                0x080333e0      0x3d0 ..\obj\ui_driver.o
 .text.UiDriverCheckEncoderThree
                0x080337b0      0x51c ..\obj\ui_driver.o
 .text.UiDriverChangeEncoderOneMode
                0x08033ccc      0x12c ..\obj\ui_driver.o
 .text.UiDriverChangeEncoderTwoMode
                0x08033df8       0xd8 ..\obj\ui_driver.o
 .text.UiDriverChangeEncoderThreeMode
                0x08033ed0      0x12c ..\obj\ui_driver.o
 .text.UiDriverChangeAfGain
                0x08033ffc       0xd4 ..\obj\ui_driver.o
 .text.UiDriverChangeStGain
                0x080340d0       0xd4 ..\obj\ui_driver.o
                0x080340d0                UiDriverChangeStGain
 .text.UiDriverChangeCmpLevel
                0x080341a4      0x10c ..\obj\ui_driver.o
                0x080341a4                UiDriverChangeCmpLevel
 .text.UiDriverChangeDSPMode
                0x080342b0      0x1f8 ..\obj\ui_driver.o
 .text.UiDriverChangePowerLevel
                0x080344a8      0x124 ..\obj\ui_driver.o
 .text.UiDriverChangeKeyerSpeed
                0x080345cc       0xf0 ..\obj\ui_driver.o
                0x080345cc                UiDriverChangeKeyerSpeed
 .text.UIDriverChangeAudioGain
                0x080346bc      0x148 ..\obj\ui_driver.o
                0x080346bc                UIDriverChangeAudioGain
 .text.UiDriverChangeRfGain
                0x08034804      0x118 ..\obj\ui_driver.o
                0x08034804                UiDriverChangeRfGain
 .text.UiDriverChangeSigProc
                0x0803491c      0x244 ..\obj\ui_driver.o
 .text.UiDriverChangeRit
                0x08034b60      0x130 ..\obj\ui_driver.o
 .text.UiDriverChangeFilter
                0x08034c90      0x198 ..\obj\ui_driver.o
                0x08034c90                UiDriverChangeFilter
 .text.UiDriverInitSpectrumDisplay
                0x08034e28      0x17c ..\obj\ui_driver.o
 *fill*         0x08034fa4        0x4 00
 .text.UiDriverReDrawSpectrumDisplay
                0x08034fa8      0xc28 ..\obj\ui_driver.o
 .text.UiDriverGetScopeTraceColour
                0x08035bd0       0xd0 ..\obj\ui_driver.o
 .text.UiDriverHandleSmeter
                0x08035ca0      0x450 ..\obj\ui_driver.o
 .text.UiDriverHandleSWRMeter
                0x080360f0      0x4b8 ..\obj\ui_driver.o
 .text.UiDriverHandlePowerSupply
                0x080365a8      0x378 ..\obj\ui_driver.o
 .text.UiDriverUpdateLoMeter
                0x08036920       0xfc ..\obj\ui_driver.o
 .text.UiDriverCreateTemperatureDisplay
                0x08036a1c      0x1b4 ..\obj\ui_driver.o
                0x08036a1c                UiDriverCreateTemperatureDisplay
 .text.UiDriverRefreshTemperatureDisplay
                0x08036bd0      0x30c ..\obj\ui_driver.o
 .text.UiDriverHandleLoTemperature
                0x08036edc      0x2f8 ..\obj\ui_driver.o
 .text.UiDriverSwitchOffPtt
                0x080371d4      0x140 ..\obj\ui_driver.o
 .text.UiDriverSetBandPowerFactor
                0x08037314      0x324 ..\obj\ui_driver.o
                0x08037314                UiDriverSetBandPowerFactor
 .text.UiLCDBlankTiming
                0x08037638       0x74 ..\obj\ui_driver.o
                0x08037638                UiLCDBlankTiming
 .text.UiCalcAGCDecay
                0x080376ac       0xf4 ..\obj\ui_driver.o
                0x080376ac                UiCalcAGCDecay
 .text.UiCalcALCDecay
                0x080377a0       0x78 ..\obj\ui_driver.o
                0x080377a0                UiCalcALCDecay
 .text.UiCalcRFGain
                0x08037818       0x98 ..\obj\ui_driver.o
                0x08037818                UiCalcRFGain
 .text.UiCalcAGCVals
                0x080378b0      0x158 ..\obj\ui_driver.o
                0x080378b0                UiCalcAGCVals
 .text.UiCWSidebandMode
                0x08037a08       0xac ..\obj\ui_driver.o
                0x08037a08                UiCWSidebandMode
 *fill*         0x08037ab4        0x4 00
 .text.UiCalcNB_AGC
                0x08037ab8       0xf8 ..\obj\ui_driver.o
                0x08037ab8                UiCalcNB_AGC
 .text.UiCalcRxIqGainAdj
                0x08037bb0      0x108 ..\obj\ui_driver.o
                0x08037bb0                UiCalcRxIqGainAdj
 .text.UiCalcTxIqGainAdj
                0x08037cb8       0xd8 ..\obj\ui_driver.o
                0x08037cb8                UiCalcTxIqGainAdj
 .text.UiCalcRxPhaseAdj
                0x08037d90      0x5d0 ..\obj\ui_driver.o
                0x08037d90                UiCalcRxPhaseAdj
 .text.UiCalcTxCompLevel
                0x08038360      0x30c ..\obj\ui_driver.o
                0x08038360                UiCalcTxCompLevel
 .text.UiCalcTxPhaseAdj
                0x0803866c      0x2c0 ..\obj\ui_driver.o
                0x0803866c                UiCalcTxPhaseAdj
 .text.UiDriverLoadFilterValue
                0x0803892c       0x70 ..\obj\ui_driver.o
                0x0803892c                UiDriverLoadFilterValue
 .text.UiDriverLoadEepromValues
                0x0803899c     0x1680 ..\obj\ui_driver.o
 .text.UiDriverSaveEepromValuesPowerDown
                0x0803a01c     0x17a8 ..\obj\ui_driver.o
                0x0803a01c                UiDriverSaveEepromValuesPowerDown
 .text.EE_InitA
                0x0803b7c4      0x340 ..\obj\eeprom.o
                0x0803b7c4                EE_InitA
 .text.EE_Init  0x0803bb04       0x24 ..\obj\eeprom.o
                0x0803bb04                EE_Init
 .text.EE_ReadVariable
                0x0803bb28       0xb8 ..\obj\eeprom.o
                0x0803bb28                EE_ReadVariable
 .text.EE_WriteVariable
                0x0803bbe0       0x50 ..\obj\eeprom.o
                0x0803bbe0                EE_WriteVariable
 .text.EE_Format
                0x0803bc30       0x60 ..\obj\eeprom.o
 .text.EE_FindValidPage
                0x0803bc90       0xa4 ..\obj\eeprom.o
 .text.EE_VerifyPageFullWriteVariable
                0x0803bd34       0xcc ..\obj\eeprom.o
 .text.EE_PageTransfer
                0x0803be00      0x174 ..\obj\eeprom.o
 .text.arm_fill_q15
                0x0803bf74       0xe4 ..\..\..\libs\libarm_cortexM4lf_math.a(arm_fill_q15.o)
                0x0803bf74                arm_fill_q15
 .text.arm_copy_f32
                0x0803c058      0x158 ..\..\..\libs\libarm_cortexM4lf_math.a(arm_copy_f32.o)
                0x0803c058                arm_copy_f32
 .text.arm_min_f32
                0x0803c1b0      0x15c ..\..\..\libs\libarm_cortexM4lf_math.a(arm_min_f32.o)
                0x0803c1b0                arm_min_f32
 .text.arm_mean_f32
                0x0803c30c      0x1c8 ..\..\..\libs\libarm_cortexM4lf_math.a(arm_mean_f32.o)
                0x0803c30c                arm_mean_f32
 .text.arm_max_q15
                0x0803c4d4       0xe4 ..\..\..\libs\libarm_cortexM4lf_math.a(arm_max_q15.o)
                0x0803c4d4                arm_max_q15
 .text.arm_max_f32
                0x0803c5b8      0x15c ..\..\..\libs\libarm_cortexM4lf_math.a(arm_max_f32.o)
                0x0803c5b8                arm_max_f32
 .text.arm_split_rfft_q15
                0x0803c714      0x1b4 ..\..\..\libs\libarm_cortexM4lf_math.a(arm_rfft_q15.o)
                0x0803c714                arm_split_rfft_q15
 .text.arm_rfft_q15
                0x0803c8c8      0x2cc ..\..\..\libs\libarm_cortexM4lf_math.a(arm_rfft_q15.o)
                0x0803c8c8                arm_rfft_q15
 .text.arm_rfft_init_q15
                0x0803cb94       0x78 ..\..\..\libs\libarm_cortexM4lf_math.a(arm_rfft_init_q15.o)
                0x0803cb94                arm_rfft_init_q15
 .text.arm_radix4_butterfly_q15
                0x0803cc0c      0x2fc ..\..\..\libs\libarm_cortexM4lf_math.a(arm_cfft_radix4_q15.o)
                0x0803cc0c                arm_radix4_butterfly_q15
 .text.arm_radix4_butterfly_inverse_q15
                0x0803cf08      0x2fc ..\..\..\libs\libarm_cortexM4lf_math.a(arm_cfft_radix4_q15.o)
                0x0803cf08                arm_radix4_butterfly_inverse_q15
 .text.arm_bitreversal_q15
                0x0803d204      0x118 ..\..\..\libs\libarm_cortexM4lf_math.a(arm_cfft_radix4_q15.o)
                0x0803d204                arm_bitreversal_q15
 .text.arm_cfft_radix4_init_q15
                0x0803d31c       0x7c ..\..\..\libs\libarm_cortexM4lf_math.a(arm_cfft_radix4_init_q15.o)
                0x0803d31c                arm_cfft_radix4_init_q15
 .text.arm_lms_norm_init_f32
                0x0803d398       0x38 ..\..\..\libs\libarm_cortexM4lf_math.a(arm_lms_norm_init_f32.o)
                0x0803d398                arm_lms_norm_init_f32
 .text.arm_lms_norm_f32
                0x0803d3d0      0x620 ..\..\..\libs\libarm_cortexM4lf_math.a(arm_lms_norm_f32.o)
                0x0803d3d0                arm_lms_norm_f32
 .text.arm_iir_lattice_f32
                0x0803d9f0      0x3e0 ..\..\..\libs\libarm_cortexM4lf_math.a(arm_iir_lattice_f32.o)
                0x0803d9f0                arm_iir_lattice_f32
 .text.arm_fir_interpolate_f32
                0x0803ddd0      0x44c ..\..\..\libs\libarm_cortexM4lf_math.a(arm_fir_interpolate_f32.o)
                0x0803ddd0                arm_fir_interpolate_f32
 .text.arm_fir_init_f32
                0x0803e21c       0x24 ..\..\..\libs\libarm_cortexM4lf_math.a(arm_fir_init_f32.o)
                0x0803e21c                arm_fir_init_f32
 .text.arm_fir_f32
                0x0803e240      0x498 ..\..\..\libs\libarm_cortexM4lf_math.a(arm_fir_f32.o)
                0x0803e240                arm_fir_f32
 .text.arm_fir_decimate_f32
                0x0803e6d8      0x3e0 ..\..\..\libs\libarm_cortexM4lf_math.a(arm_fir_decimate_f32.o)
                0x0803e6d8                arm_fir_decimate_f32
 .text.arm_cmplx_mag_q15
                0x0803eab8      0x178 ..\..\..\libs\libarm_cortexM4lf_math.a(arm_cmplx_mag_q15.o)
                0x0803eab8                arm_cmplx_mag_q15
 .text.arm_sqrt_q15
                0x0803ec30      0x3e4 ..\..\..\libs\libarm_cortexM4lf_math.a(arm_sqrt_q15.o)
                0x0803ec30                arm_sqrt_q15
 .text.arm_sin_f32
                0x0803f014       0xd0 ..\..\..\libs\libarm_cortexM4lf_math.a(arm_sin_f32.o)
                0x0803f014                arm_sin_f32
 .text.arm_cos_f32
                0x0803f0e4       0xd0 ..\..\..\libs\libarm_cortexM4lf_math.a(arm_cos_f32.o)
                0x0803f0e4                arm_cos_f32
 .text.arm_sub_f32
                0x0803f1b4      0x214 ..\..\..\libs\libarm_cortexM4lf_math.a(arm_sub_f32.o)
                0x0803f1b4                arm_sub_f32
 .text.arm_shift_q15
                0x0803f3c8      0x434 ..\..\..\libs\libarm_cortexM4lf_math.a(arm_shift_q15.o)
                0x0803f3c8                arm_shift_q15
 .text.arm_scale_f32
                0x0803f7fc      0x274 ..\..\..\libs\libarm_cortexM4lf_math.a(arm_scale_f32.o)
                0x0803f7fc                arm_scale_f32
 .text.arm_mult_f32
                0x0803fa70      0x214 ..\..\..\libs\libarm_cortexM4lf_math.a(arm_mult_f32.o)
                0x0803fa70                arm_mult_f32
 .text.arm_add_f32
                0x0803fc84      0x214 ..\..\..\libs\libarm_cortexM4lf_math.a(arm_add_f32.o)
                0x0803fc84                arm_add_f32
 .text.pow10    0x0803fe98       0x18 ..\..\..\libs\libm.a(lib_a-s_pow10.o)
                0x0803fe98                pow10
 .text.ceilf    0x0803feb0       0x94 ..\..\..\libs\libm.a(lib_a-sf_ceil.o)
                0x0803feb0                ceilf
 .text.floorf   0x0803ff44       0x9c ..\..\..\libs\libm.a(lib_a-sf_floor.o)
                0x0803ff44                floorf
 .text.truncf   0x0803ffe0       0x34 ..\..\..\libs\libm.a(lib_a-sf_trunc.o)
                0x0803ffe0                truncf
 .text.pow      0x08040014      0x370 ..\..\..\libs\libm.a(lib_a-w_pow.o)
                0x08040014                pow
 .text.sqrt     0x08040384       0xbc ..\..\..\libs\libm.a(lib_a-w_sqrt.o)
                0x08040384                sqrt
 .text.log10f   0x08040440       0xf8 ..\..\..\libs\libm.a(lib_a-wf_log10.o)
                0x08040440                log10f
 .text.powf     0x08040538      0x39c ..\..\..\libs\libm.a(lib_a-wf_pow.o)
                0x08040538                powf
 .text.sqrtf    0x080408d4       0xb4 ..\..\..\libs\libm.a(lib_a-wf_sqrt.o)
                0x080408d4                sqrtf
 .text.__ieee754_pow
                0x08040988      0xb90 ..\..\..\libs\libm.a(lib_a-e_pow.o)
                0x08040988                __ieee754_pow
 .text.__ieee754_sqrt
                0x08041518      0x1c4 ..\..\..\libs\libm.a(lib_a-e_sqrt.o)
                0x08041518                __ieee754_sqrt
 .text.__ieee754_log10f
                0x080416dc       0xbc ..\..\..\libs\libm.a(lib_a-ef_log10.o)
                0x080416dc                __ieee754_log10f
 .text.__ieee754_powf
                0x08041798      0x600 ..\..\..\libs\libm.a(lib_a-ef_pow.o)
                0x08041798                __ieee754_powf
 .text.__ieee754_sqrtf
                0x08041d98       0x9c ..\..\..\libs\libm.a(lib_a-ef_sqrt.o)
                0x08041d98                __ieee754_sqrtf
 .text.fabs     0x08041e34       0x14 ..\..\..\libs\libm.a(lib_a-s_fabs.o)
                0x08041e34                fabs
 .text.finite   0x08041e48       0x14 ..\..\..\libs\libm.a(lib_a-s_finite.o)
                0x08041e48                finite
 .text.__fpclassifyd
                0x08041e5c       0x70 ..\..\..\libs\libm.a(lib_a-s_fpclassify.o)
                0x08041e5c                __fpclassifyd
 .text.matherr  0x08041ecc        0x4 ..\..\..\libs\libm.a(lib_a-s_matherr.o)
                0x08041ecc                matherr
 .text.nan      0x08041ed0       0x10 ..\..\..\libs\libm.a(lib_a-s_nan.o)
                0x08041ed0                nan
 .text.rint     0x08041ee0      0x124 ..\..\..\libs\libm.a(lib_a-s_rint.o)
                0x08041ee0                rint
 *fill*         0x08042004        0x4 00
 .text.scalbn   0x08042008      0x120 ..\..\..\libs\libm.a(lib_a-s_scalbn.o)
                0x08042008                scalbn
 .text.fabsf    0x08042128       0x10 ..\..\..\libs\libm.a(lib_a-sf_fabs.o)
                0x08042128                fabsf
 .text.finitef  0x08042138       0x14 ..\..\..\libs\libm.a(lib_a-sf_finite.o)
                0x08042138                finitef
 .text.__fpclassifyf
                0x0804214c       0x5c ..\..\..\libs\libm.a(lib_a-sf_fpclassify.o)
                0x0804214c                __fpclassifyf
 .text.nanf     0x080421a8        0xc ..\..\..\libs\libm.a(lib_a-sf_nan.o)
                0x080421a8                nanf
 .text.scalbnf  0x080421b4       0xcc ..\..\..\libs\libm.a(lib_a-sf_scalbn.o)
                0x080421b4                scalbnf
 .text.__ieee754_logf
                0x08042280      0x204 ..\..\..\libs\libm.a(lib_a-ef_log.o)
                0x08042280                __ieee754_logf
 .text.copysign
                0x08042484       0x24 ..\..\..\libs\libm.a(lib_a-s_copysign.o)
                0x08042484                copysign
 .text.copysignf
                0x080424a8       0x18 ..\..\..\libs\libm.a(lib_a-sf_copysign.o)
                0x080424a8                copysignf
 .text          0x080424c0      0x370 c:/program files (x86)/gnu tools arm embedded/4.7 2014q2/bin/../lib/gcc/arm-none-eabi/4.7.4/armv7e-m/fpu\libgcc.a(_arm_addsubdf3.o)
                0x080424c0                __aeabi_drsub
                0x080424c8                __aeabi_dsub
                0x080424c8                __subdf3
                0x080424cc                __aeabi_dadd
                0x080424cc                __adddf3
                0x08042744                __floatunsidf
                0x08042744                __aeabi_ui2d
                0x08042764                __floatsidf
                0x08042764                __aeabi_i2d
                0x08042788                __aeabi_f2d
                0x08042788                __extendsfdf2
                0x080427c4                __floatundidf
                0x080427c4                __aeabi_ul2d
                0x080427d4                __floatdidf
                0x080427d4                __aeabi_l2d
 .text          0x08042830      0x424 c:/program files (x86)/gnu tools arm embedded/4.7 2014q2/bin/../lib/gcc/arm-none-eabi/4.7.4/armv7e-m/fpu\libgcc.a(_arm_muldivdf3.o)
                0x08042830                __aeabi_dmul
                0x08042830                __muldf3
                0x08042a84                __divdf3
                0x08042a84                __aeabi_ddiv
 .text          0x08042c54      0x110 c:/program files (x86)/gnu tools arm embedded/4.7 2014q2/bin/../lib/gcc/arm-none-eabi/4.7.4/armv7e-m/fpu\libgcc.a(_arm_cmpdf2.o)
                0x08042c54                __gtdf2
                0x08042c54                __gedf2
                0x08042c5c                __ltdf2
                0x08042c5c                __ledf2
                0x08042c64                __nedf2
                0x08042c64                __eqdf2
                0x08042c64                __cmpdf2
                0x08042ce0                __aeabi_cdrcmple
                0x08042cf0                __aeabi_cdcmpeq
                0x08042cf0                __aeabi_cdcmple
                0x08042d00                __aeabi_dcmpeq
                0x08042d14                __aeabi_dcmplt
                0x08042d28                __aeabi_dcmple
                0x08042d3c                __aeabi_dcmpge
                0x08042d50                __aeabi_dcmpgt
 .text          0x08042d64       0xa0 c:/program files (x86)/gnu tools arm embedded/4.7 2014q2/bin/../lib/gcc/arm-none-eabi/4.7.4/armv7e-m/fpu\libgcc.a(_arm_truncdfsf2.o)
                0x08042d64                __truncdfsf2
                0x08042d64                __aeabi_d2f
 .text.__register_exitproc
                0x08042e04       0xac ..\..\..\libs\libc.a(lib_a-__atexit.o)
                0x08042e04                __register_exitproc
 .text.__errno  0x08042eb0        0xc ..\..\..\libs\libc.a(lib_a-errno.o)
                0x08042eb0                __errno
 .text.__libc_fini_array
                0x08042ebc       0x2c ..\..\..\libs\libc.a(lib_a-fini.o)
                0x08042ebc                __libc_fini_array
 .text.memcmp   0x08042ee8       0x60 ..\..\..\libs\libc.a(lib_a-memcmp.o)
                0x08042ee8                memcmp
 .text.memset   0x08042f48       0x90 ..\..\..\libs\libc.a(lib_a-memset.o)
                0x08042f48                memset
 .text.strlen   0x08042fd8       0x60 ..\..\..\libs\libc.a(lib_a-strlen.o)
                0x08042fd8                strlen
 .text.startup.register_fini
                0x08043038       0x14 ..\..\..\libs\libc.a(lib_a-__call_atexit.o)
 .text.atexit   0x0804304c        0xc ..\..\..\libs\libc.a(lib_a-atexit.o)
                0x0804304c                atexit
 *(.init)
 .init          0x08043058        0x4 c:/program files (x86)/gnu tools arm embedded/4.7 2014q2/bin/../lib/gcc/arm-none-eabi/4.7.4/armv7e-m/fpu/crti.o
                0x08043058                _init
 .init          0x0804305c        0x8 c:/program files (x86)/gnu tools arm embedded/4.7 2014q2/bin/../lib/gcc/arm-none-eabi/4.7.4/armv7e-m/fpu/crtn.o
 *(.fini)
 .fini          0x08043064        0x4 c:/program files (x86)/gnu tools arm embedded/4.7 2014q2/bin/../lib/gcc/arm-none-eabi/4.7.4/armv7e-m/fpu/crti.o
                0x08043064                _fini
 .fini          0x08043068        0x8 c:/program files (x86)/gnu tools arm embedded/4.7 2014q2/bin/../lib/gcc/arm-none-eabi/4.7.4/armv7e-m/fpu/crtn.o
 *crtbegin.o(.ctors)
 *crtbegin?.o(.ctors)
 *(EXCLUDE_FILE(*crtend.o *crtend?.o) .ctors)
 *(SORT(.ctors.*))
 *(.ctors)
 *crtbegin.o(.dtors)
 *crtbegin?.o(.dtors)
 *(EXCLUDE_FILE(*crtend.o *crtend?.o) .dtors)
 *(SORT(.dtors.*))
 *(.dtors)
 *(.rodata*)
 .rodata        0x08043070      0x2bc ..\obj\main.o
                0x08043070                VirtAddVarTab
 .rodata        0x0804332c       0x10 ..\obj\stm32f4xx_rcc.o
                0x0804332c                APBAHBPrescTable
 .rodata        0x0804333c      0x16c ..\obj\ui_lcd_hy28.o
 .rodata        0x080434a8       0x24 ..\obj\printf.o
 .rodata        0x080434cc       0x98 ..\obj\usbd_desc.o
 .rodata        0x08043564     0x3ef8 ..\obj\ui_lcd_hy28_fonts.o
                0x08043564                GL_ASCII16x24_Table
                0x08044734                GL_ASCII12x12_Table
                0x08045034                GL_ASCII8x12_Table
                0x08045934                GL_ASCII8x12_bold_Table
                0x08046e34                GL_ASCII8x8_Table
                0x08047434                GL_Font16x24
                0x0804743c                GL_Font12x12
                0x08047444                GL_Font8x12
                0x0804744c                GL_Font8x12_bold
                0x08047454                GL_Font8x8
 .rodata        0x0804745c        0xc ..\obj\usbd_cdc_vcp.o
 .rodata        0x08047468      0xc88 ..\obj\audio_driver.o
                0x08047468                Fir10k
                0x08047528                Fir3p6k
                0x080475e8                Fir2p3k
                0x080476a8                Fir1p8k
                0x08047768                IIR_300hz_numStages
                0x0804776c                IIR_300hz_750_pkCoeffs
                0x08047794                IIR_300hz_750_pvCoeffs
                0x080477c0                IIR_300hz_800_pkCoeffs
                0x080477e8                IIR_300hz_800_pvCoeffs
                0x08047814                IIR_300hz_850_pkCoeffs
                0x0804783c                IIR_300hz_850_pvCoeffs
                0x08047868                IIR_300hz_900_pkCoeffs
                0x08047890                IIR_300hz_900_pvCoeffs
                0x080478bc                IIR_300hz_950_pkCoeffs
                0x080478e4                IIR_300hz_950_pvCoeffs
                0x08047910                IIR_300hz_700_pkCoeffs
                0x08047938                IIR_300hz_700_pvCoeffs
                0x08047964                IIR_300hz_650_pkCoeffs
                0x0804798c                IIR_300hz_650_pvCoeffs
                0x080479b8                IIR_300hz_600_pkCoeffs
                0x080479e0                IIR_300hz_600_pvCoeffs
                0x08047a0c                IIR_300hz_550_pkCoeffs
                0x08047a34                IIR_300hz_550_pvCoeffs
                0x08047a60                IIR_300hz_500_pkCoeffs
                0x08047a88                IIR_300hz_500_pvCoeffs
                0x08047ab4                IIR_500hz_numStages
                0x08047ab8                IIR_500hz_750_pkCoeffs
                0x08047ae0                IIR_500hz_750_pvCoeffs
                0x08047b0c                IIR_500hz_850_pkCoeffs
                0x08047b34                IIR_500hz_850_pvCoeffs
                0x08047b60                IIR_500hz_950_pkCoeffs
                0x08047b88                IIR_500hz_950_pvCoeffs
                0x08047bb4                IIR_500hz_650_pkCoeffs
                0x08047bdc                IIR_500hz_650_pvCoeffs
                0x08047c08                IIR_500hz_550_pkCoeffs
                0x08047c30                IIR_500hz_550_pvCoeffs
                0x08047c5c                IIR_1k8_numStages
                0x08047c60                IIR_1k8_1k425_pkCoeffs
                0x08047c88                IIR_1k8_1k425_pvCoeffs
                0x08047cb4                IIR_1k8_1k275_pkCoeffs
                0x08047cdc                IIR_1k8_1k275_pvCoeffs
                0x08047d08                IIR_1k8_1k125_pkCoeffs
                0x08047d30                IIR_1k8_1k125_pvCoeffs
                0x08047d5c                IIR_1k8_1k575_pkCoeffs
                0x08047d84                IIR_1k8_1k575_pvCoeffs
                0x08047db0                IIR_1k8_1k725_pkCoeffs
                0x08047dd8                IIR_1k8_1k725_pvCoeffs
                0x08047e04                IIR_2k3_numStages
                0x08047e08                IIR_2k3_1k412_pkCoeffs
                0x08047e30                IIR_2k3_1k412_pvCoeffs
                0x08047e5c                IIR_2k3_1k275_pkCoeffs
                0x08047e84                IIR_2k3_1k275_pvCoeffs
                0x08047eb0                IIR_2k3_1k562_pkCoeffs
                0x08047ed8                IIR_2k3_1k562_pvCoeffs
                0x08047f04                IIR_2k3_1k712_pkCoeffs
                0x08047f2c                IIR_2k3_1k712_pvCoeffs
                0x08047f58                IIR_3k6_numStages
                0x08047f5c                IIR_3k6_pkCoeffs
                0x08047f84                IIR_3k6_pvCoeffs
                0x08047fb0                IIR_10k_numStages
                0x08047fb4                IIR_10k_pkCoeffs
                0x08047fd4                IIR_10k_pvCoeffs
                0x08047ff8                IIR_TX_2k7_numStages
                0x08047ffc                IIR_TX_2k7_pkCoeffs
                0x08048024                IIR_TX_2k7_pvCoeffs
                0x08048050                FirRxDecimate
                0x08048060                FirRxDecimateMinLPF
                0x08048070                FirRxInterpolate
                0x080480b0                FirRxInterpolate10KHZ
 .rodata        0x080480f0      0xa94 ..\obj\ui_menu.o
 .rodata        0x08048b84       0x14 ..\obj\ui_si570.o
                0x08048b84                hs_div
                0x08048b8c                fout0
                0x08048b90                fdco_max
                0x08048b94                fdco_min
 .rodata        0x08048b98       0x30 ..\obj\cat_driver.o
 .rodata        0x08048bc8      0x800 ..\obj\softdds.o
                0x08048bc8                DDS_TABLE
 .rodata        0x080493c8       0x80 ..\obj\cw_gen.o
                0x080493c8                sm_table
 .rodata        0x08049448       0xa8 ..\obj\mchf_board.o
 .rodata        0x080494f0     0x1940 ..\obj\ui_driver.o
                0x080494f0                q_rx_10k_coeffs
                0x08049654                q_rx_10k_coeffs_minus
                0x080497b8                q_rx_10k_coeffs_plus
                0x0804991c                i_rx_10k_coeffs
                0x08049a80                q_rx_3k6_coeffs
                0x08049be4                q_rx_3k6_coeffs_minus
                0x08049d48                q_rx_3k6_coeffs_plus
                0x08049eac                i_rx_3k6_coeffs
                0x0804a010                q_tx_coeffs
                0x0804a174                q_tx_coeffs_minus
                0x0804a2d8                q_tx_coeffs_plus
                0x0804a43c                i_tx_coeffs
                0x0804a5a0                iq_rx_am_10k_coeffs
                0x0804a704                iq_rx_am_3k6_coeffs
                0x0804a868                iq_rx_am_2k3_coeffs
                0x0804a9cc                tune_steps
                0x0804a9e4                tune_bands
                0x0804aa08                size_bands
                0x0804aa2c                bm
                0x0804aaac                S_Meter_Cal
 .rodata        0x0804ae30     0x2000 ..\..\..\libs\libarm_cortexM4lf_math.a(arm_rfft_init_q15.o)
 .rodata        0x0804ce30     0x1000 ..\..\..\libs\libarm_cortexM4lf_math.a(arm_cfft_radix4_init_q15.o)
 .rodata        0x0804de30      0x40c ..\..\..\libs\libarm_cortexM4lf_math.a(arm_sin_f32.o)
 .rodata        0x0804e23c      0x40c ..\..\..\libs\libarm_cortexM4lf_math.a(arm_cos_f32.o)
 .rodata        0x0804e648      0x380 ..\..\..\libs\libarm_cortexM4lf_math.a(arm_common_tables.o)
                0x0804e648                armRecipTableQ31
                0x0804e748                armRecipTableQ15
                0x0804e7c8                armBitRevTable
 .rodata.str1.4
                0x0804e9c8        0x4 ..\..\..\libs\libm.a(lib_a-w_pow.o)
 .rodata.str1.4
                0x0804e9cc        0x5 ..\..\..\libs\libm.a(lib_a-w_sqrt.o)
                                  0x8 (size before relaxing)
 *fill*         0x0804e9d1        0x3 00
 .rodata.str1.4
                0x0804e9d4        0x7 ..\..\..\libs\libm.a(lib_a-wf_log10.o)
                                  0xc (size before relaxing)
 *fill*         0x0804e9db        0x1 00
 .rodata.str1.4
                0x0804e9dc        0x5 ..\..\..\libs\libm.a(lib_a-wf_pow.o)
                                  0x8 (size before relaxing)
 *fill*         0x0804e9e1        0x3 00
 .rodata.str1.4
                0x0804e9e4        0x6 ..\..\..\libs\libm.a(lib_a-wf_sqrt.o)
                                  0x8 (size before relaxing)
 *fill*         0x0804e9ea        0x6 00
 .rodata.dp_h   0x0804e9f0       0x10 ..\..\..\libs\libm.a(lib_a-e_pow.o)
 .rodata.dp_l   0x0804ea00       0x10 ..\..\..\libs\libm.a(lib_a-e_pow.o)
 .rodata.bp     0x0804ea10       0x10 ..\..\..\libs\libm.a(lib_a-e_pow.o)
 .rodata.str1.4
                0x00000000        0x4 ..\..\..\libs\libm.a(lib_a-e_pow.o)
 .rodata.dp_h   0x0804ea20        0x8 ..\..\..\libs\libm.a(lib_a-ef_pow.o)
 .rodata.dp_l   0x0804ea28        0x8 ..\..\..\libs\libm.a(lib_a-ef_pow.o)
 .rodata.bp     0x0804ea30        0x8 ..\..\..\libs\libm.a(lib_a-ef_pow.o)
 .rodata.str1.4
                0x00000000        0x4 ..\..\..\libs\libm.a(lib_a-ef_pow.o)
 .rodata.TWO52  0x0804ea38       0x10 ..\..\..\libs\libm.a(lib_a-s_rint.o)
 .rodata.str1.4
                0x0804ea48        0x4 ..\..\..\libs\libc.a(lib_a-impure.o)
 .rodata._global_impure_ptr
                0x0804ea4c        0x4 ..\..\..\libs\libc.a(lib_a-impure.o)
                0x0804ea4c                _global_impure_ptr
 *(.eh_fram e*)

.eh_frame       0x0804ea50        0x0
 .eh_frame      0x0804ea50        0x0 c:/program files (x86)/gnu tools arm embedded/4.7 2014q2/bin/../lib/gcc/arm-none-eabi/4.7.4/armv7e-m/fpu/crtbegin.o

.glue_7         0x0804ea50        0x0
 .glue_7        0x00000000        0x0 linker stubs

.glue_7t        0x0804ea50        0x0
 .glue_7t       0x00000000        0x0 linker stubs

.vfp11_veneer   0x0804ea50        0x0
 .vfp11_veneer  0x00000000        0x0 linker stubs

.v4_bx          0x0804ea50        0x0
 .v4_bx         0x00000000        0x0 linker stubs

.iplt           0x0804ea50        0x0
 .iplt          0x00000000        0x0 c:/program files (x86)/gnu tools arm embedded/4.7 2014q2/bin/../lib/gcc/arm-none-eabi/4.7.4/armv7e-m/fpu/crtbegin.o

.rel.dyn        0x0804ea50        0x0
 .rel.iplt      0x00000000        0x0 c:/program files (x86)/gnu tools arm embedded/4.7 2014q2/bin/../lib/gcc/arm-none-eabi/4.7.4/armv7e-m/fpu/crtbegin.o

.ARM.extab
 *(.ARM.extab* .gnu.linkonce.armextab.*)
                0x0804ea50                __exidx_start = .

.ARM.exidx
 *(.ARM.exidx* .gnu.linkonce.armexidx.*)
                0x0804ea50                __exidx_end = .
                0x0804ea50                __etext = .
                0x0804ea50                _sidata = __etext

.data           0x20000000      0x654 load address 0x0804ea50
                0x20000000                __data_start__ = .
                0x20000000                _sdata = __data_start__
 *(vtable)
 *(.data*)
 .data          0x20000000       0x1c ..\obj\usbd_usr.o
                0x20000000                USR_cb
 .data          0x2000001c        0x4 ..\obj\mchf_hw_i2c.o
                0x2000001c                I2C1_Timeout
 .data          0x20000020       0x30 ..\obj\usbd_core.o
                0x20000020                USBD_DCD_INT_cb
                0x2000004c                USBD_DCD_INT_fops
 .data          0x20000050       0x40 ..\obj\usbd_desc.o
                0x20000050                USR_desc
                0x2000006c                USBD_DeviceDesc
                0x20000080                USBD_DeviceQualifierDesc
                0x2000008c                USBD_LangIDDesc
 .data          0x20000090       0x1c ..\obj\usbd_cdc_vcp.o
                0x20000090                linecoding
                0x20000098                VCP_fops
 .data          0x200000ac        0x1 ..\obj\audio_driver.o
 *fill*         0x200000ad        0x3 00
 .data          0x200000b0       0x14 ..\obj\ui_menu.o
 .data          0x200000c4       0x74 ..\obj\usbd_cdc_core.o
                0x200000c4                usbd_cdc_CfgDesc
                0x2000010c                USBD_CDC_cb
 .data          0x20000138        0x4 ..\obj\mchf_hw_i2c2.o
                0x20000138                I2C2_Timeout
 .data          0x2000013c       0xd8 ..\obj\ui_driver.o
                0x2000013c                tcxo_table_20m
 .data.__fdlib_version
                0x20000214        0x1 ..\..\..\libs\libm.a(lib_a-s_lib_ver.o)
                0x20000214                __fdlib_version
 *fill*         0x20000215        0x3 00
 .data.impure_data
                0x20000218      0x428 ..\..\..\libs\libc.a(lib_a-impure.o)
 .data._impure_ptr
                0x20000640        0x4 ..\..\..\libs\libc.a(lib_a-impure.o)
                0x20000640                _impure_ptr
                0x20000644                . = ALIGN (0x4)
                0x20000644                PROVIDE (__preinit_array_start, .)
 *(.preinit_array)
                0x20000644                PROVIDE (__preinit_array_end, .)
                0x20000644                . = ALIGN (0x4)
                0x20000644                PROVIDE (__init_array_start, .)
 *(SORT(.init_array.*))
 .init_array.00000
                0x20000644        0x4 ..\..\..\libs\libc.a(lib_a-__call_atexit.o)
 *(.init_array)
 .init_array    0x20000648        0x4 c:/program files (x86)/gnu tools arm embedded/4.7 2014q2/bin/../lib/gcc/arm-none-eabi/4.7.4/armv7e-m/fpu/crtbegin.o
                0x2000064c                PROVIDE (__init_array_end, .)
                0x2000064c                . = ALIGN (0x4)
                0x2000064c                PROVIDE (__fini_array_start, .)
 *(SORT(.fini_array.*))
 *(.fini_array)
 .fini_array    0x2000064c        0x4 c:/program files (x86)/gnu tools arm embedded/4.7 2014q2/bin/../lib/gcc/arm-none-eabi/4.7.4/armv7e-m/fpu/crtbegin.o
                0x20000650                PROVIDE (__fini_array_end, .)
 *(.jcr*)
 .jcr           0x20000650        0x0 c:/program files (x86)/gnu tools arm embedded/4.7 2014q2/bin/../lib/gcc/arm-none-eabi/4.7.4/armv7e-m/fpu/crtbegin.o
 .jcr           0x20000650        0x4 c:/program files (x86)/gnu tools arm embedded/4.7 2014q2/bin/../lib/gcc/arm-none-eabi/4.7.4/armv7e-m/fpu/crtend.o
                0x20000654                . = ALIGN (0x4)
                0x20000654                __data_end__ = .
                0x20000654                _edata = __data_end__

.igot.plt       0x20000654        0x0 load address 0x0804f0a4
 .igot.plt      0x00000000        0x0 c:/program files (x86)/gnu tools arm embedded/4.7 2014q2/bin/../lib/gcc/arm-none-eabi/4.7.4/armv7e-m/fpu/crtbegin.o

.bss            0x20000658     0xdbe8 load address 0x0804f0a8
                0x20000658                . = ALIGN (0x4)
                0x20000658                __bss_start__ = .
                0x20000658                _sbss = __bss_start__
 *(.bss*)
 .bss           0x20000658       0x1c c:/program files (x86)/gnu tools arm embedded/4.7 2014q2/bin/../lib/gcc/arm-none-eabi/4.7.4/armv7e-m/fpu/crtbegin.o
 .bss           0x20000674        0x4 ..\obj\usbh_bsp.o
                0x20000674                BSP_delay
 .bss           0x20000678       0x90 ..\obj\i2s.o
 .bss           0x20000708      0x188 ..\obj\audio_driver.o
 .bss           0x20000890       0x10 ..\obj\usbd_req.o
                0x20000890                USBD_ep_status
                0x20000894                USBD_default_cfg
                0x20000898                USBD_cfg_status
 .bss           0x200008a0       0x1c ..\obj\usbd_cdc_core.o
                0x200008a4                APP_Rx_ptr_in
                0x200008a8                APP_Rx_ptr_out
                0x200008ac                APP_Rx_length
                0x200008b0                USB_Tx_State
 .bss           0x200008bc      0x844 ..\obj\ui_driver.o
                0x200008bc                unmute_delay
                0x200008c0                drv_state
                0x200008c1                drv_init
                0x200010c4                ptt_break
 .bss           0x20001100        0x2 ..\obj\eeprom.o
                0x20001100                DataVar
 *(COMMON)
 *fill*         0x20001102        0x2 00
 COMMON         0x20001104        0x4 ..\obj\usbd_core.o
                0x20001104                SET_TEST_MODE
 COMMON         0x20001108      0x140 ..\obj\main.o
                0x20001108                ts
 COMMON         0x20001248     0xb248 ..\obj\audio_driver.o
                0x20001248                test_a
                0x20003958                test_d
                0x20004128                lms1StateF32
                0x20004428                lms2StateF32
                0x20004728                lms1_instance
                0x20004738                errsig2
                0x2000483c                lms2_nr_delay
                0x2000587c                rx_buffer
                0x20005980                interpState
                0x20005a40                tx_buffer
                0x20005b44                errsig1
                0x20005c48                FIR_Q
                0x20005c54                iir_tx_state
                0x20005d14                lms1NormCoeff_f32
                0x20006014                lms2NormCoeff_f32
                0x20006314                test_b
                0x20008a24                FIR_Q_TX
                0x20008a30                sd
                0x20009890                result
                0x20009994                agc_delay
                0x20009ed4                lms1Norm_instance
                0x20009eec                FIR_I_TX
                0x20009ef8                FIR_I
                0x20009f04                decimState
                0x20009fc4                sm
                0x20009fd8                IIR_TXFilter
                0x20009fe8                lms1_nr_delay
                0x2000a828                test_e
                0x2000aff8                lms2Norm_instance
                0x2000b010                ads
                0x2000bcb0                lms2_instance
                0x2000bcc0                test_c
 COMMON         0x2000c490       0xff ..\obj\usbd_req.o
                0x2000c490                USBD_StrDesc
 *fill*         0x2000c58f        0x1 00
 COMMON         0x2000c590       0xb0 ..\obj\ui_menu.o
                0x2000c590                ks
                0x2000c5b4                pwmt
                0x2000c5c4                df
                0x2000c600                lo
                0x2000c610                ets
                0x2000c61c                swrm
                0x2000c628                ews
                0x2000c634                eos
 COMMON         0x2000c640      0x88c ..\obj\usbd_cdc_core.o
                0x2000c640                usbd_cdc_OtherCfgDesc
                0x2000c684                USB_Rx_Buffer
                0x2000c6c4                CmdBuff
                0x2000c6cc                APP_Rx_Buffer
 *fill*         0x2000cecc        0x4 00
 COMMON         0x2000ced0       0x20 ..\obj\ui_si570.o
                0x2000ced0                os
 COMMON         0x2000cef0      0xa94 ..\obj\cat_driver.o
                0x2000cef0                USB_OTG_dev
 COMMON         0x2000d984        0x4 ..\obj\softdds.o
                0x2000d984                step
 COMMON         0x2000d988       0x18 ..\obj\cw_gen.o
                0x2000d988                ps
 COMMON         0x2000d9a0      0x820 ..\obj\mchf_board.o
                0x2000d9a0                fc
 COMMON         0x2000e1c0       0x80 ..\obj\ui_driver.o
                0x2000e1c0                band_decod_mode
                0x2000e1e8                kd
                0x2000e1ec                band_filter_mode
                0x2000e214                band_dial_value
                0x2000e23c                es
                0x2000e240                . = ALIGN (0x4)
                0x2000e240                __bss_end__ = .
                0x2000e240                _ebss = __bss_end__

.heap           0x2000e240        0x0
                0x2000e240                __end__ = .
                0x2000e240                _end = __end__
                0x2000e240                end = __end__
 *(.heap*)